<?xml version="1.0" encoding="ISO-8859-1" ?>
<link_info>
   <banner>TMS320C2000 Linker PC v18.12.2.LTS</banner>
   <copyright>Copyright (c) 1996-2018 Texas Instruments Incorporated</copyright>
   <link_time>0x5dbad7f6</link_time>
   <link_errors>0x0</link_errors>
   <output_file>MRP_MLC28335_ePWM_CompareValue_ADC.out</output_file>
   <entry_point>
      <name>_c_int00</name>
      <address>0x9ed1</address>
   </entry_point>
   <input_file_list>
      <input_file id="fl-2">
         <path>.\src\</path>
         <kind>object</kind>
         <file>03_isr.obj</file>
         <name>03_isr.obj</name>
      </input_file>
      <input_file id="fl-3">
         <path>.\src\</path>
         <kind>object</kind>
         <file>adc_config.obj</file>
         <name>adc_config.obj</name>
      </input_file>
      <input_file id="fl-4">
         <path>.\src\</path>
         <kind>object</kind>
         <file>main.obj</file>
         <name>main.obj</name>
      </input_file>
      <input_file id="fl-5">
         <path>.\src\</path>
         <kind>object</kind>
         <file>modulator.obj</file>
         <name>modulator.obj</name>
      </input_file>
      <input_file id="fl-f">
         <kind>object</kind>
         <file>&lt;internal&gt;</file>
         <name>&lt;internal&gt;</name>
      </input_file>
      <input_file id="fl-10">
         <path>..\lib\</path>
         <kind>archive</kind>
         <file>rts2800_fpu32_fast_supplement.lib</file>
         <name>div_f32.obj</name>
      </input_file>
      <input_file id="fl-11">
         <path>C:\Users\nicco\TexasInstWorkspace\MLC_interface_lib\Debug\</path>
         <kind>archive</kind>
         <file>MLC_interface_lib.lib</file>
         <name>MLC_drv.obj</name>
      </input_file>
      <input_file id="fl-12">
         <path>C:\Users\nicco\TexasInstWorkspace\MLC_interface_lib\Debug\</path>
         <kind>archive</kind>
         <file>MLC_interface_lib.lib</file>
         <name>DSP2833x_CpuTimers.obj</name>
      </input_file>
      <input_file id="fl-13">
         <path>C:\Users\nicco\TexasInstWorkspace\MLC_interface_lib\Debug\</path>
         <kind>archive</kind>
         <file>MLC_interface_lib.lib</file>
         <name>DSP2833x_GlobalVariableDefs.obj</name>
      </input_file>
      <input_file id="fl-14">
         <path>C:\Users\nicco\TexasInstWorkspace\MLC_interface_lib\Debug\</path>
         <kind>archive</kind>
         <file>MLC_interface_lib.lib</file>
         <name>DSP2833x_PieCtrl.obj</name>
      </input_file>
      <input_file id="fl-15">
         <path>C:\Users\nicco\TexasInstWorkspace\MLC_interface_lib\Debug\</path>
         <kind>archive</kind>
         <file>MLC_interface_lib.lib</file>
         <name>DSP2833x_PieVect.obj</name>
      </input_file>
      <input_file id="fl-16">
         <path>C:\Users\nicco\TexasInstWorkspace\MLC_interface_lib\Debug\</path>
         <kind>archive</kind>
         <file>MLC_interface_lib.lib</file>
         <name>DSP2833x_SysCtrl.obj</name>
      </input_file>
      <input_file id="fl-17">
         <path>C:\Users\nicco\TexasInstWorkspace\MLC_interface_lib\Debug\</path>
         <kind>archive</kind>
         <file>MLC_interface_lib.lib</file>
         <name>DSP2833x_usDelay.obj</name>
      </input_file>
      <input_file id="fl-18">
         <path>C:\Users\nicco\TexasInstWorkspace\MLC_interface_lib\Debug\</path>
         <kind>archive</kind>
         <file>MLC_interface_lib.lib</file>
         <name>DSP2833x_ADC_cal.obj</name>
      </input_file>
      <input_file id="fl-19">
         <path>C:\Users\nicco\TexasInstWorkspace\MLC_interface_lib\Debug\</path>
         <kind>archive</kind>
         <file>MLC_interface_lib.lib</file>
         <name>DSP2833x_DefaultIsr.obj</name>
      </input_file>
      <input_file id="fl-25">
         <path>C:\ti\ccs910\ccs\tools\compiler\ti-cgt-c2000_18.12.2.LTS\lib\</path>
         <kind>archive</kind>
         <file>rts2800_fpu32.lib</file>
         <name>boot28.asm.obj</name>
      </input_file>
      <input_file id="fl-26">
         <path>C:\ti\ccs910\ccs\tools\compiler\ti-cgt-c2000_18.12.2.LTS\lib\</path>
         <kind>archive</kind>
         <file>rts2800_fpu32.lib</file>
         <name>cpy_tbl.c.obj</name>
      </input_file>
      <input_file id="fl-27">
         <path>C:\ti\ccs910\ccs\tools\compiler\ti-cgt-c2000_18.12.2.LTS\lib\</path>
         <kind>archive</kind>
         <file>rts2800_fpu32.lib</file>
         <name>memcpy.c.obj</name>
      </input_file>
      <input_file id="fl-28">
         <path>C:\ti\ccs910\ccs\tools\compiler\ti-cgt-c2000_18.12.2.LTS\lib\</path>
         <kind>archive</kind>
         <file>rts2800_fpu32.lib</file>
         <name>pre_init.c.obj</name>
      </input_file>
      <input_file id="fl-29">
         <path>C:\ti\ccs910\ccs\tools\compiler\ti-cgt-c2000_18.12.2.LTS\lib\</path>
         <kind>archive</kind>
         <file>rts2800_fpu32.lib</file>
         <name>startup.c.obj</name>
      </input_file>
      <input_file id="fl-2a">
         <path>C:\ti\ccs910\ccs\tools\compiler\ti-cgt-c2000_18.12.2.LTS\lib\</path>
         <kind>archive</kind>
         <file>rts2800_fpu32.lib</file>
         <name>exit.c.obj</name>
      </input_file>
      <input_file id="fl-2b">
         <path>C:\ti\ccs910\ccs\tools\compiler\ti-cgt-c2000_18.12.2.LTS\lib\</path>
         <kind>archive</kind>
         <file>rts2800_fpu32.lib</file>
         <name>_lock.c.obj</name>
      </input_file>
      <input_file id="fl-2c">
         <path>C:\ti\ccs910\ccs\tools\compiler\ti-cgt-c2000_18.12.2.LTS\lib\</path>
         <kind>archive</kind>
         <file>rts2800_fpu32.lib</file>
         <name>args_main.c.obj</name>
      </input_file>
   </input_file_list>
   <object_component_list>
      <object_component id="oc-c4">
         <name>ramfuncs</name>
         <load_address>0x8072</load_address>
         <run_address>0x8072</run_address>
         <size>0x4</size>
         <input_file_ref idref="fl-17"/>
      </object_component>
      <object_component id="oc-10b">
         <name>.text</name>
         <load_address>0x9000</load_address>
         <run_address>0x9000</run_address>
         <size>0x936</size>
         <input_file_ref idref="fl-11"/>
      </object_component>
      <object_component id="oc-cf">
         <name>.text:retain</name>
         <load_address>0x9936</load_address>
         <run_address>0x9936</run_address>
         <size>0x318</size>
         <input_file_ref idref="fl-19"/>
      </object_component>
      <object_component id="oc-10a">
         <name>.text</name>
         <load_address>0x9c4e</load_address>
         <run_address>0x9c4e</run_address>
         <size>0xf8</size>
         <input_file_ref idref="fl-16"/>
      </object_component>
      <object_component id="oc-10f">
         <name>.text</name>
         <load_address>0x9d46</load_address>
         <run_address>0x9d46</run_address>
         <size>0x9f</size>
         <input_file_ref idref="fl-5"/>
      </object_component>
      <object_component id="oc-107">
         <name>.text</name>
         <load_address>0x9de5</load_address>
         <run_address>0x9de5</run_address>
         <size>0x7d</size>
         <input_file_ref idref="fl-4"/>
      </object_component>
      <object_component id="oc-67">
         <name>.text:retain</name>
         <load_address>0x9e62</load_address>
         <run_address>0x9e62</run_address>
         <size>0x6f</size>
         <input_file_ref idref="fl-5"/>
      </object_component>
      <object_component id="oc-52">
         <name>.text</name>
         <load_address>0x9ed1</load_address>
         <run_address>0x9ed1</run_address>
         <size>0x56</size>
         <input_file_ref idref="fl-25"/>
      </object_component>
      <object_component id="oc-54">
         <name>.text:retain</name>
         <load_address>0x9f27</load_address>
         <run_address>0x9f27</run_address>
         <size>0x34</size>
         <input_file_ref idref="fl-2"/>
      </object_component>
      <object_component id="oc-10e">
         <name>.text</name>
         <load_address>0x9f5b</load_address>
         <run_address>0x9f5b</run_address>
         <size>0x30</size>
         <input_file_ref idref="fl-3"/>
      </object_component>
      <object_component id="oc-103">
         <name>.text</name>
         <load_address>0x9f8b</load_address>
         <run_address>0x9f8b</run_address>
         <size>0x29</size>
         <input_file_ref idref="fl-2a"/>
      </object_component>
      <object_component id="oc-10c">
         <name>.text</name>
         <load_address>0x9fb4</load_address>
         <run_address>0x9fb4</run_address>
         <size>0x28</size>
         <input_file_ref idref="fl-14"/>
      </object_component>
      <object_component id="oc-100">
         <name>.text</name>
         <load_address>0x9fdc</load_address>
         <run_address>0x9fdc</run_address>
         <size>0x24</size>
         <input_file_ref idref="fl-26"/>
      </object_component>
      <object_component id="oc-75">
         <name>.text:retain</name>
         <load_address>0xa000</load_address>
         <run_address>0xa000</run_address>
         <size>0x22</size>
         <input_file_ref idref="fl-11"/>
      </object_component>
      <object_component id="oc-5b">
         <name>.text:retain</name>
         <load_address>0xa022</load_address>
         <run_address>0xa022</run_address>
         <size>0x22</size>
         <input_file_ref idref="fl-3"/>
      </object_component>
      <object_component id="oc-10d">
         <name>.text</name>
         <load_address>0xa044</load_address>
         <run_address>0xa044</run_address>
         <size>0x20</size>
         <input_file_ref idref="fl-15"/>
      </object_component>
      <object_component id="oc-106">
         <name>.text</name>
         <load_address>0xa064</load_address>
         <run_address>0xa064</run_address>
         <size>0x1d</size>
         <input_file_ref idref="fl-27"/>
      </object_component>
      <object_component id="oc-102">
         <name>.text</name>
         <load_address>0xa081</load_address>
         <run_address>0xa081</run_address>
         <size>0x19</size>
         <input_file_ref idref="fl-2c"/>
      </object_component>
      <object_component id="oc-6c">
         <name>.text</name>
         <load_address>0xa09a</load_address>
         <run_address>0xa09a</run_address>
         <size>0x19</size>
         <input_file_ref idref="fl-10"/>
      </object_component>
      <object_component id="oc-110">
         <name>.text</name>
         <load_address>0xa0b3</load_address>
         <run_address>0xa0b3</run_address>
         <size>0x9</size>
         <input_file_ref idref="fl-2b"/>
      </object_component>
      <object_component id="oc-ff">
         <name>.text</name>
         <load_address>0xa0bc</load_address>
         <run_address>0xa0bc</run_address>
         <size>0x2</size>
         <input_file_ref idref="fl-28"/>
      </object_component>
      <object_component id="oc-101">
         <name>.text</name>
         <load_address>0xa0be</load_address>
         <run_address>0xa0be</run_address>
         <size>0x1</size>
         <input_file_ref idref="fl-29"/>
      </object_component>
      <object_component id="oc-71">
         <name>.cinit</name>
         <load_address>0x8000</load_address>
         <run_address>0x8000</run_address>
         <size>0x54</size>
         <input_file_ref idref="fl-11"/>
      </object_component>
      <object_component id="oc-ef">
         <name>.cinit</name>
         <load_address>0x8054</load_address>
         <run_address>0x8054</run_address>
         <size>0xe</size>
         <input_file_ref idref="fl-2a"/>
      </object_component>
      <object_component id="oc-109">
         <name>.cinit:__lock</name>
         <load_address>0x8062</load_address>
         <run_address>0x8062</run_address>
         <size>0x5</size>
         <input_file_ref idref="fl-2b"/>
      </object_component>
      <object_component id="oc-111">
         <name>.cinit:__unlock</name>
         <load_address>0x8067</load_address>
         <run_address>0x8067</run_address>
         <size>0x5</size>
         <input_file_ref idref="fl-2b"/>
      </object_component>
      <object_component id="oc-105">
         <name>.cinit:_dac_values</name>
         <load_address>0x806c</load_address>
         <run_address>0x806c</run_address>
         <size>0x4</size>
         <input_file_ref idref="fl-11"/>
      </object_component>
      <object_component id="oc-d4">
         <name>.stack</name>
         <uninitialized>true</uninitialized>
         <run_address>0xe000</run_address>
         <size>0x0</size>
         <input_file_ref idref="fl-25"/>
      </object_component>
      <object_component id="oc-170">
         <name>.stack</name>
         <uninitialized>true</uninitialized>
         <run_address>0xe000</run_address>
         <size>0x0</size>
      </object_component>
      <object_component id="oc-5a">
         <name>.ebss</name>
         <uninitialized>true</uninitialized>
         <run_address>0xe794</run_address>
         <size>0x2</size>
         <input_file_ref idref="fl-3"/>
      </object_component>
      <object_component id="oc-66">
         <name>.ebss</name>
         <uninitialized>true</uninitialized>
         <run_address>0xe78e</run_address>
         <size>0x4</size>
         <input_file_ref idref="fl-5"/>
      </object_component>
      <object_component id="oc-72">
         <name>.ebss</name>
         <uninitialized>true</uninitialized>
         <run_address>0xe740</run_address>
         <size>0x26</size>
         <input_file_ref idref="fl-11"/>
      </object_component>
      <object_component id="oc-104">
         <name>.ebss:_dac_values</name>
         <uninitialized>true</uninitialized>
         <run_address>0xe780</run_address>
         <size>0x8</size>
         <input_file_ref idref="fl-11"/>
      </object_component>
      <object_component id="oc-112">
         <name>.ebss:_dac_sel_ch</name>
         <uninitialized>true</uninitialized>
         <run_address>0xe738</run_address>
         <size>0x8</size>
         <input_file_ref idref="fl-11"/>
      </object_component>
      <object_component id="oc-7c">
         <name>.ebss</name>
         <uninitialized>true</uninitialized>
         <run_address>0xe766</run_address>
         <size>0x18</size>
         <input_file_ref idref="fl-12"/>
      </object_component>
      <object_component id="oc-f0">
         <name>.ebss</name>
         <uninitialized>true</uninitialized>
         <run_address>0xe788</run_address>
         <size>0x6</size>
         <input_file_ref idref="fl-2a"/>
      </object_component>
      <object_component id="oc-108">
         <name>.ebss:__lock</name>
         <uninitialized>true</uninitialized>
         <run_address>0xe77e</run_address>
         <size>0x2</size>
         <input_file_ref idref="fl-2b"/>
      </object_component>
      <object_component id="oc-114">
         <name>.ebss:__unlock</name>
         <uninitialized>true</uninitialized>
         <run_address>0xe792</run_address>
         <size>0x2</size>
         <input_file_ref idref="fl-2b"/>
      </object_component>
      <object_component id="oc-113">
         <name>.econst:_PieVectTableInit</name>
         <load_address>0xe600</load_address>
         <run_address>0xe600</run_address>
         <size>0x100</size>
         <input_file_ref idref="fl-15"/>
      </object_component>
      <object_component id="oc-76">
         <name>.econst:.string</name>
         <load_address>0xe700</load_address>
         <run_address>0xe700</run_address>
         <size>0x36</size>
         <input_file_ref idref="fl-11"/>
      </object_component>
      <object_component id="oc-73">
         <name>.econst</name>
         <load_address>0xe736</load_address>
         <run_address>0xe736</run_address>
         <size>0x2</size>
         <input_file_ref idref="fl-11"/>
      </object_component>
      <object_component id="oc-74">
         <name>DMARAML6</name>
         <uninitialized>true</uninitialized>
         <run_address>0xe7c0</run_address>
         <size>0x30</size>
         <input_file_ref idref="fl-11"/>
      </object_component>
      <object_component id="oc-d5">
         <name>.reset</name>
         <load_address>0x3fffc0</load_address>
         <run_address>0x3fffc0</run_address>
         <size>0x2</size>
         <input_file_ref idref="fl-25"/>
      </object_component>
      <object_component id="oc-c9">
         <name>.adc_cal</name>
         <load_address>0x380080</load_address>
         <run_address>0x380080</run_address>
         <size>0x7</size>
         <input_file_ref idref="fl-18"/>
      </object_component>
      <object_component id="oc-b3">
         <name>PieVectTableFile</name>
         <uninitialized>true</uninitialized>
         <run_address>0xd00</run_address>
         <size>0x100</size>
         <input_file_ref idref="fl-13"/>
      </object_component>
      <object_component id="oc-af">
         <name>DevEmuRegsFile</name>
         <uninitialized>true</uninitialized>
         <run_address>0x880</run_address>
         <size>0xd0</size>
         <input_file_ref idref="fl-13"/>
      </object_component>
      <object_component id="oc-87">
         <name>FlashRegsFile</name>
         <uninitialized>true</uninitialized>
         <run_address>0xa80</run_address>
         <size>0x8</size>
         <input_file_ref idref="fl-13"/>
      </object_component>
      <object_component id="oc-8a">
         <name>CsmRegsFile</name>
         <uninitialized>true</uninitialized>
         <run_address>0xae0</run_address>
         <size>0x10</size>
         <input_file_ref idref="fl-13"/>
      </object_component>
      <object_component id="oc-89">
         <name>AdcMirrorFile</name>
         <uninitialized>true</uninitialized>
         <run_address>0xb00</run_address>
         <size>0x10</size>
         <input_file_ref idref="fl-13"/>
      </object_component>
      <object_component id="oc-92">
         <name>XintfRegsFile</name>
         <uninitialized>true</uninitialized>
         <run_address>0xb20</run_address>
         <size>0x1e</size>
         <input_file_ref idref="fl-13"/>
      </object_component>
      <object_component id="oc-83">
         <name>CpuTimer0RegsFile</name>
         <uninitialized>true</uninitialized>
         <run_address>0xc00</run_address>
         <size>0x8</size>
         <input_file_ref idref="fl-13"/>
      </object_component>
      <object_component id="oc-84">
         <name>CpuTimer1RegsFile</name>
         <uninitialized>true</uninitialized>
         <run_address>0xc08</run_address>
         <size>0x8</size>
         <input_file_ref idref="fl-13"/>
      </object_component>
      <object_component id="oc-85">
         <name>CpuTimer2RegsFile</name>
         <uninitialized>true</uninitialized>
         <run_address>0xc10</run_address>
         <size>0x8</size>
         <input_file_ref idref="fl-13"/>
      </object_component>
      <object_component id="oc-90">
         <name>PieCtrlRegsFile</name>
         <uninitialized>true</uninitialized>
         <run_address>0xce0</run_address>
         <size>0x1a</size>
         <input_file_ref idref="fl-13"/>
      </object_component>
      <object_component id="oc-b0">
         <name>DmaRegsFile</name>
         <uninitialized>true</uninitialized>
         <run_address>0x1000</run_address>
         <size>0xe0</size>
         <input_file_ref idref="fl-13"/>
      </object_component>
      <object_component id="oc-a2">
         <name>McbspaRegsFile</name>
         <uninitialized>true</uninitialized>
         <run_address>0x5000</run_address>
         <size>0x25</size>
         <input_file_ref idref="fl-13"/>
      </object_component>
      <object_component id="oc-a3">
         <name>McbspbRegsFile</name>
         <uninitialized>true</uninitialized>
         <run_address>0x5040</run_address>
         <size>0x25</size>
         <input_file_ref idref="fl-13"/>
      </object_component>
      <object_component id="oc-a5">
         <name>ECanaRegsFile</name>
         <uninitialized>true</uninitialized>
         <run_address>0x6000</run_address>
         <size>0x34</size>
         <input_file_ref idref="fl-13"/>
      </object_component>
      <object_component id="oc-a7">
         <name>ECanaLAMRegsFile</name>
         <uninitialized>true</uninitialized>
         <run_address>0x6040</run_address>
         <size>0x40</size>
         <input_file_ref idref="fl-13"/>
      </object_component>
      <object_component id="oc-b1">
         <name>ECanaMboxesFile</name>
         <uninitialized>true</uninitialized>
         <run_address>0x6100</run_address>
         <size>0x100</size>
         <input_file_ref idref="fl-13"/>
      </object_component>
      <object_component id="oc-a8">
         <name>ECanaMOTSRegsFile</name>
         <uninitialized>true</uninitialized>
         <run_address>0x6080</run_address>
         <size>0x40</size>
         <input_file_ref idref="fl-13"/>
      </object_component>
      <object_component id="oc-a9">
         <name>ECanaMOTORegsFile</name>
         <uninitialized>true</uninitialized>
         <run_address>0x60c0</run_address>
         <size>0x40</size>
         <input_file_ref idref="fl-13"/>
      </object_component>
      <object_component id="oc-a6">
         <name>ECanbRegsFile</name>
         <uninitialized>true</uninitialized>
         <run_address>0x6200</run_address>
         <size>0x34</size>
         <input_file_ref idref="fl-13"/>
      </object_component>
      <object_component id="oc-aa">
         <name>ECanbLAMRegsFile</name>
         <uninitialized>true</uninitialized>
         <run_address>0x6240</run_address>
         <size>0x40</size>
         <input_file_ref idref="fl-13"/>
      </object_component>
      <object_component id="oc-b2">
         <name>ECanbMboxesFile</name>
         <uninitialized>true</uninitialized>
         <run_address>0x6300</run_address>
         <size>0x100</size>
         <input_file_ref idref="fl-13"/>
      </object_component>
      <object_component id="oc-ab">
         <name>ECanbMOTSRegsFile</name>
         <uninitialized>true</uninitialized>
         <run_address>0x6280</run_address>
         <size>0x40</size>
         <input_file_ref idref="fl-13"/>
      </object_component>
      <object_component id="oc-ac">
         <name>ECanbMOTORegsFile</name>
         <uninitialized>true</uninitialized>
         <run_address>0x62c0</run_address>
         <size>0x40</size>
         <input_file_ref idref="fl-13"/>
      </object_component>
      <object_component id="oc-9b">
         <name>EPwm1RegsFile</name>
         <uninitialized>true</uninitialized>
         <run_address>0x6800</run_address>
         <size>0x22</size>
         <input_file_ref idref="fl-13"/>
      </object_component>
      <object_component id="oc-9c">
         <name>EPwm2RegsFile</name>
         <uninitialized>true</uninitialized>
         <run_address>0x6840</run_address>
         <size>0x22</size>
         <input_file_ref idref="fl-13"/>
      </object_component>
      <object_component id="oc-9d">
         <name>EPwm3RegsFile</name>
         <uninitialized>true</uninitialized>
         <run_address>0x6880</run_address>
         <size>0x22</size>
         <input_file_ref idref="fl-13"/>
      </object_component>
      <object_component id="oc-9e">
         <name>EPwm4RegsFile</name>
         <uninitialized>true</uninitialized>
         <run_address>0x68c0</run_address>
         <size>0x22</size>
         <input_file_ref idref="fl-13"/>
      </object_component>
      <object_component id="oc-9f">
         <name>EPwm5RegsFile</name>
         <uninitialized>true</uninitialized>
         <run_address>0x6900</run_address>
         <size>0x22</size>
         <input_file_ref idref="fl-13"/>
      </object_component>
      <object_component id="oc-a0">
         <name>EPwm6RegsFile</name>
         <uninitialized>true</uninitialized>
         <run_address>0x6940</run_address>
         <size>0x22</size>
         <input_file_ref idref="fl-13"/>
      </object_component>
      <object_component id="oc-93">
         <name>ECap1RegsFile</name>
         <uninitialized>true</uninitialized>
         <run_address>0x6a00</run_address>
         <size>0x20</size>
         <input_file_ref idref="fl-13"/>
      </object_component>
      <object_component id="oc-94">
         <name>ECap2RegsFile</name>
         <uninitialized>true</uninitialized>
         <run_address>0x6a20</run_address>
         <size>0x20</size>
         <input_file_ref idref="fl-13"/>
      </object_component>
      <object_component id="oc-95">
         <name>ECap3RegsFile</name>
         <uninitialized>true</uninitialized>
         <run_address>0x6a40</run_address>
         <size>0x20</size>
         <input_file_ref idref="fl-13"/>
      </object_component>
      <object_component id="oc-96">
         <name>ECap4RegsFile</name>
         <uninitialized>true</uninitialized>
         <run_address>0x6a60</run_address>
         <size>0x20</size>
         <input_file_ref idref="fl-13"/>
      </object_component>
      <object_component id="oc-97">
         <name>ECap5RegsFile</name>
         <uninitialized>true</uninitialized>
         <run_address>0x6a80</run_address>
         <size>0x20</size>
         <input_file_ref idref="fl-13"/>
      </object_component>
      <object_component id="oc-98">
         <name>ECap6RegsFile</name>
         <uninitialized>true</uninitialized>
         <run_address>0x6aa0</run_address>
         <size>0x20</size>
         <input_file_ref idref="fl-13"/>
      </object_component>
      <object_component id="oc-ad">
         <name>EQep1RegsFile</name>
         <uninitialized>true</uninitialized>
         <run_address>0x6b00</run_address>
         <size>0x40</size>
         <input_file_ref idref="fl-13"/>
      </object_component>
      <object_component id="oc-ae">
         <name>EQep2RegsFile</name>
         <uninitialized>true</uninitialized>
         <run_address>0x6b40</run_address>
         <size>0x40</size>
         <input_file_ref idref="fl-13"/>
      </object_component>
      <object_component id="oc-a4">
         <name>GpioCtrlRegsFile</name>
         <uninitialized>true</uninitialized>
         <run_address>0x6f80</run_address>
         <size>0x2e</size>
         <input_file_ref idref="fl-13"/>
      </object_component>
      <object_component id="oc-99">
         <name>GpioDataRegsFile</name>
         <uninitialized>true</uninitialized>
         <run_address>0x6fc0</run_address>
         <size>0x20</size>
         <input_file_ref idref="fl-13"/>
      </object_component>
      <object_component id="oc-88">
         <name>GpioIntRegsFile</name>
         <uninitialized>true</uninitialized>
         <run_address>0x6fe0</run_address>
         <size>0xa</size>
         <input_file_ref idref="fl-13"/>
      </object_component>
      <object_component id="oc-9a">
         <name>SysCtrlRegsFile</name>
         <uninitialized>true</uninitialized>
         <run_address>0x7010</run_address>
         <size>0x20</size>
         <input_file_ref idref="fl-13"/>
      </object_component>
      <object_component id="oc-8e">
         <name>SpiaRegsFile</name>
         <uninitialized>true</uninitialized>
         <run_address>0x7040</run_address>
         <size>0x10</size>
         <input_file_ref idref="fl-13"/>
      </object_component>
      <object_component id="oc-8b">
         <name>SciaRegsFile</name>
         <uninitialized>true</uninitialized>
         <run_address>0x7050</run_address>
         <size>0x10</size>
         <input_file_ref idref="fl-13"/>
      </object_component>
      <object_component id="oc-8f">
         <name>XIntruptRegsFile</name>
         <uninitialized>true</uninitialized>
         <run_address>0x7070</run_address>
         <size>0x10</size>
         <input_file_ref idref="fl-13"/>
      </object_component>
      <object_component id="oc-91">
         <name>AdcRegsFile</name>
         <uninitialized>true</uninitialized>
         <run_address>0x7100</run_address>
         <size>0x1e</size>
         <input_file_ref idref="fl-13"/>
      </object_component>
      <object_component id="oc-8c">
         <name>ScibRegsFile</name>
         <uninitialized>true</uninitialized>
         <run_address>0x7750</run_address>
         <size>0x10</size>
         <input_file_ref idref="fl-13"/>
      </object_component>
      <object_component id="oc-8d">
         <name>ScicRegsFile</name>
         <uninitialized>true</uninitialized>
         <run_address>0x7770</run_address>
         <size>0x10</size>
         <input_file_ref idref="fl-13"/>
      </object_component>
      <object_component id="oc-a1">
         <name>I2caRegsFile</name>
         <uninitialized>true</uninitialized>
         <run_address>0x7900</run_address>
         <size>0x22</size>
         <input_file_ref idref="fl-13"/>
      </object_component>
      <object_component id="oc-86">
         <name>CsmPwlFile</name>
         <uninitialized>true</uninitialized>
         <run_address>0x33fff8</run_address>
         <size>0x8</size>
         <input_file_ref idref="fl-13"/>
      </object_component>
      <object_component id="oc-82">
         <name>PartIdRegsFile</name>
         <uninitialized>true</uninitialized>
         <run_address>0x380090</run_address>
         <size>0x1</size>
         <input_file_ref idref="fl-13"/>
      </object_component>
      <object_component id="oc-53">
         <name>.debug_info</name>
         <load_address>0x0</load_address>
         <run_address>0x0</run_address>
         <size>0x1ab1</size>
         <input_file_ref idref="fl-2"/>
      </object_component>
      <object_component id="oc-59">
         <name>.debug_info</name>
         <load_address>0x1ab1</load_address>
         <run_address>0x1ab1</run_address>
         <size>0x22ce</size>
         <input_file_ref idref="fl-3"/>
      </object_component>
      <object_component id="oc-60">
         <name>.debug_info</name>
         <load_address>0x3d7f</load_address>
         <run_address>0x3d7f</run_address>
         <size>0x483a</size>
         <input_file_ref idref="fl-4"/>
      </object_component>
      <object_component id="oc-65">
         <name>.debug_info</name>
         <load_address>0x85b9</load_address>
         <run_address>0x85b9</run_address>
         <size>0x2cf0</size>
         <input_file_ref idref="fl-5"/>
      </object_component>
      <object_component id="oc-6d">
         <name>.debug_info</name>
         <load_address>0xb2a9</load_address>
         <run_address>0xb2a9</run_address>
         <size>0x9c</size>
         <input_file_ref idref="fl-10"/>
      </object_component>
      <object_component id="oc-70">
         <name>.debug_info</name>
         <load_address>0xb345</load_address>
         <run_address>0xb345</run_address>
         <size>0x9faa</size>
         <input_file_ref idref="fl-11"/>
      </object_component>
      <object_component id="oc-7b">
         <name>.debug_info</name>
         <load_address>0x152ef</load_address>
         <run_address>0x152ef</run_address>
         <size>0x813</size>
         <input_file_ref idref="fl-12"/>
      </object_component>
      <object_component id="oc-81">
         <name>.debug_info</name>
         <load_address>0x15b02</load_address>
         <run_address>0x15b02</run_address>
         <size>0x133a7</size>
         <input_file_ref idref="fl-13"/>
      </object_component>
      <object_component id="oc-b5">
         <name>.debug_info</name>
         <load_address>0x28ea9</load_address>
         <run_address>0x28ea9</run_address>
         <size>0xb33</size>
         <input_file_ref idref="fl-14"/>
      </object_component>
      <object_component id="oc-ba">
         <name>.debug_info</name>
         <load_address>0x299dc</load_address>
         <run_address>0x299dc</run_address>
         <size>0x2299</size>
         <input_file_ref idref="fl-15"/>
      </object_component>
      <object_component id="oc-bf">
         <name>.debug_info</name>
         <load_address>0x2bc75</load_address>
         <run_address>0x2bc75</run_address>
         <size>0x207c</size>
         <input_file_ref idref="fl-16"/>
      </object_component>
      <object_component id="oc-c6">
         <name>.debug_info</name>
         <load_address>0x2dcf1</load_address>
         <run_address>0x2dcf1</run_address>
         <size>0x101</size>
         <input_file_ref idref="fl-17"/>
      </object_component>
      <object_component id="oc-cb">
         <name>.debug_info</name>
         <load_address>0x2ddf2</load_address>
         <run_address>0x2ddf2</run_address>
         <size>0x101</size>
         <input_file_ref idref="fl-18"/>
      </object_component>
      <object_component id="oc-ce">
         <name>.debug_info</name>
         <load_address>0x2def3</load_address>
         <run_address>0x2def3</run_address>
         <size>0x23a4</size>
         <input_file_ref idref="fl-19"/>
      </object_component>
      <object_component id="oc-d6">
         <name>.debug_info</name>
         <load_address>0x30297</load_address>
         <run_address>0x30297</run_address>
         <size>0x174</size>
         <input_file_ref idref="fl-25"/>
      </object_component>
      <object_component id="oc-da">
         <name>.debug_info</name>
         <load_address>0x3040b</load_address>
         <run_address>0x3040b</run_address>
         <size>0x562</size>
         <input_file_ref idref="fl-26"/>
      </object_component>
      <object_component id="oc-df">
         <name>.debug_info</name>
         <load_address>0x3096d</load_address>
         <run_address>0x3096d</run_address>
         <size>0x43b</size>
         <input_file_ref idref="fl-27"/>
      </object_component>
      <object_component id="oc-e4">
         <name>.debug_info</name>
         <load_address>0x30da8</load_address>
         <run_address>0x30da8</run_address>
         <size>0x3ae</size>
         <input_file_ref idref="fl-28"/>
      </object_component>
      <object_component id="oc-e9">
         <name>.debug_info</name>
         <load_address>0x31156</load_address>
         <run_address>0x31156</run_address>
         <size>0x3ab</size>
         <input_file_ref idref="fl-29"/>
      </object_component>
      <object_component id="oc-ee">
         <name>.debug_info</name>
         <load_address>0x31501</load_address>
         <run_address>0x31501</run_address>
         <size>0x545</size>
         <input_file_ref idref="fl-2a"/>
      </object_component>
      <object_component id="oc-f5">
         <name>.debug_info</name>
         <load_address>0x31a46</load_address>
         <run_address>0x31a46</run_address>
         <size>0x4cd</size>
         <input_file_ref idref="fl-2b"/>
      </object_component>
      <object_component id="oc-fa">
         <name>.debug_info</name>
         <load_address>0x31f13</load_address>
         <run_address>0x31f13</run_address>
         <size>0x468</size>
         <input_file_ref idref="fl-2c"/>
      </object_component>
      <object_component id="oc-173">
         <name>.debug_info</name>
         <load_address>0x3237b</load_address>
         <run_address>0x3237b</run_address>
         <size>0xbf</size>
      </object_component>
      <object_component id="oc-55">
         <name>.debug_frame</name>
         <load_address>0x0</load_address>
         <run_address>0x0</run_address>
         <size>0x78</size>
         <input_file_ref idref="fl-2"/>
      </object_component>
      <object_component id="oc-5c">
         <name>.debug_frame</name>
         <load_address>0x78</load_address>
         <run_address>0x78</run_address>
         <size>0xac</size>
         <input_file_ref idref="fl-3"/>
      </object_component>
      <object_component id="oc-61">
         <name>.debug_frame</name>
         <load_address>0x124</load_address>
         <run_address>0x124</run_address>
         <size>0x44</size>
         <input_file_ref idref="fl-4"/>
      </object_component>
      <object_component id="oc-68">
         <name>.debug_frame</name>
         <load_address>0x168</load_address>
         <run_address>0x168</run_address>
         <size>0xbc</size>
         <input_file_ref idref="fl-5"/>
      </object_component>
      <object_component id="oc-77">
         <name>.debug_frame</name>
         <load_address>0x224</load_address>
         <run_address>0x224</run_address>
         <size>0x7d0</size>
         <input_file_ref idref="fl-11"/>
      </object_component>
      <object_component id="oc-7d">
         <name>.debug_frame</name>
         <load_address>0x9f4</load_address>
         <run_address>0x9f4</run_address>
         <size>0x28</size>
         <input_file_ref idref="fl-12"/>
      </object_component>
      <object_component id="oc-b6">
         <name>.debug_frame</name>
         <load_address>0xa1c</load_address>
         <run_address>0xa1c</run_address>
         <size>0x58</size>
         <input_file_ref idref="fl-14"/>
      </object_component>
      <object_component id="oc-bb">
         <name>.debug_frame</name>
         <load_address>0xa74</load_address>
         <run_address>0xa74</run_address>
         <size>0x44</size>
         <input_file_ref idref="fl-15"/>
      </object_component>
      <object_component id="oc-c0">
         <name>.debug_frame</name>
         <load_address>0xab8</load_address>
         <run_address>0xab8</run_address>
         <size>0xc0</size>
         <input_file_ref idref="fl-16"/>
      </object_component>
      <object_component id="oc-d0">
         <name>.debug_frame</name>
         <load_address>0xb78</load_address>
         <run_address>0xb78</run_address>
         <size>0xa0c</size>
         <input_file_ref idref="fl-19"/>
      </object_component>
      <object_component id="oc-db">
         <name>.debug_frame</name>
         <load_address>0x1584</load_address>
         <run_address>0x1584</run_address>
         <size>0x60</size>
         <input_file_ref idref="fl-26"/>
      </object_component>
      <object_component id="oc-e0">
         <name>.debug_frame</name>
         <load_address>0x15e4</load_address>
         <run_address>0x15e4</run_address>
         <size>0x40</size>
         <input_file_ref idref="fl-27"/>
      </object_component>
      <object_component id="oc-e5">
         <name>.debug_frame</name>
         <load_address>0x1624</load_address>
         <run_address>0x1624</run_address>
         <size>0x40</size>
         <input_file_ref idref="fl-28"/>
      </object_component>
      <object_component id="oc-ea">
         <name>.debug_frame</name>
         <load_address>0x1664</load_address>
         <run_address>0x1664</run_address>
         <size>0x40</size>
         <input_file_ref idref="fl-29"/>
      </object_component>
      <object_component id="oc-f1">
         <name>.debug_frame</name>
         <load_address>0x16a4</load_address>
         <run_address>0x16a4</run_address>
         <size>0x60</size>
         <input_file_ref idref="fl-2a"/>
      </object_component>
      <object_component id="oc-f6">
         <name>.debug_frame</name>
         <load_address>0x1704</load_address>
         <run_address>0x1704</run_address>
         <size>0x70</size>
         <input_file_ref idref="fl-2b"/>
      </object_component>
      <object_component id="oc-fb">
         <name>.debug_frame</name>
         <load_address>0x1774</load_address>
         <run_address>0x1774</run_address>
         <size>0x40</size>
         <input_file_ref idref="fl-2c"/>
      </object_component>
      <object_component id="oc-56">
         <name>.debug_line</name>
         <load_address>0x0</load_address>
         <run_address>0x0</run_address>
         <size>0x60</size>
         <input_file_ref idref="fl-2"/>
      </object_component>
      <object_component id="oc-5d">
         <name>.debug_line</name>
         <load_address>0x60</load_address>
         <run_address>0x60</run_address>
         <size>0x9a</size>
         <input_file_ref idref="fl-3"/>
      </object_component>
      <object_component id="oc-62">
         <name>.debug_line</name>
         <load_address>0xfa</load_address>
         <run_address>0xfa</run_address>
         <size>0x72</size>
         <input_file_ref idref="fl-4"/>
      </object_component>
      <object_component id="oc-69">
         <name>.debug_line</name>
         <load_address>0x16c</load_address>
         <run_address>0x16c</run_address>
         <size>0xbd</size>
         <input_file_ref idref="fl-5"/>
      </object_component>
      <object_component id="oc-6e">
         <name>.debug_line</name>
         <load_address>0x229</load_address>
         <run_address>0x229</run_address>
         <size>0x46</size>
         <input_file_ref idref="fl-10"/>
      </object_component>
      <object_component id="oc-78">
         <name>.debug_line</name>
         <load_address>0x26f</load_address>
         <run_address>0x26f</run_address>
         <size>0xc22</size>
         <input_file_ref idref="fl-11"/>
      </object_component>
      <object_component id="oc-7e">
         <name>.debug_line</name>
         <load_address>0xe91</load_address>
         <run_address>0xe91</run_address>
         <size>0x3e</size>
         <input_file_ref idref="fl-12"/>
      </object_component>
      <object_component id="oc-b7">
         <name>.debug_line</name>
         <load_address>0xecf</load_address>
         <run_address>0xecf</run_address>
         <size>0x8c</size>
         <input_file_ref idref="fl-14"/>
      </object_component>
      <object_component id="oc-bc">
         <name>.debug_line</name>
         <load_address>0xf5b</load_address>
         <run_address>0xf5b</run_address>
         <size>0x6e</size>
         <input_file_ref idref="fl-15"/>
      </object_component>
      <object_component id="oc-c1">
         <name>.debug_line</name>
         <load_address>0xfc9</load_address>
         <run_address>0xfc9</run_address>
         <size>0x14b</size>
         <input_file_ref idref="fl-16"/>
      </object_component>
      <object_component id="oc-c5">
         <name>.debug_line</name>
         <load_address>0x1114</load_address>
         <run_address>0x1114</run_address>
         <size>0x4e</size>
         <input_file_ref idref="fl-17"/>
      </object_component>
      <object_component id="oc-ca">
         <name>.debug_line</name>
         <load_address>0x1162</load_address>
         <run_address>0x1162</run_address>
         <size>0x4f</size>
         <input_file_ref idref="fl-18"/>
      </object_component>
      <object_component id="oc-d1">
         <name>.debug_line</name>
         <load_address>0x11b1</load_address>
         <run_address>0x11b1</run_address>
         <size>0x757</size>
         <input_file_ref idref="fl-19"/>
      </object_component>
      <object_component id="oc-d7">
         <name>.debug_line</name>
         <load_address>0x1908</load_address>
         <run_address>0x1908</run_address>
         <size>0x7e</size>
         <input_file_ref idref="fl-25"/>
      </object_component>
      <object_component id="oc-dc">
         <name>.debug_line</name>
         <load_address>0x1986</load_address>
         <run_address>0x1986</run_address>
         <size>0x50</size>
         <input_file_ref idref="fl-26"/>
      </object_component>
      <object_component id="oc-e1">
         <name>.debug_line</name>
         <load_address>0x19d6</load_address>
         <run_address>0x19d6</run_address>
         <size>0x62</size>
         <input_file_ref idref="fl-27"/>
      </object_component>
      <object_component id="oc-e6">
         <name>.debug_line</name>
         <load_address>0x1a38</load_address>
         <run_address>0x1a38</run_address>
         <size>0x3e</size>
         <input_file_ref idref="fl-28"/>
      </object_component>
      <object_component id="oc-eb">
         <name>.debug_line</name>
         <load_address>0x1a76</load_address>
         <run_address>0x1a76</run_address>
         <size>0x3a</size>
         <input_file_ref idref="fl-29"/>
      </object_component>
      <object_component id="oc-f2">
         <name>.debug_line</name>
         <load_address>0x1ab0</load_address>
         <run_address>0x1ab0</run_address>
         <size>0x65</size>
         <input_file_ref idref="fl-2a"/>
      </object_component>
      <object_component id="oc-f7">
         <name>.debug_line</name>
         <load_address>0x1b15</load_address>
         <run_address>0x1b15</run_address>
         <size>0x5e</size>
         <input_file_ref idref="fl-2b"/>
      </object_component>
      <object_component id="oc-fc">
         <name>.debug_line</name>
         <load_address>0x1b73</load_address>
         <run_address>0x1b73</run_address>
         <size>0x55</size>
         <input_file_ref idref="fl-2c"/>
      </object_component>
      <object_component id="oc-57">
         <name>.debug_abbrev</name>
         <load_address>0x0</load_address>
         <run_address>0x0</run_address>
         <size>0xe8</size>
         <input_file_ref idref="fl-2"/>
      </object_component>
      <object_component id="oc-5e">
         <name>.debug_abbrev</name>
         <load_address>0xe8</load_address>
         <run_address>0xe8</run_address>
         <size>0x14e</size>
         <input_file_ref idref="fl-3"/>
      </object_component>
      <object_component id="oc-63">
         <name>.debug_abbrev</name>
         <load_address>0x236</load_address>
         <run_address>0x236</run_address>
         <size>0x13e</size>
         <input_file_ref idref="fl-4"/>
      </object_component>
      <object_component id="oc-6a">
         <name>.debug_abbrev</name>
         <load_address>0x374</load_address>
         <run_address>0x374</run_address>
         <size>0x149</size>
         <input_file_ref idref="fl-5"/>
      </object_component>
      <object_component id="oc-6f">
         <name>.debug_abbrev</name>
         <load_address>0x4bd</load_address>
         <run_address>0x4bd</run_address>
         <size>0x2a</size>
         <input_file_ref idref="fl-10"/>
      </object_component>
      <object_component id="oc-79">
         <name>.debug_abbrev</name>
         <load_address>0x4e7</load_address>
         <run_address>0x4e7</run_address>
         <size>0x246</size>
         <input_file_ref idref="fl-11"/>
      </object_component>
      <object_component id="oc-7f">
         <name>.debug_abbrev</name>
         <load_address>0x72d</load_address>
         <run_address>0x72d</run_address>
         <size>0xfd</size>
         <input_file_ref idref="fl-12"/>
      </object_component>
      <object_component id="oc-b4">
         <name>.debug_abbrev</name>
         <load_address>0x82a</load_address>
         <run_address>0x82a</run_address>
         <size>0xb7</size>
         <input_file_ref idref="fl-13"/>
      </object_component>
      <object_component id="oc-b8">
         <name>.debug_abbrev</name>
         <load_address>0x8e1</load_address>
         <run_address>0x8e1</run_address>
         <size>0xc8</size>
         <input_file_ref idref="fl-14"/>
      </object_component>
      <object_component id="oc-bd">
         <name>.debug_abbrev</name>
         <load_address>0x9a9</load_address>
         <run_address>0x9a9</run_address>
         <size>0x116</size>
         <input_file_ref idref="fl-15"/>
      </object_component>
      <object_component id="oc-c2">
         <name>.debug_abbrev</name>
         <load_address>0xabf</load_address>
         <run_address>0xabf</run_address>
         <size>0x17b</size>
         <input_file_ref idref="fl-16"/>
      </object_component>
      <object_component id="oc-c7">
         <name>.debug_abbrev</name>
         <load_address>0xc3a</load_address>
         <run_address>0xc3a</run_address>
         <size>0x2f</size>
         <input_file_ref idref="fl-17"/>
      </object_component>
      <object_component id="oc-cc">
         <name>.debug_abbrev</name>
         <load_address>0xc69</load_address>
         <run_address>0xc69</run_address>
         <size>0x2f</size>
         <input_file_ref idref="fl-18"/>
      </object_component>
      <object_component id="oc-d2">
         <name>.debug_abbrev</name>
         <load_address>0xc98</load_address>
         <run_address>0xc98</run_address>
         <size>0xe0</size>
         <input_file_ref idref="fl-19"/>
      </object_component>
      <object_component id="oc-d8">
         <name>.debug_abbrev</name>
         <load_address>0xd78</load_address>
         <run_address>0xd78</run_address>
         <size>0x46</size>
         <input_file_ref idref="fl-25"/>
      </object_component>
      <object_component id="oc-dd">
         <name>.debug_abbrev</name>
         <load_address>0xdbe</load_address>
         <run_address>0xdbe</run_address>
         <size>0xe3</size>
         <input_file_ref idref="fl-26"/>
      </object_component>
      <object_component id="oc-e2">
         <name>.debug_abbrev</name>
         <load_address>0xea1</load_address>
         <run_address>0xea1</run_address>
         <size>0xa8</size>
         <input_file_ref idref="fl-27"/>
      </object_component>
      <object_component id="oc-e7">
         <name>.debug_abbrev</name>
         <load_address>0xf49</load_address>
         <run_address>0xf49</run_address>
         <size>0x68</size>
         <input_file_ref idref="fl-28"/>
      </object_component>
      <object_component id="oc-ec">
         <name>.debug_abbrev</name>
         <load_address>0xfb1</load_address>
         <run_address>0xfb1</run_address>
         <size>0x66</size>
         <input_file_ref idref="fl-29"/>
      </object_component>
      <object_component id="oc-f3">
         <name>.debug_abbrev</name>
         <load_address>0x1017</load_address>
         <run_address>0x1017</run_address>
         <size>0x130</size>
         <input_file_ref idref="fl-2a"/>
      </object_component>
      <object_component id="oc-f8">
         <name>.debug_abbrev</name>
         <load_address>0x1147</load_address>
         <run_address>0x1147</run_address>
         <size>0xb2</size>
         <input_file_ref idref="fl-2b"/>
      </object_component>
      <object_component id="oc-fd">
         <name>.debug_abbrev</name>
         <load_address>0x11f9</load_address>
         <run_address>0x11f9</run_address>
         <size>0xee</size>
         <input_file_ref idref="fl-2c"/>
      </object_component>
      <object_component id="oc-174">
         <name>.debug_abbrev</name>
         <load_address>0x12e7</load_address>
         <run_address>0x12e7</run_address>
         <size>0xf</size>
      </object_component>
      <object_component id="oc-58">
         <name>.debug_aranges</name>
         <load_address>0x0</load_address>
         <run_address>0x0</run_address>
         <size>0x28</size>
         <input_file_ref idref="fl-2"/>
      </object_component>
      <object_component id="oc-5f">
         <name>.debug_aranges</name>
         <load_address>0x28</load_address>
         <run_address>0x28</run_address>
         <size>0x38</size>
         <input_file_ref idref="fl-3"/>
      </object_component>
      <object_component id="oc-64">
         <name>.debug_aranges</name>
         <load_address>0x60</load_address>
         <run_address>0x60</run_address>
         <size>0x20</size>
         <input_file_ref idref="fl-4"/>
      </object_component>
      <object_component id="oc-6b">
         <name>.debug_aranges</name>
         <load_address>0x80</load_address>
         <run_address>0x80</run_address>
         <size>0x38</size>
         <input_file_ref idref="fl-5"/>
      </object_component>
      <object_component id="oc-7a">
         <name>.debug_aranges</name>
         <load_address>0xb8</load_address>
         <run_address>0xb8</run_address>
         <size>0x260</size>
         <input_file_ref idref="fl-11"/>
      </object_component>
      <object_component id="oc-80">
         <name>.debug_aranges</name>
         <load_address>0x318</load_address>
         <run_address>0x318</run_address>
         <size>0x18</size>
         <input_file_ref idref="fl-12"/>
      </object_component>
      <object_component id="oc-b9">
         <name>.debug_aranges</name>
         <load_address>0x330</load_address>
         <run_address>0x330</run_address>
         <size>0x28</size>
         <input_file_ref idref="fl-14"/>
      </object_component>
      <object_component id="oc-be">
         <name>.debug_aranges</name>
         <load_address>0x358</load_address>
         <run_address>0x358</run_address>
         <size>0x20</size>
         <input_file_ref idref="fl-15"/>
      </object_component>
      <object_component id="oc-c3">
         <name>.debug_aranges</name>
         <load_address>0x378</load_address>
         <run_address>0x378</run_address>
         <size>0x48</size>
         <input_file_ref idref="fl-16"/>
      </object_component>
      <object_component id="oc-c8">
         <name>.debug_aranges</name>
         <load_address>0x3c0</load_address>
         <run_address>0x3c0</run_address>
         <size>0x20</size>
         <input_file_ref idref="fl-17"/>
      </object_component>
      <object_component id="oc-cd">
         <name>.debug_aranges</name>
         <load_address>0x3e0</load_address>
         <run_address>0x3e0</run_address>
         <size>0x20</size>
         <input_file_ref idref="fl-18"/>
      </object_component>
      <object_component id="oc-d3">
         <name>.debug_aranges</name>
         <load_address>0x400</load_address>
         <run_address>0x400</run_address>
         <size>0x290</size>
         <input_file_ref idref="fl-19"/>
      </object_component>
      <object_component id="oc-d9">
         <name>.debug_aranges</name>
         <load_address>0x690</load_address>
         <run_address>0x690</run_address>
         <size>0x20</size>
         <input_file_ref idref="fl-25"/>
      </object_component>
      <object_component id="oc-de">
         <name>.debug_aranges</name>
         <load_address>0x6b0</load_address>
         <run_address>0x6b0</run_address>
         <size>0x20</size>
         <input_file_ref idref="fl-26"/>
      </object_component>
      <object_component id="oc-e3">
         <name>.debug_aranges</name>
         <load_address>0x6d0</load_address>
         <run_address>0x6d0</run_address>
         <size>0x20</size>
         <input_file_ref idref="fl-27"/>
      </object_component>
      <object_component id="oc-e8">
         <name>.debug_aranges</name>
         <load_address>0x6f0</load_address>
         <run_address>0x6f0</run_address>
         <size>0x20</size>
         <input_file_ref idref="fl-28"/>
      </object_component>
      <object_component id="oc-ed">
         <name>.debug_aranges</name>
         <load_address>0x710</load_address>
         <run_address>0x710</run_address>
         <size>0x20</size>
         <input_file_ref idref="fl-29"/>
      </object_component>
      <object_component id="oc-f4">
         <name>.debug_aranges</name>
         <load_address>0x730</load_address>
         <run_address>0x730</run_address>
         <size>0x28</size>
         <input_file_ref idref="fl-2a"/>
      </object_component>
      <object_component id="oc-f9">
         <name>.debug_aranges</name>
         <load_address>0x758</load_address>
         <run_address>0x758</run_address>
         <size>0x30</size>
         <input_file_ref idref="fl-2b"/>
      </object_component>
      <object_component id="oc-fe">
         <name>.debug_aranges</name>
         <load_address>0x788</load_address>
         <run_address>0x788</run_address>
         <size>0x20</size>
         <input_file_ref idref="fl-2c"/>
      </object_component>
   </object_component_list>
   <logical_group_list>
      <logical_group id="lg-2" display="no" color="cyan">
         <name>codestart</name>
         <run_address>0x0</run_address>
         <size>0x0</size>
         <contents>
         </contents>
      </logical_group>
      <logical_group id="lg-3" display="no" color="cyan">
         <name>ramfuncs</name>
         <load_address>0x8072</load_address>
         <run_address>0x8072</run_address>
         <size>0x4</size>
         <contents>
            <object_component_ref idref="oc-c4"/>
         </contents>
      </logical_group>
      <logical_group id="lg-171" display="no" color="cyan">
         <name>.text.1</name>
         <load_address>0x9000</load_address>
         <run_address>0x9000</run_address>
         <size>0x1000</size>
         <contents>
            <object_component_ref idref="oc-10b"/>
            <object_component_ref idref="oc-cf"/>
            <object_component_ref idref="oc-10a"/>
            <object_component_ref idref="oc-10f"/>
            <object_component_ref idref="oc-107"/>
            <object_component_ref idref="oc-67"/>
            <object_component_ref idref="oc-52"/>
            <object_component_ref idref="oc-54"/>
            <object_component_ref idref="oc-10e"/>
            <object_component_ref idref="oc-103"/>
            <object_component_ref idref="oc-10c"/>
            <object_component_ref idref="oc-100"/>
         </contents>
      </logical_group>
      <logical_group id="lg-172" display="no" color="cyan">
         <name>.text.2</name>
         <load_address>0xa000</load_address>
         <run_address>0xa000</run_address>
         <size>0xbf</size>
         <contents>
            <object_component_ref idref="oc-75"/>
            <object_component_ref idref="oc-5b"/>
            <object_component_ref idref="oc-10d"/>
            <object_component_ref idref="oc-106"/>
            <object_component_ref idref="oc-102"/>
            <object_component_ref idref="oc-6c"/>
            <object_component_ref idref="oc-110"/>
            <object_component_ref idref="oc-ff"/>
            <object_component_ref idref="oc-101"/>
         </contents>
      </logical_group>
      <split_section id="lg-4" display="no" color="cyan">
         <name>.text</name>
         <contents>
            <logical_group_ref idref="lg-171"/>
            <logical_group_ref idref="lg-172"/>
         </contents>
      </split_section>
      <logical_group id="lg-5" display="no" color="cyan">
         <name>.cinit</name>
         <load_address>0x8000</load_address>
         <run_address>0x8000</run_address>
         <size>0x72</size>
         <contents>
            <object_component_ref idref="oc-71"/>
            <object_component_ref idref="oc-ef"/>
            <object_component_ref idref="oc-109"/>
            <object_component_ref idref="oc-111"/>
            <object_component_ref idref="oc-105"/>
         </contents>
      </logical_group>
      <logical_group id="lg-6" display="no" color="cyan">
         <name>.pinit</name>
         <run_address>0x0</run_address>
         <size>0x0</size>
         <contents>
         </contents>
      </logical_group>
      <logical_group id="lg-7" display="no" color="cyan">
         <name>.switch</name>
         <run_address>0x0</run_address>
         <size>0x0</size>
         <contents>
         </contents>
      </logical_group>
      <logical_group id="lg-8" display="no" color="cyan">
         <name>.stack</name>
         <run_address>0xe000</run_address>
         <size>0x600</size>
         <contents>
            <object_component_ref idref="oc-d4"/>
            <object_component_ref idref="oc-170"/>
         </contents>
      </logical_group>
      <logical_group id="lg-9" display="no" color="cyan">
         <name>.ebss</name>
         <run_address>0xe738</run_address>
         <size>0x5e</size>
         <contents>
            <object_component_ref idref="oc-5a"/>
            <object_component_ref idref="oc-66"/>
            <object_component_ref idref="oc-72"/>
            <object_component_ref idref="oc-104"/>
            <object_component_ref idref="oc-112"/>
            <object_component_ref idref="oc-7c"/>
            <object_component_ref idref="oc-f0"/>
            <object_component_ref idref="oc-108"/>
            <object_component_ref idref="oc-114"/>
         </contents>
      </logical_group>
      <logical_group id="lg-a" display="no" color="cyan">
         <name>.econst</name>
         <load_address>0xe600</load_address>
         <run_address>0xe600</run_address>
         <size>0x138</size>
         <contents>
            <object_component_ref idref="oc-113"/>
            <object_component_ref idref="oc-76"/>
            <object_component_ref idref="oc-73"/>
         </contents>
      </logical_group>
      <logical_group id="lg-b" display="no" color="cyan">
         <name>.esysmem</name>
         <run_address>0x0</run_address>
         <size>0x0</size>
         <contents>
         </contents>
      </logical_group>
      <logical_group id="lg-c" display="no" color="cyan">
         <name>.sysmem</name>
         <run_address>0x0</run_address>
         <size>0x0</size>
         <contents>
         </contents>
      </logical_group>
      <logical_group id="lg-d" display="no" color="cyan">
         <name>.cio</name>
         <run_address>0x0</run_address>
         <size>0x0</size>
         <contents>
         </contents>
      </logical_group>
      <logical_group id="lg-e" display="no" color="cyan">
         <name>IQmath</name>
         <run_address>0x0</run_address>
         <size>0x0</size>
         <contents>
         </contents>
      </logical_group>
      <logical_group id="lg-f" display="no" color="cyan">
         <name>IQmathTables</name>
         <run_address>0x0</run_address>
         <size>0x0</size>
         <contents>
         </contents>
      </logical_group>
      <logical_group id="lg-10" display="no" color="cyan">
         <name>FPUmathTables</name>
         <run_address>0x0</run_address>
         <size>0x0</size>
         <contents>
         </contents>
      </logical_group>
      <logical_group id="lg-11" display="no" color="cyan">
         <name>DMARAML4</name>
         <run_address>0x0</run_address>
         <size>0x0</size>
         <contents>
         </contents>
      </logical_group>
      <logical_group id="lg-12" display="no" color="cyan">
         <name>DMARAML5</name>
         <run_address>0x0</run_address>
         <size>0x0</size>
         <contents>
         </contents>
      </logical_group>
      <logical_group id="lg-13" display="no" color="cyan">
         <name>DMARAML6</name>
         <run_address>0xe7c0</run_address>
         <size>0x30</size>
         <contents>
            <object_component_ref idref="oc-74"/>
         </contents>
      </logical_group>
      <logical_group id="lg-14" display="no" color="cyan">
         <name>DMARAML7</name>
         <run_address>0x0</run_address>
         <size>0x0</size>
         <contents>
         </contents>
      </logical_group>
      <logical_group id="lg-15" display="no" color="cyan">
         <name>ZONE7DATA</name>
         <run_address>0x0</run_address>
         <size>0x0</size>
         <contents>
         </contents>
      </logical_group>
      <logical_group id="lg-16" display="no" color="cyan">
         <name>ZONE7DATA2</name>
         <run_address>0x0</run_address>
         <size>0x0</size>
         <contents>
         </contents>
      </logical_group>
      <logical_group id="lg-17" display="no" color="cyan">
         <name>.reset</name>
         <load_address>0x3fffc0</load_address>
         <run_address>0x3fffc0</run_address>
         <size>0x2</size>
         <contents>
            <object_component_ref idref="oc-d5"/>
         </contents>
      </logical_group>
      <logical_group id="lg-18" display="no" color="cyan">
         <name>csm_rsvd</name>
         <run_address>0x33ff80</run_address>
         <size>0x0</size>
         <contents>
         </contents>
      </logical_group>
      <logical_group id="lg-19" display="no" color="cyan">
         <name>csmpasswds</name>
         <run_address>0x33fff8</run_address>
         <size>0x0</size>
         <contents>
         </contents>
      </logical_group>
      <logical_group id="lg-1a" display="no" color="cyan">
         <name>.adc_cal</name>
         <load_address>0x380080</load_address>
         <run_address>0x380080</run_address>
         <size>0x7</size>
         <contents>
            <object_component_ref idref="oc-c9"/>
         </contents>
      </logical_group>
      <logical_group id="lg-1b" display="no" color="cyan">
         <name>PieVectTableFile</name>
         <run_address>0xd00</run_address>
         <size>0x100</size>
         <contents>
            <object_component_ref idref="oc-b3"/>
         </contents>
      </logical_group>
      <logical_group id="lg-1c" display="no" color="cyan">
         <name>DevEmuRegsFile</name>
         <run_address>0x880</run_address>
         <size>0xd0</size>
         <contents>
            <object_component_ref idref="oc-af"/>
         </contents>
      </logical_group>
      <logical_group id="lg-1d" display="no" color="cyan">
         <name>FlashRegsFile</name>
         <run_address>0xa80</run_address>
         <size>0x8</size>
         <contents>
            <object_component_ref idref="oc-87"/>
         </contents>
      </logical_group>
      <logical_group id="lg-1e" display="no" color="cyan">
         <name>CsmRegsFile</name>
         <run_address>0xae0</run_address>
         <size>0x10</size>
         <contents>
            <object_component_ref idref="oc-8a"/>
         </contents>
      </logical_group>
      <logical_group id="lg-1f" display="no" color="cyan">
         <name>AdcMirrorFile</name>
         <run_address>0xb00</run_address>
         <size>0x10</size>
         <contents>
            <object_component_ref idref="oc-89"/>
         </contents>
      </logical_group>
      <logical_group id="lg-20" display="no" color="cyan">
         <name>XintfRegsFile</name>
         <run_address>0xb20</run_address>
         <size>0x1e</size>
         <contents>
            <object_component_ref idref="oc-92"/>
         </contents>
      </logical_group>
      <logical_group id="lg-21" display="no" color="cyan">
         <name>CpuTimer0RegsFile</name>
         <run_address>0xc00</run_address>
         <size>0x8</size>
         <contents>
            <object_component_ref idref="oc-83"/>
         </contents>
      </logical_group>
      <logical_group id="lg-22" display="no" color="cyan">
         <name>CpuTimer1RegsFile</name>
         <run_address>0xc08</run_address>
         <size>0x8</size>
         <contents>
            <object_component_ref idref="oc-84"/>
         </contents>
      </logical_group>
      <logical_group id="lg-23" display="no" color="cyan">
         <name>CpuTimer2RegsFile</name>
         <run_address>0xc10</run_address>
         <size>0x8</size>
         <contents>
            <object_component_ref idref="oc-85"/>
         </contents>
      </logical_group>
      <logical_group id="lg-24" display="no" color="cyan">
         <name>PieCtrlRegsFile</name>
         <run_address>0xce0</run_address>
         <size>0x1a</size>
         <contents>
            <object_component_ref idref="oc-90"/>
         </contents>
      </logical_group>
      <logical_group id="lg-25" display="no" color="cyan">
         <name>DmaRegsFile</name>
         <run_address>0x1000</run_address>
         <size>0xe0</size>
         <contents>
            <object_component_ref idref="oc-b0"/>
         </contents>
      </logical_group>
      <logical_group id="lg-26" display="no" color="cyan">
         <name>McbspaRegsFile</name>
         <run_address>0x5000</run_address>
         <size>0x25</size>
         <contents>
            <object_component_ref idref="oc-a2"/>
         </contents>
      </logical_group>
      <logical_group id="lg-27" display="no" color="cyan">
         <name>McbspbRegsFile</name>
         <run_address>0x5040</run_address>
         <size>0x25</size>
         <contents>
            <object_component_ref idref="oc-a3"/>
         </contents>
      </logical_group>
      <logical_group id="lg-28" display="no" color="cyan">
         <name>ECanaRegsFile</name>
         <run_address>0x6000</run_address>
         <size>0x34</size>
         <contents>
            <object_component_ref idref="oc-a5"/>
         </contents>
      </logical_group>
      <logical_group id="lg-29" display="no" color="cyan">
         <name>ECanaLAMRegsFile</name>
         <run_address>0x6040</run_address>
         <size>0x40</size>
         <contents>
            <object_component_ref idref="oc-a7"/>
         </contents>
      </logical_group>
      <logical_group id="lg-2a" display="no" color="cyan">
         <name>ECanaMboxesFile</name>
         <run_address>0x6100</run_address>
         <size>0x100</size>
         <contents>
            <object_component_ref idref="oc-b1"/>
         </contents>
      </logical_group>
      <logical_group id="lg-2b" display="no" color="cyan">
         <name>ECanaMOTSRegsFile</name>
         <run_address>0x6080</run_address>
         <size>0x40</size>
         <contents>
            <object_component_ref idref="oc-a8"/>
         </contents>
      </logical_group>
      <logical_group id="lg-2c" display="no" color="cyan">
         <name>ECanaMOTORegsFile</name>
         <run_address>0x60c0</run_address>
         <size>0x40</size>
         <contents>
            <object_component_ref idref="oc-a9"/>
         </contents>
      </logical_group>
      <logical_group id="lg-2d" display="no" color="cyan">
         <name>ECanbRegsFile</name>
         <run_address>0x6200</run_address>
         <size>0x34</size>
         <contents>
            <object_component_ref idref="oc-a6"/>
         </contents>
      </logical_group>
      <logical_group id="lg-2e" display="no" color="cyan">
         <name>ECanbLAMRegsFile</name>
         <run_address>0x6240</run_address>
         <size>0x40</size>
         <contents>
            <object_component_ref idref="oc-aa"/>
         </contents>
      </logical_group>
      <logical_group id="lg-2f" display="no" color="cyan">
         <name>ECanbMboxesFile</name>
         <run_address>0x6300</run_address>
         <size>0x100</size>
         <contents>
            <object_component_ref idref="oc-b2"/>
         </contents>
      </logical_group>
      <logical_group id="lg-30" display="no" color="cyan">
         <name>ECanbMOTSRegsFile</name>
         <run_address>0x6280</run_address>
         <size>0x40</size>
         <contents>
            <object_component_ref idref="oc-ab"/>
         </contents>
      </logical_group>
      <logical_group id="lg-31" display="no" color="cyan">
         <name>ECanbMOTORegsFile</name>
         <run_address>0x62c0</run_address>
         <size>0x40</size>
         <contents>
            <object_component_ref idref="oc-ac"/>
         </contents>
      </logical_group>
      <logical_group id="lg-32" display="no" color="cyan">
         <name>EPwm1RegsFile</name>
         <run_address>0x6800</run_address>
         <size>0x22</size>
         <contents>
            <object_component_ref idref="oc-9b"/>
         </contents>
      </logical_group>
      <logical_group id="lg-33" display="no" color="cyan">
         <name>EPwm2RegsFile</name>
         <run_address>0x6840</run_address>
         <size>0x22</size>
         <contents>
            <object_component_ref idref="oc-9c"/>
         </contents>
      </logical_group>
      <logical_group id="lg-34" display="no" color="cyan">
         <name>EPwm3RegsFile</name>
         <run_address>0x6880</run_address>
         <size>0x22</size>
         <contents>
            <object_component_ref idref="oc-9d"/>
         </contents>
      </logical_group>
      <logical_group id="lg-35" display="no" color="cyan">
         <name>EPwm4RegsFile</name>
         <run_address>0x68c0</run_address>
         <size>0x22</size>
         <contents>
            <object_component_ref idref="oc-9e"/>
         </contents>
      </logical_group>
      <logical_group id="lg-36" display="no" color="cyan">
         <name>EPwm5RegsFile</name>
         <run_address>0x6900</run_address>
         <size>0x22</size>
         <contents>
            <object_component_ref idref="oc-9f"/>
         </contents>
      </logical_group>
      <logical_group id="lg-37" display="no" color="cyan">
         <name>EPwm6RegsFile</name>
         <run_address>0x6940</run_address>
         <size>0x22</size>
         <contents>
            <object_component_ref idref="oc-a0"/>
         </contents>
      </logical_group>
      <logical_group id="lg-38" display="no" color="cyan">
         <name>ECap1RegsFile</name>
         <run_address>0x6a00</run_address>
         <size>0x20</size>
         <contents>
            <object_component_ref idref="oc-93"/>
         </contents>
      </logical_group>
      <logical_group id="lg-39" display="no" color="cyan">
         <name>ECap2RegsFile</name>
         <run_address>0x6a20</run_address>
         <size>0x20</size>
         <contents>
            <object_component_ref idref="oc-94"/>
         </contents>
      </logical_group>
      <logical_group id="lg-3a" display="no" color="cyan">
         <name>ECap3RegsFile</name>
         <run_address>0x6a40</run_address>
         <size>0x20</size>
         <contents>
            <object_component_ref idref="oc-95"/>
         </contents>
      </logical_group>
      <logical_group id="lg-3b" display="no" color="cyan">
         <name>ECap4RegsFile</name>
         <run_address>0x6a60</run_address>
         <size>0x20</size>
         <contents>
            <object_component_ref idref="oc-96"/>
         </contents>
      </logical_group>
      <logical_group id="lg-3c" display="no" color="cyan">
         <name>ECap5RegsFile</name>
         <run_address>0x6a80</run_address>
         <size>0x20</size>
         <contents>
            <object_component_ref idref="oc-97"/>
         </contents>
      </logical_group>
      <logical_group id="lg-3d" display="no" color="cyan">
         <name>ECap6RegsFile</name>
         <run_address>0x6aa0</run_address>
         <size>0x20</size>
         <contents>
            <object_component_ref idref="oc-98"/>
         </contents>
      </logical_group>
      <logical_group id="lg-3e" display="no" color="cyan">
         <name>EQep1RegsFile</name>
         <run_address>0x6b00</run_address>
         <size>0x40</size>
         <contents>
            <object_component_ref idref="oc-ad"/>
         </contents>
      </logical_group>
      <logical_group id="lg-3f" display="no" color="cyan">
         <name>EQep2RegsFile</name>
         <run_address>0x6b40</run_address>
         <size>0x40</size>
         <contents>
            <object_component_ref idref="oc-ae"/>
         </contents>
      </logical_group>
      <logical_group id="lg-40" display="no" color="cyan">
         <name>GpioCtrlRegsFile</name>
         <run_address>0x6f80</run_address>
         <size>0x2e</size>
         <contents>
            <object_component_ref idref="oc-a4"/>
         </contents>
      </logical_group>
      <logical_group id="lg-41" display="no" color="cyan">
         <name>GpioDataRegsFile</name>
         <run_address>0x6fc0</run_address>
         <size>0x20</size>
         <contents>
            <object_component_ref idref="oc-99"/>
         </contents>
      </logical_group>
      <logical_group id="lg-42" display="no" color="cyan">
         <name>GpioIntRegsFile</name>
         <run_address>0x6fe0</run_address>
         <size>0xa</size>
         <contents>
            <object_component_ref idref="oc-88"/>
         </contents>
      </logical_group>
      <logical_group id="lg-43" display="no" color="cyan">
         <name>SysCtrlRegsFile</name>
         <run_address>0x7010</run_address>
         <size>0x20</size>
         <contents>
            <object_component_ref idref="oc-9a"/>
         </contents>
      </logical_group>
      <logical_group id="lg-44" display="no" color="cyan">
         <name>SpiaRegsFile</name>
         <run_address>0x7040</run_address>
         <size>0x10</size>
         <contents>
            <object_component_ref idref="oc-8e"/>
         </contents>
      </logical_group>
      <logical_group id="lg-45" display="no" color="cyan">
         <name>SciaRegsFile</name>
         <run_address>0x7050</run_address>
         <size>0x10</size>
         <contents>
            <object_component_ref idref="oc-8b"/>
         </contents>
      </logical_group>
      <logical_group id="lg-46" display="no" color="cyan">
         <name>XIntruptRegsFile</name>
         <run_address>0x7070</run_address>
         <size>0x10</size>
         <contents>
            <object_component_ref idref="oc-8f"/>
         </contents>
      </logical_group>
      <logical_group id="lg-47" display="no" color="cyan">
         <name>AdcRegsFile</name>
         <run_address>0x7100</run_address>
         <size>0x1e</size>
         <contents>
            <object_component_ref idref="oc-91"/>
         </contents>
      </logical_group>
      <logical_group id="lg-48" display="no" color="cyan">
         <name>ScibRegsFile</name>
         <run_address>0x7750</run_address>
         <size>0x10</size>
         <contents>
            <object_component_ref idref="oc-8c"/>
         </contents>
      </logical_group>
      <logical_group id="lg-49" display="no" color="cyan">
         <name>ScicRegsFile</name>
         <run_address>0x7770</run_address>
         <size>0x10</size>
         <contents>
            <object_component_ref idref="oc-8d"/>
         </contents>
      </logical_group>
      <logical_group id="lg-4a" display="no" color="cyan">
         <name>I2caRegsFile</name>
         <run_address>0x7900</run_address>
         <size>0x22</size>
         <contents>
            <object_component_ref idref="oc-a1"/>
         </contents>
      </logical_group>
      <logical_group id="lg-4b" display="no" color="cyan">
         <name>CsmPwlFile</name>
         <run_address>0x33fff8</run_address>
         <size>0x8</size>
         <contents>
            <object_component_ref idref="oc-86"/>
         </contents>
      </logical_group>
      <logical_group id="lg-4c" display="no" color="cyan">
         <name>PartIdRegsFile</name>
         <run_address>0x380090</run_address>
         <size>0x1</size>
         <contents>
            <object_component_ref idref="oc-82"/>
         </contents>
      </logical_group>
      <logical_group id="lg-4d" display="no" color="cyan">
         <name>CpldRegsFile</name>
         <run_address>0x0</run_address>
         <size>0x0</size>
         <contents>
         </contents>
      </logical_group>
      <logical_group id="lg-4e" display="no" color="cyan">
         <name>FpgaRegsFile</name>
         <run_address>0x0</run_address>
         <size>0x0</size>
         <contents>
         </contents>
      </logical_group>
      <logical_group id="lg-4f" display="no" color="cyan">
         <name>FpgaUsr1File</name>
         <run_address>0x0</run_address>
         <size>0x0</size>
         <contents>
         </contents>
      </logical_group>
      <logical_group id="lg-50" display="no" color="cyan">
         <name>FpgaUsr2File</name>
         <run_address>0x0</run_address>
         <size>0x0</size>
         <contents>
         </contents>
      </logical_group>
      <logical_group id="lg-164" display="never" color="cyan">
         <name>.debug_info</name>
         <load_address>0x0</load_address>
         <run_address>0x0</run_address>
         <size>0x3243a</size>
         <contents>
            <object_component_ref idref="oc-53"/>
            <object_component_ref idref="oc-59"/>
            <object_component_ref idref="oc-60"/>
            <object_component_ref idref="oc-65"/>
            <object_component_ref idref="oc-6d"/>
            <object_component_ref idref="oc-70"/>
            <object_component_ref idref="oc-7b"/>
            <object_component_ref idref="oc-81"/>
            <object_component_ref idref="oc-b5"/>
            <object_component_ref idref="oc-ba"/>
            <object_component_ref idref="oc-bf"/>
            <object_component_ref idref="oc-c6"/>
            <object_component_ref idref="oc-cb"/>
            <object_component_ref idref="oc-ce"/>
            <object_component_ref idref="oc-d6"/>
[...]
         <value>0xb20</value>
         <object_component_ref idref="oc-92"/>
      </symbol>
      <symbol id="sm-29b">
         <name>_ScicRegs</name>
         <value>0x7770</value>
         <object_component_ref idref="oc-8d"/>
      </symbol>
      <symbol id="sm-29c">
         <name>_ECap1Regs</name>
         <value>0x6a00</value>
         <object_component_ref idref="oc-93"/>
      </symbol>
      <symbol id="sm-29d">
         <name>_EQep1Regs</name>
         <value>0x6b00</value>
         <object_component_ref idref="oc-ad"/>
      </symbol>
      <symbol id="sm-29e">
         <name>_McbspaRegs</name>
         <value>0x5000</value>
         <object_component_ref idref="oc-a2"/>
      </symbol>
      <symbol id="sm-29f">
         <name>_EPwm1Regs</name>
         <value>0x6800</value>
         <object_component_ref idref="oc-9b"/>
      </symbol>
      <symbol id="sm-2a0">
         <name>_ECanbRegs</name>
         <value>0x6200</value>
         <object_component_ref idref="oc-a6"/>
      </symbol>
      <symbol id="sm-2a1">
         <name>_ScibRegs</name>
         <value>0x7750</value>
         <object_component_ref idref="oc-8c"/>
      </symbol>
      <symbol id="sm-2a2">
         <name>_ECap2Regs</name>
         <value>0x6a20</value>
         <object_component_ref idref="oc-94"/>
      </symbol>
      <symbol id="sm-2a3">
         <name>_GpioIntRegs</name>
         <value>0x6fe0</value>
         <object_component_ref idref="oc-88"/>
      </symbol>
      <symbol id="sm-2a4">
         <name>_EQep2Regs</name>
         <value>0x6b40</value>
         <object_component_ref idref="oc-ae"/>
      </symbol>
      <symbol id="sm-2a5">
         <name>_PartIdRegs</name>
         <value>0x380090</value>
         <object_component_ref idref="oc-82"/>
      </symbol>
      <symbol id="sm-2a6">
         <name>_EPwm2Regs</name>
         <value>0x6840</value>
         <object_component_ref idref="oc-9c"/>
      </symbol>
      <symbol id="sm-2a7">
         <name>_ECanaMboxes</name>
         <value>0x6100</value>
         <object_component_ref idref="oc-b1"/>
      </symbol>
      <symbol id="sm-2a8">
         <name>_ECap3Regs</name>
         <value>0x6a40</value>
         <object_component_ref idref="oc-95"/>
      </symbol>
      <symbol id="sm-2a9">
         <name>_ECanaMOTORegs</name>
         <value>0x60c0</value>
         <object_component_ref idref="oc-a9"/>
      </symbol>
      <symbol id="sm-2aa">
         <name>_EPwm3Regs</name>
         <value>0x6880</value>
         <object_component_ref idref="oc-9d"/>
      </symbol>
      <symbol id="sm-2ab">
         <name>_ECanbLAMRegs</name>
         <value>0x6240</value>
         <object_component_ref idref="oc-aa"/>
      </symbol>
      <symbol id="sm-2ac">
         <name>_I2caRegs</name>
         <value>0x7900</value>
         <object_component_ref idref="oc-a1"/>
      </symbol>
      <symbol id="sm-2b8">
         <name>_InitPieCtrl</name>
         <value>0x9fb4</value>
         <object_component_ref idref="oc-10c"/>
      </symbol>
      <symbol id="sm-2b9">
         <name>_EnableInterrupts</name>
         <value>0x9fd3</value>
         <object_component_ref idref="oc-10c"/>
      </symbol>
      <symbol id="sm-2c9">
         <name>_PieVectTableInit</name>
         <value>0xe600</value>
         <object_component_ref idref="oc-113"/>
      </symbol>
      <symbol id="sm-2ca">
         <name>_InitPieVectTable</name>
         <value>0xa044</value>
         <object_component_ref idref="oc-10d"/>
      </symbol>
      <symbol id="sm-2df">
         <name>_InitPll</name>
         <value>0x9c69</value>
         <object_component_ref idref="oc-10a"/>
      </symbol>
      <symbol id="sm-2e0">
         <name>_DisableDog</name>
         <value>0x9c61</value>
         <object_component_ref idref="oc-10a"/>
      </symbol>
      <symbol id="sm-2e1">
         <name>_InitPeripheralClocks</name>
         <value>0x9cba</value>
         <object_component_ref idref="oc-10a"/>
      </symbol>
      <symbol id="sm-2e2">
         <name>_CsmUnlock</name>
         <value>0x9d15</value>
         <object_component_ref idref="oc-10a"/>
      </symbol>
      <symbol id="sm-2e3">
         <name>_ServiceDog</name>
         <value>0x9c57</value>
         <object_component_ref idref="oc-10a"/>
      </symbol>
      <symbol id="sm-2e4">
         <name>_InitSysCtrl</name>
         <value>0x9c4e</value>
         <object_component_ref idref="oc-10a"/>
      </symbol>
      <symbol id="sm-2f0">
         <name>_DSP28x_usDelay</name>
         <value>0x8072</value>
         <object_component_ref idref="oc-c4"/>
      </symbol>
      <symbol id="sm-2fc">
         <name>_ADC_cal</name>
         <value>0x380080</value>
         <object_component_ref idref="oc-c9"/>
      </symbol>
      <symbol id="sm-357">
         <name>_ILLEGAL_ISR</name>
         <value>0x9972</value>
         <object_component_ref idref="oc-cf"/>
      </symbol>
      <symbol id="sm-358">
         <name>_EPWM6_INT_ISR</name>
         <value>0x9aaa</value>
         <object_component_ref idref="oc-cf"/>
      </symbol>
      <symbol id="sm-359">
         <name>_DATALOG_ISR</name>
         <value>0x994a</value>
         <object_component_ref idref="oc-cf"/>
      </symbol>
      <symbol id="sm-35a">
         <name>_SPITXINTA_ISR</name>
         <value>0x9b0e</value>
         <object_component_ref idref="oc-cf"/>
      </symbol>
      <symbol id="sm-35b">
         <name>_SPIRXINTA_ISR</name>
         <value>0x9b04</value>
         <object_component_ref idref="oc-cf"/>
      </symbol>
      <symbol id="sm-35c">
         <name>_DINTCH3_ISR</name>
         <value>0x9b54</value>
         <object_component_ref idref="oc-cf"/>
      </symbol>
      <symbol id="sm-35d">
         <name>_XINT4_ISR</name>
         <value>0x9bfe</value>
         <object_component_ref idref="oc-cf"/>
      </symbol>
      <symbol id="sm-35e">
         <name>_SEQ1INT_ISR</name>
         <value>0x99f6</value>
         <object_component_ref idref="oc-cf"/>
      </symbol>
      <symbol id="sm-35f">
         <name>_ECAP3_INT_ISR</name>
         <value>0x9ac8</value>
         <object_component_ref idref="oc-cf"/>
      </symbol>
      <symbol id="sm-360">
         <name>_INT13_ISR</name>
         <value>0x9936</value>
         <object_component_ref idref="oc-cf"/>
      </symbol>
      <symbol id="sm-361">
         <name>_MXINTA_ISR</name>
         <value>0x9b36</value>
         <object_component_ref idref="oc-cf"/>
      </symbol>
      <symbol id="sm-362">
         <name>_EPWM4_INT_ISR</name>
         <value>0x9a96</value>
         <object_component_ref idref="oc-cf"/>
      </symbol>
      <symbol id="sm-363">
         <name>_USER5_ISR</name>
         <value>0x99a6</value>
         <object_component_ref idref="oc-cf"/>
      </symbol>
      <symbol id="sm-364">
         <name>_XINT7_ISR</name>
         <value>0x9c1c</value>
         <object_component_ref idref="oc-cf"/>
      </symbol>
      <symbol id="sm-365">
         <name>_EPWM5_TZINT_ISR</name>
         <value>0x9a64</value>
         <object_component_ref idref="oc-cf"/>
      </symbol>
      <symbol id="sm-366">
         <name>_EPWM4_TZINT_ISR</name>
         <value>0x9a5a</value>
         <object_component_ref idref="oc-cf"/>
      </symbol>
      <symbol id="sm-367">
         <name>_ECAN0INTA_ISR</name>
         <value>0x9bcc</value>
         <object_component_ref idref="oc-cf"/>
      </symbol>
      <symbol id="sm-368">
         <name>_EPWM6_TZINT_ISR</name>
         <value>0x9a6e</value>
         <object_component_ref idref="oc-cf"/>
      </symbol>
      <symbol id="sm-369">
         <name>_EMUINT_ISR</name>
         <value>0x995e</value>
         <object_component_ref idref="oc-cf"/>
      </symbol>
      <symbol id="sm-36a">
         <name>_ECAP1_INT_ISR</name>
         <value>0x9ab4</value>
         <object_component_ref idref="oc-cf"/>
      </symbol>
      <symbol id="sm-36b">
         <name>_EPWM1_TZINT_ISR</name>
         <value>0x9a3c</value>
         <object_component_ref idref="oc-cf"/>
      </symbol>
      <symbol id="sm-36c">
         <name>_EQEP2_INT_ISR</name>
         <value>0x9afa</value>
         <object_component_ref idref="oc-cf"/>
      </symbol>
      <symbol id="sm-36d">
         <name>_USER11_ISR</name>
         <value>0x99e2</value>
         <object_component_ref idref="oc-cf"/>
      </symbol>
      <symbol id="sm-36e">
         <name>_EPWM3_TZINT_ISR</name>
         <value>0x9a50</value>
         <object_component_ref idref="oc-cf"/>
      </symbol>
      <symbol id="sm-36f">
         <name>_USER4_ISR</name>
         <value>0x999c</value>
         <object_component_ref idref="oc-cf"/>
      </symbol>
      <symbol id="sm-370">
         <name>_EPWM2_TZINT_ISR</name>
         <value>0x9a46</value>
         <object_component_ref idref="oc-cf"/>
      </symbol>
      <symbol id="sm-371">
         <name>_XINT6_ISR</name>
         <value>0x9c12</value>
         <object_component_ref idref="oc-cf"/>
      </symbol>
      <symbol id="sm-372">
         <name>_EPWM2_INT_ISR</name>
         <value>0x9a82</value>
         <object_component_ref idref="oc-cf"/>
      </symbol>
      <symbol id="sm-373">
         <name>_ECAN0INTB_ISR</name>
         <value>0x9be0</value>
         <object_component_ref idref="oc-cf"/>
      </symbol>
      <symbol id="sm-374">
         <name>_TINT0_ISR</name>
         <value>0x9a28</value>
         <object_component_ref idref="oc-cf"/>
      </symbol>
      <symbol id="sm-375">
         <name>_WAKEINT_ISR</name>
         <value>0x9a32</value>
         <object_component_ref idref="oc-cf"/>
      </symbol>
      <symbol id="sm-376">
         <name>_DINTCH4_ISR</name>
         <value>0x9b5e</value>
         <object_component_ref idref="oc-cf"/>
      </symbol>
      <symbol id="sm-377">
         <name>_USER10_ISR</name>
         <value>0x99d8</value>
         <object_component_ref idref="oc-cf"/>
      </symbol>
      <symbol id="sm-378">
         <name>_USER7_ISR</name>
         <value>0x99ba</value>
         <object_component_ref idref="oc-cf"/>
      </symbol>
      <symbol id="sm-379">
         <name>_XINT1_ISR</name>
         <value>0x9a0a</value>
         <object_component_ref idref="oc-cf"/>
      </symbol>
      <symbol id="sm-37a">
         <name>_ECAP6_INT_ISR</name>
         <value>0x9ae6</value>
         <object_component_ref idref="oc-cf"/>
      </symbol>
      <symbol id="sm-37b">
         <name>_INT14_ISR</name>
         <value>0x9940</value>
         <object_component_ref idref="oc-cf"/>
      </symbol>
      <symbol id="sm-37c">
         <name>_MXINTB_ISR</name>
         <value>0x9b22</value>
         <object_component_ref idref="oc-cf"/>
      </symbol>
      <symbol id="sm-37d">
         <name>_DINTCH5_ISR</name>
         <value>0x9b68</value>
         <object_component_ref idref="oc-cf"/>
      </symbol>
      <symbol id="sm-37e">
         <name>_USER6_ISR</name>
         <value>0x99b0</value>
         <object_component_ref idref="oc-cf"/>
      </symbol>
      <symbol id="sm-37f">
         <name>_ECAP4_INT_ISR</name>
         <value>0x9ad2</value>
         <object_component_ref idref="oc-cf"/>
      </symbol>
      <symbol id="sm-380">
         <name>_MRINTA_ISR</name>
         <value>0x9b2c</value>
         <object_component_ref idref="oc-cf"/>
      </symbol>
      <symbol id="sm-381">
         <name>_DINTCH6_ISR</name>
         <value>0x9b72</value>
         <object_component_ref idref="oc-cf"/>
      </symbol>
      <symbol id="sm-382">
         <name>_USER12_ISR</name>
         <value>0x99ec</value>
         <object_component_ref idref="oc-cf"/>
      </symbol>
      <symbol id="sm-383">
         <name>_ADCINT_ISR</name>
         <value>0x9a1e</value>
         <object_component_ref idref="oc-cf"/>
      </symbol>
      <symbol id="sm-384">
         <name>_USER1_ISR</name>
         <value>0x997e</value>
         <object_component_ref idref="oc-cf"/>
      </symbol>
      <symbol id="sm-385">
         <name>_XINT3_ISR</name>
         <value>0x9bf4</value>
         <object_component_ref idref="oc-cf"/>
      </symbol>
      <symbol id="sm-386">
         <name>_EPWM5_INT_ISR</name>
         <value>0x9aa0</value>
         <object_component_ref idref="oc-cf"/>
      </symbol>
      <symbol id="sm-387">
         <name>_NMI_ISR</name>
         <value>0x9968</value>
         <object_component_ref idref="oc-cf"/>
      </symbol>
      <symbol id="sm-388">
         <name>_SCITXINTB_ISR</name>
         <value>0x9bc2</value>
         <object_component_ref idref="oc-cf"/>
      </symbol>
      <symbol id="sm-389">
         <name>_SCIRXINTB_ISR</name>
         <value>0x9bb8</value>
         <object_component_ref idref="oc-cf"/>
      </symbol>
      <symbol id="sm-38a">
         <name>_ECAN1INTA_ISR</name>
         <value>0x9bd6</value>
         <object_component_ref idref="oc-cf"/>
      </symbol>
      <symbol id="sm-38b">
         <name>_ECAP2_INT_ISR</name>
         <value>0x9abe</value>
         <object_component_ref idref="oc-cf"/>
      </symbol>
      <symbol id="sm-38c">
         <name>_PIE_RESERVED</name>
         <value>0x9c3a</value>
         <object_component_ref idref="oc-cf"/>
      </symbol>
      <symbol id="sm-38d">
         <name>_I2CINT1A_ISR</name>
         <value>0x9b7c</value>
         <object_component_ref idref="oc-cf"/>
      </symbol>
      <symbol id="sm-38e">
         <name>_XINT2_ISR</name>
         <value>0x9a14</value>
         <object_component_ref idref="oc-cf"/>
      </symbol>
      <symbol id="sm-38f">
         <name>_I2CINT2A_ISR</name>
         <value>0x9b86</value>
         <object_component_ref idref="oc-cf"/>
      </symbol>
      <symbol id="sm-390">
         <name>_SCITXINTC_ISR</name>
         <value>0x9b9a</value>
         <object_component_ref idref="oc-cf"/>
      </symbol>
      <symbol id="sm-391">
         <name>_SCIRXINTC_ISR</name>
         <value>0x9b90</value>
         <object_component_ref idref="oc-cf"/>
      </symbol>
      <symbol id="sm-392">
         <name>_RTOSINT_ISR</name>
         <value>0x9954</value>
         <object_component_ref idref="oc-cf"/>
      </symbol>
      <symbol id="sm-393">
         <name>_EPWM3_INT_ISR</name>
         <value>0x9a8c</value>
         <object_component_ref idref="oc-cf"/>
      </symbol>
      <symbol id="sm-394">
         <name>_ECAN1INTB_ISR</name>
         <value>0x9bea</value>
         <object_component_ref idref="oc-cf"/>
      </symbol>
      <symbol id="sm-395">
         <name>_USER9_ISR</name>
         <value>0x99ce</value>
         <object_component_ref idref="oc-cf"/>
      </symbol>
      <symbol id="sm-396">
         <name>_USER3_ISR</name>
         <value>0x9992</value>
         <object_component_ref idref="oc-cf"/>
      </symbol>
      <symbol id="sm-397">
         <name>_EQEP1_INT_ISR</name>
         <value>0x9af0</value>
         <object_component_ref idref="oc-cf"/>
      </symbol>
      <symbol id="sm-398">
         <name>_MRINTB_ISR</name>
         <value>0x9b18</value>
         <object_component_ref idref="oc-cf"/>
      </symbol>
      <symbol id="sm-399">
         <name>_DINTCH1_ISR</name>
         <value>0x9b40</value>
         <object_component_ref idref="oc-cf"/>
      </symbol>
      <symbol id="sm-39a">
         <name>_USER8_ISR</name>
         <value>0x99c4</value>
         <object_component_ref idref="oc-cf"/>
      </symbol>
      <symbol id="sm-39b">
         <name>_EPWM1_INT_ISR</name>
         <value>0x9a78</value>
         <object_component_ref idref="oc-cf"/>
      </symbol>
      <symbol id="sm-39c">
         <name>_SEQ2INT_ISR</name>
         <value>0x9a00</value>
         <object_component_ref idref="oc-cf"/>
      </symbol>
      <symbol id="sm-39d">
         <name>_USER2_ISR</name>
         <value>0x9988</value>
         <object_component_ref idref="oc-cf"/>
      </symbol>
      <symbol id="sm-39e">
         <name>_LUF_ISR</name>
         <value>0x9c30</value>
         <object_component_ref idref="oc-cf"/>
      </symbol>
      <symbol id="sm-39f">
         <name>_LVF_ISR</name>
         <value>0x9c26</value>
         <object_component_ref idref="oc-cf"/>
      </symbol>
      <symbol id="sm-3a0">
         <name>_SCITXINTA_ISR</name>
         <value>0x9bae</value>
         <object_component_ref idref="oc-cf"/>
      </symbol>
      <symbol id="sm-3a1">
         <name>_SCIRXINTA_ISR</name>
         <value>0x9ba4</value>
         <object_component_ref idref="oc-cf"/>
      </symbol>
      <symbol id="sm-3a2">
         <name>_rsvd_ISR</name>
         <value>0x9c44</value>
         <object_component_ref idref="oc-cf"/>
      </symbol>
      <symbol id="sm-3a3">
         <name>_ECAP5_INT_ISR</name>
         <value>0x9adc</value>
         <object_component_ref idref="oc-cf"/>
      </symbol>
      <symbol id="sm-3a4">
         <name>_DINTCH2_ISR</name>
         <value>0x9b4a</value>
         <object_component_ref idref="oc-cf"/>
      </symbol>
      <symbol id="sm-3a5">
         <name>_XINT5_ISR</name>
         <value>0x9c08</value>
         <object_component_ref idref="oc-cf"/>
      </symbol>
      <symbol id="sm-3c0">
         <name>_c_int00</name>
         <value>0x9ed1</value>
         <object_component_ref idref="oc-52"/>
      </symbol>
      <symbol id="sm-3c1">
         <name>__stack</name>
         <value>0xe000</value>
         <object_component_ref idref="oc-d4"/>
      </symbol>
      <symbol id="sm-3d0">
         <name>_copy_in</name>
         <value>0x9fdc</value>
         <object_component_ref idref="oc-100"/>
      </symbol>
      <symbol id="sm-3e1">
         <name>_memcpy</name>
         <value>0xa064</value>
         <object_component_ref idref="oc-106"/>
      </symbol>
      <symbol id="sm-3ed">
         <name>__system_pre_init</name>
         <value>0xa0bc</value>
         <object_component_ref idref="oc-ff"/>
      </symbol>
      <symbol id="sm-3fa">
         <name>__system_post_cinit</name>
         <value>0xa0be</value>
         <object_component_ref idref="oc-101"/>
      </symbol>
      <symbol id="sm-40e">
         <name>C$$EXIT</name>
         <value>0x9f8b</value>
         <object_component_ref idref="oc-103"/>
      </symbol>
      <symbol id="sm-40f">
         <name>_exit</name>
         <value>0x9f8d</value>
         <object_component_ref idref="oc-103"/>
      </symbol>
      <symbol id="sm-410">
         <name>___TI_cleanup_ptr</name>
         <value>0xe78a</value>
         <object_component_ref idref="oc-f0"/>
      </symbol>
      <symbol id="sm-411">
         <name>___TI_enable_exit_profile_output</name>
         <value>0xe788</value>
         <object_component_ref idref="oc-f0"/>
      </symbol>
      <symbol id="sm-412">
         <name>_abort</name>
         <value>0x9f8b</value>
         <object_component_ref idref="oc-103"/>
      </symbol>
      <symbol id="sm-413">
         <name>___TI_dtors_ptr</name>
         <value>0xe78c</value>
         <object_component_ref idref="oc-f0"/>
      </symbol>
      <symbol id="sm-427">
         <name>__unlock</name>
         <value>0xe792</value>
         <object_component_ref idref="oc-114"/>
      </symbol>
      <symbol id="sm-428">
         <name>__lock</name>
         <value>0xe77e</value>
         <object_component_ref idref="oc-108"/>
      </symbol>
      <symbol id="sm-429">
         <name>__register_lock</name>
         <value>0xa0b7</value>
         <object_component_ref idref="oc-110"/>
      </symbol>
      <symbol id="sm-42a">
         <name>__nop</name>
         <value>0xa0bb</value>
         <object_component_ref idref="oc-110"/>
      </symbol>
      <symbol id="sm-42b">
         <name>__register_unlock</name>
         <value>0xa0b3</value>
         <object_component_ref idref="oc-110"/>
      </symbol>
      <symbol id="sm-43a">
         <name>__args_main</name>
         <value>0xa081</value>
         <object_component_ref idref="oc-102"/>
      </symbol>
   </symbol_table>
   <title>Link successful</title>
</link_info>
