<?xml version="1.0"?>
<link_info>
   <banner>TMS320C2000 Linker PC v6.4.9</banner>
   <copyright>Copyright (c) 1996-2015 Texas Instruments Incorporated</copyright>
   <link_time>0x57e29fea</link_time>
   <link_errors>0x0</link_errors>
   <output_file>MRP_MLC28335_v01.out</output_file>
   <entry_point>
      <name>_c_int00</name>
      <address>0x9c59</address>
   </entry_point>
   <input_file_list>
      <input_file id="fl-2">
         <path>.\src\</path>
         <kind>object</kind>
         <file>01_LED_Display_Button.obj</file>
         <name>01_LED_Display_Button.obj</name>
      </input_file>
      <input_file id="fl-3">
         <path>.\src\</path>
         <kind>object</kind>
         <file>main.obj</file>
         <name>main.obj</name>
      </input_file>
      <input_file id="fl-e">
         <path>D:\dauz\Documents\Implementation\ccs 6\MLC_interface_lib\Debug\</path>
         <kind>archive</kind>
         <file>MLC_interface_lib.lib</file>
         <name>DSP2833x_GlobalVariableDefs.obj</name>
      </input_file>
      <input_file id="fl-f">
         <path>D:\dauz\Documents\Implementation\ccs 6\MLC_interface_lib\Debug\</path>
         <kind>archive</kind>
         <file>MLC_interface_lib.lib</file>
         <name>DSP2833x_PieCtrl.obj</name>
      </input_file>
      <input_file id="fl-10">
         <path>D:\dauz\Documents\Implementation\ccs 6\MLC_interface_lib\Debug\</path>
         <kind>archive</kind>
         <file>MLC_interface_lib.lib</file>
         <name>DSP2833x_PieVect.obj</name>
      </input_file>
      <input_file id="fl-11">
         <path>D:\dauz\Documents\Implementation\ccs 6\MLC_interface_lib\Debug\</path>
         <kind>archive</kind>
         <file>MLC_interface_lib.lib</file>
         <name>DSP2833x_SysCtrl.obj</name>
      </input_file>
      <input_file id="fl-12">
         <path>D:\dauz\Documents\Implementation\ccs 6\MLC_interface_lib\Debug\</path>
         <kind>archive</kind>
         <file>MLC_interface_lib.lib</file>
         <name>DSP2833x_usDelay.obj</name>
      </input_file>
      <input_file id="fl-13">
         <path>D:\dauz\Documents\Implementation\ccs 6\MLC_interface_lib\Debug\</path>
         <kind>archive</kind>
         <file>MLC_interface_lib.lib</file>
         <name>MLC_drv.obj</name>
      </input_file>
      <input_file id="fl-14">
         <path>D:\dauz\Documents\Implementation\ccs 6\MLC_interface_lib\Debug\</path>
         <kind>archive</kind>
         <file>MLC_interface_lib.lib</file>
         <name>DSP2833x_ADC_cal.obj</name>
      </input_file>
      <input_file id="fl-15">
         <path>D:\dauz\Documents\Implementation\ccs 6\MLC_interface_lib\Debug\</path>
         <kind>archive</kind>
         <file>MLC_interface_lib.lib</file>
         <name>DSP2833x_DefaultIsr.obj</name>
      </input_file>
      <input_file id="fl-1b">
         <path>C:\ti\ccsv6\tools\compiler\ti-cgt-c2000_6.4.9\lib\</path>
         <kind>archive</kind>
         <file>rts2800_fpu32.lib</file>
         <name>boot.obj</name>
      </input_file>
      <input_file id="fl-1c">
         <path>C:\ti\ccsv6\tools\compiler\ti-cgt-c2000_6.4.9\lib\</path>
         <kind>archive</kind>
         <file>rts2800_fpu32.lib</file>
         <name>exit.obj</name>
      </input_file>
      <input_file id="fl-1d">
         <path>C:\ti\ccsv6\tools\compiler\ti-cgt-c2000_6.4.9\lib\</path>
         <kind>archive</kind>
         <file>rts2800_fpu32.lib</file>
         <name>fs_div.obj</name>
      </input_file>
      <input_file id="fl-1e">
         <path>C:\ti\ccsv6\tools\compiler\ti-cgt-c2000_6.4.9\lib\</path>
         <kind>archive</kind>
         <file>rts2800_fpu32.lib</file>
         <name>_lock.obj</name>
      </input_file>
      <input_file id="fl-1f">
         <path>C:\ti\ccsv6\tools\compiler\ti-cgt-c2000_6.4.9\lib\</path>
         <kind>archive</kind>
         <file>rts2800_fpu32.lib</file>
         <name>args_main.obj</name>
      </input_file>
   </input_file_list>
   <object_component_list>
      <object_component id="oc-a5">
         <name>ramfuncs</name>
         <load_address>0x8064</load_address>
         <run_address>0x8064</run_address>
         <size>0x4</size>
         <input_file_ref idref="fl-12"/>
      </object_component>
      <object_component id="oc-e2">
         <name>.text</name>
         <load_address>0x9000</load_address>
         <run_address>0x9000</run_address>
         <size>0x71a</size>
         <input_file_ref idref="fl-13"/>
      </object_component>
      <object_component id="oc-b9">
         <name>.text:retain</name>
         <load_address>0x971a</load_address>
         <run_address>0x971a</run_address>
         <size>0x318</size>
         <input_file_ref idref="fl-15"/>
      </object_component>
      <object_component id="oc-df">
         <name>.text</name>
         <load_address>0x9a32</load_address>
         <run_address>0x9a32</run_address>
         <size>0xf8</size>
         <input_file_ref idref="fl-11"/>
      </object_component>
      <object_component id="oc-e3">
         <name>.text</name>
         <load_address>0x9b2a</load_address>
         <run_address>0x9b2a</run_address>
         <size>0xa7</size>
         <input_file_ref idref="fl-2"/>
      </object_component>
      <object_component id="oc-cb">
         <name>.text</name>
         <load_address>0x9bd1</load_address>
         <run_address>0x9bd1</run_address>
         <size>0x88</size>
         <input_file_ref idref="fl-1d"/>
      </object_component>
      <object_component id="oc-52">
         <name>.text</name>
         <load_address>0x9c59</load_address>
         <run_address>0x9c59</run_address>
         <size>0x46</size>
         <input_file_ref idref="fl-1b"/>
      </object_component>
      <object_component id="oc-e0">
         <name>.text</name>
         <load_address>0x9c9f</load_address>
         <run_address>0x9c9f</run_address>
         <size>0x28</size>
         <input_file_ref idref="fl-f"/>
      </object_component>
      <object_component id="oc-e1">
         <name>.text</name>
         <load_address>0x9cc7</load_address>
         <run_address>0x9cc7</run_address>
         <size>0x22</size>
         <input_file_ref idref="fl-10"/>
      </object_component>
      <object_component id="oc-ae">
         <name>.text:retain</name>
         <load_address>0x9ce9</load_address>
         <run_address>0x9ce9</run_address>
         <size>0x22</size>
         <input_file_ref idref="fl-13"/>
      </object_component>
      <object_component id="oc-da">
         <name>.text</name>
         <load_address>0x9d0b</load_address>
         <run_address>0x9d0b</run_address>
         <size>0x19</size>
         <input_file_ref idref="fl-1f"/>
      </object_component>
      <object_component id="oc-db">
         <name>.text</name>
         <load_address>0x9d24</load_address>
         <run_address>0x9d24</run_address>
         <size>0x19</size>
         <input_file_ref idref="fl-1c"/>
      </object_component>
      <object_component id="oc-dc">
         <name>.text</name>
         <load_address>0x9d3d</load_address>
         <run_address>0x9d3d</run_address>
         <size>0x17</size>
         <input_file_ref idref="fl-3"/>
      </object_component>
      <object_component id="oc-e4">
         <name>.text</name>
         <load_address>0x9d54</load_address>
         <run_address>0x9d54</run_address>
         <size>0x9</size>
         <input_file_ref idref="fl-1e"/>
      </object_component>
      <object_component id="oc-ab">
         <name>.cinit</name>
         <load_address>0x8000</load_address>
         <run_address>0x8000</run_address>
         <size>0x3c</size>
         <input_file_ref idref="fl-13"/>
      </object_component>
      <object_component id="oc-54">
         <name>.cinit</name>
         <load_address>0x803c</load_address>
         <run_address>0x803c</run_address>
         <size>0x12</size>
         <input_file_ref idref="fl-2"/>
      </object_component>
      <object_component id="oc-c5">
         <name>.cinit</name>
         <load_address>0x804e</load_address>
         <run_address>0x804e</run_address>
         <size>0xa</size>
         <input_file_ref idref="fl-1c"/>
      </object_component>
      <object_component id="oc-de">
         <name>.cinit:__lock</name>
         <load_address>0x8058</load_address>
         <run_address>0x8058</run_address>
         <size>0x5</size>
         <input_file_ref idref="fl-1e"/>
      </object_component>
      <object_component id="oc-e5">
         <name>.cinit:__unlock</name>
         <load_address>0x805d</load_address>
         <run_address>0x805d</run_address>
         <size>0x5</size>
         <input_file_ref idref="fl-1e"/>
      </object_component>
      <object_component id="oc-be">
         <name>.stack</name>
         <uninitialized>true</uninitialized>
         <run_address>0xe000</run_address>
         <size>0x0</size>
         <input_file_ref idref="fl-1b"/>
      </object_component>
      <object_component id="oc-141">
         <name>.stack</name>
         <uninitialized>true</uninitialized>
         <run_address>0xe000</run_address>
         <size>0x0</size>
      </object_component>
      <object_component id="oc-55">
         <name>.ebss</name>
         <uninitialized>true</uninitialized>
         <run_address>0xe7c0</run_address>
         <size>0x6</size>
         <input_file_ref idref="fl-2"/>
      </object_component>
      <object_component id="oc-5c">
         <name>.ebss</name>
         <uninitialized>true</uninitialized>
         <run_address>0xe7b8</run_address>
         <size>0x8</size>
         <input_file_ref idref="fl-3"/>
      </object_component>
      <object_component id="oc-ac">
         <name>.ebss</name>
         <uninitialized>true</uninitialized>
         <run_address>0xe78a</run_address>
         <size>0x2d</size>
         <input_file_ref idref="fl-13"/>
      </object_component>
      <object_component id="oc-c6">
         <name>.ebss</name>
         <uninitialized>true</uninitialized>
         <run_address>0xe7c6</run_address>
         <size>0x4</size>
         <input_file_ref idref="fl-1c"/>
      </object_component>
      <object_component id="oc-e6">
         <name>.ebss:__unlock</name>
         <uninitialized>true</uninitialized>
         <run_address>0xe7cc</run_address>
         <size>0x2</size>
         <input_file_ref idref="fl-1e"/>
      </object_component>
      <object_component id="oc-dd">
         <name>.ebss:__lock</name>
         <uninitialized>true</uninitialized>
         <run_address>0xe7ca</run_address>
         <size>0x2</size>
         <input_file_ref idref="fl-1e"/>
      </object_component>
      <object_component id="oc-9b">
         <name>.econst</name>
         <load_address>0xe600</load_address>
         <run_address>0xe600</run_address>
         <size>0x100</size>
         <input_file_ref idref="fl-10"/>
      </object_component>
      <object_component id="oc-56">
         <name>.econst:.string</name>
         <load_address>0xe700</load_address>
         <run_address>0xe700</run_address>
         <size>0x8a</size>
         <input_file_ref idref="fl-2"/>
      </object_component>
      <object_component id="oc-ad">
         <name>DMARAML6</name>
         <uninitialized>true</uninitialized>
         <run_address>0xe7ce</run_address>
         <size>0x30</size>
         <input_file_ref idref="fl-13"/>
      </object_component>
      <object_component id="oc-bf">
         <name>.reset</name>
         <load_address>0x3fffc0</load_address>
         <run_address>0x3fffc0</run_address>
         <size>0x2</size>
         <input_file_ref idref="fl-1b"/>
      </object_component>
      <object_component id="oc-b3">
         <name>.adc_cal</name>
         <load_address>0x380080</load_address>
         <run_address>0x380080</run_address>
         <size>0x7</size>
         <input_file_ref idref="fl-14"/>
      </object_component>
      <object_component id="oc-93">
         <name>PieVectTableFile</name>
         <uninitialized>true</uninitialized>
         <run_address>0xd00</run_address>
         <size>0x100</size>
         <input_file_ref idref="fl-e"/>
      </object_component>
      <object_component id="oc-8f">
         <name>DevEmuRegsFile</name>
         <uninitialized>true</uninitialized>
         <run_address>0x880</run_address>
         <size>0xd0</size>
         <input_file_ref idref="fl-e"/>
      </object_component>
      <object_component id="oc-65">
         <name>FlashRegsFile</name>
         <uninitialized>true</uninitialized>
         <run_address>0xa80</run_address>
         <size>0x8</size>
         <input_file_ref idref="fl-e"/>
      </object_component>
      <object_component id="oc-6d">
         <name>CsmRegsFile</name>
         <uninitialized>true</uninitialized>
         <run_address>0xae0</run_address>
         <size>0x10</size>
         <input_file_ref idref="fl-e"/>
      </object_component>
      <object_component id="oc-6e">
         <name>AdcMirrorFile</name>
         <uninitialized>true</uninitialized>
         <run_address>0xb00</run_address>
         <size>0x10</size>
         <input_file_ref idref="fl-e"/>
      </object_component>
      <object_component id="oc-72">
         <name>XintfRegsFile</name>
         <uninitialized>true</uninitialized>
         <run_address>0xb20</run_address>
         <size>0x1e</size>
         <input_file_ref idref="fl-e"/>
      </object_component>
      <object_component id="oc-66">
         <name>CpuTimer0RegsFile</name>
         <uninitialized>true</uninitialized>
         <run_address>0xc00</run_address>
         <size>0x8</size>
         <input_file_ref idref="fl-e"/>
      </object_component>
      <object_component id="oc-67">
         <name>CpuTimer1RegsFile</name>
         <uninitialized>true</uninitialized>
         <run_address>0xc08</run_address>
         <size>0x8</size>
         <input_file_ref idref="fl-e"/>
      </object_component>
      <object_component id="oc-63">
         <name>CpuTimer2RegsFile</name>
         <uninitialized>true</uninitialized>
         <run_address>0xc10</run_address>
         <size>0x8</size>
         <input_file_ref idref="fl-e"/>
      </object_component>
      <object_component id="oc-70">
         <name>PieCtrlRegsFile</name>
         <uninitialized>true</uninitialized>
         <run_address>0xce0</run_address>
         <size>0x1a</size>
         <input_file_ref idref="fl-e"/>
      </object_component>
      <object_component id="oc-90">
         <name>DmaRegsFile</name>
         <uninitialized>true</uninitialized>
         <run_address>0x1000</run_address>
         <size>0xe0</size>
         <input_file_ref idref="fl-e"/>
      </object_component>
      <object_component id="oc-83">
         <name>McbspaRegsFile</name>
         <uninitialized>true</uninitialized>
         <run_address>0x5000</run_address>
         <size>0x25</size>
         <input_file_ref idref="fl-e"/>
      </object_component>
      <object_component id="oc-82">
         <name>McbspbRegsFile</name>
         <uninitialized>true</uninitialized>
         <run_address>0x5040</run_address>
         <size>0x25</size>
         <input_file_ref idref="fl-e"/>
      </object_component>
      <object_component id="oc-85">
         <name>ECanaRegsFile</name>
         <uninitialized>true</uninitialized>
         <run_address>0x6000</run_address>
         <size>0x34</size>
         <input_file_ref idref="fl-e"/>
      </object_component>
      <object_component id="oc-89">
         <name>ECanaLAMRegsFile</name>
         <uninitialized>true</uninitialized>
         <run_address>0x6040</run_address>
         <size>0x40</size>
         <input_file_ref idref="fl-e"/>
      </object_component>
      <object_component id="oc-92">
         <name>ECanaMboxesFile</name>
         <uninitialized>true</uninitialized>
         <run_address>0x6100</run_address>
         <size>0x100</size>
         <input_file_ref idref="fl-e"/>
      </object_component>
      <object_component id="oc-8a">
         <name>ECanaMOTSRegsFile</name>
         <uninitialized>true</uninitialized>
         <run_address>0x6080</run_address>
         <size>0x40</size>
         <input_file_ref idref="fl-e"/>
      </object_component>
      <object_component id="oc-87">
         <name>ECanaMOTORegsFile</name>
         <uninitialized>true</uninitialized>
         <run_address>0x60c0</run_address>
         <size>0x40</size>
         <input_file_ref idref="fl-e"/>
      </object_component>
      <object_component id="oc-86">
         <name>ECanbRegsFile</name>
         <uninitialized>true</uninitialized>
         <run_address>0x6200</run_address>
         <size>0x34</size>
         <input_file_ref idref="fl-e"/>
      </object_component>
      <object_component id="oc-8e">
         <name>ECanbLAMRegsFile</name>
         <uninitialized>true</uninitialized>
         <run_address>0x6240</run_address>
         <size>0x40</size>
         <input_file_ref idref="fl-e"/>
      </object_component>
      <object_component id="oc-91">
         <name>ECanbMboxesFile</name>
         <uninitialized>true</uninitialized>
         <run_address>0x6300</run_address>
         <size>0x100</size>
         <input_file_ref idref="fl-e"/>
      </object_component>
      <object_component id="oc-88">
         <name>ECanbMOTSRegsFile</name>
         <uninitialized>true</uninitialized>
         <run_address>0x6280</run_address>
         <size>0x40</size>
         <input_file_ref idref="fl-e"/>
      </object_component>
      <object_component id="oc-8b">
         <name>ECanbMOTORegsFile</name>
         <uninitialized>true</uninitialized>
         <run_address>0x62c0</run_address>
         <size>0x40</size>
         <input_file_ref idref="fl-e"/>
      </object_component>
      <object_component id="oc-80">
         <name>EPwm1RegsFile</name>
         <uninitialized>true</uninitialized>
         <run_address>0x6800</run_address>
         <size>0x22</size>
         <input_file_ref idref="fl-e"/>
      </object_component>
      <object_component id="oc-7b">
         <name>EPwm2RegsFile</name>
         <uninitialized>true</uninitialized>
         <run_address>0x6840</run_address>
         <size>0x22</size>
         <input_file_ref idref="fl-e"/>
      </object_component>
      <object_component id="oc-7c">
         <name>EPwm3RegsFile</name>
         <uninitialized>true</uninitialized>
         <run_address>0x6880</run_address>
         <size>0x22</size>
         <input_file_ref idref="fl-e"/>
      </object_component>
      <object_component id="oc-81">
         <name>EPwm4RegsFile</name>
         <uninitialized>true</uninitialized>
         <run_address>0x68c0</run_address>
         <size>0x22</size>
         <input_file_ref idref="fl-e"/>
      </object_component>
      <object_component id="oc-7e">
         <name>EPwm5RegsFile</name>
         <uninitialized>true</uninitialized>
         <run_address>0x6900</run_address>
         <size>0x22</size>
         <input_file_ref idref="fl-e"/>
      </object_component>
      <object_component id="oc-7f">
         <name>EPwm6RegsFile</name>
         <uninitialized>true</uninitialized>
         <run_address>0x6940</run_address>
         <size>0x22</size>
         <input_file_ref idref="fl-e"/>
      </object_component>
      <object_component id="oc-75">
         <name>ECap1RegsFile</name>
         <uninitialized>true</uninitialized>
         <run_address>0x6a00</run_address>
         <size>0x20</size>
         <input_file_ref idref="fl-e"/>
      </object_component>
      <object_component id="oc-76">
         <name>ECap2RegsFile</name>
         <uninitialized>true</uninitialized>
         <run_address>0x6a20</run_address>
         <size>0x20</size>
         <input_file_ref idref="fl-e"/>
      </object_component>
      <object_component id="oc-73">
         <name>ECap3RegsFile</name>
         <uninitialized>true</uninitialized>
         <run_address>0x6a40</run_address>
         <size>0x20</size>
         <input_file_ref idref="fl-e"/>
      </object_component>
      <object_component id="oc-74">
         <name>ECap4RegsFile</name>
         <uninitialized>true</uninitialized>
         <run_address>0x6a60</run_address>
         <size>0x20</size>
         <input_file_ref idref="fl-e"/>
      </object_component>
      <object_component id="oc-79">
         <name>ECap5RegsFile</name>
         <uninitialized>true</uninitialized>
         <run_address>0x6a80</run_address>
         <size>0x20</size>
         <input_file_ref idref="fl-e"/>
      </object_component>
      <object_component id="oc-7a">
         <name>ECap6RegsFile</name>
         <uninitialized>true</uninitialized>
         <run_address>0x6aa0</run_address>
         <size>0x20</size>
         <input_file_ref idref="fl-e"/>
      </object_component>
      <object_component id="oc-8c">
         <name>EQep1RegsFile</name>
         <uninitialized>true</uninitialized>
         <run_address>0x6b00</run_address>
         <size>0x40</size>
         <input_file_ref idref="fl-e"/>
      </object_component>
      <object_component id="oc-8d">
         <name>EQep2RegsFile</name>
         <uninitialized>true</uninitialized>
         <run_address>0x6b40</run_address>
         <size>0x40</size>
         <input_file_ref idref="fl-e"/>
      </object_component>
      <object_component id="oc-84">
         <name>GpioCtrlRegsFile</name>
         <uninitialized>true</uninitialized>
         <run_address>0x6f80</run_address>
         <size>0x2e</size>
         <input_file_ref idref="fl-e"/>
      </object_component>
      <object_component id="oc-77">
         <name>GpioDataRegsFile</name>
         <uninitialized>true</uninitialized>
         <run_address>0x6fc0</run_address>
         <size>0x20</size>
         <input_file_ref idref="fl-e"/>
      </object_component>
      <object_component id="oc-68">
         <name>GpioIntRegsFile</name>
         <uninitialized>true</uninitialized>
         <run_address>0x6fe0</run_address>
         <size>0xa</size>
         <input_file_ref idref="fl-e"/>
      </object_component>
      <object_component id="oc-78">
         <name>SysCtrlRegsFile</name>
         <uninitialized>true</uninitialized>
         <run_address>0x7010</run_address>
         <size>0x20</size>
         <input_file_ref idref="fl-e"/>
      </object_component>
      <object_component id="oc-69">
         <name>SpiaRegsFile</name>
         <uninitialized>true</uninitialized>
         <run_address>0x7040</run_address>
         <size>0x10</size>
         <input_file_ref idref="fl-e"/>
      </object_component>
      <object_component id="oc-6c">
         <name>SciaRegsFile</name>
         <uninitialized>true</uninitialized>
         <run_address>0x7050</run_address>
         <size>0x10</size>
         <input_file_ref idref="fl-e"/>
      </object_component>
      <object_component id="oc-6f">
         <name>XIntruptRegsFile</name>
         <uninitialized>true</uninitialized>
         <run_address>0x7070</run_address>
         <size>0x10</size>
         <input_file_ref idref="fl-e"/>
      </object_component>
      <object_component id="oc-71">
         <name>AdcRegsFile</name>
         <uninitialized>true</uninitialized>
         <run_address>0x7100</run_address>
         <size>0x1e</size>
         <input_file_ref idref="fl-e"/>
      </object_component>
      <object_component id="oc-6a">
         <name>ScibRegsFile</name>
         <uninitialized>true</uninitialized>
         <run_address>0x7750</run_address>
         <size>0x10</size>
         <input_file_ref idref="fl-e"/>
      </object_component>
      <object_component id="oc-6b">
         <name>ScicRegsFile</name>
         <uninitialized>true</uninitialized>
         <run_address>0x7770</run_address>
         <size>0x10</size>
         <input_file_ref idref="fl-e"/>
      </object_component>
      <object_component id="oc-7d">
         <name>I2caRegsFile</name>
         <uninitialized>true</uninitialized>
         <run_address>0x7900</run_address>
         <size>0x22</size>
         <input_file_ref idref="fl-e"/>
      </object_component>
      <object_component id="oc-64">
         <name>CsmPwlFile</name>
         <uninitialized>true</uninitialized>
         <run_address>0x33fff8</run_address>
         <size>0x8</size>
         <input_file_ref idref="fl-e"/>
      </object_component>
      <object_component id="oc-62">
         <name>PartIdRegsFile</name>
         <uninitialized>true</uninitialized>
         <run_address>0x380090</run_address>
         <size>0x1</size>
         <input_file_ref idref="fl-e"/>
      </object_component>
      <object_component id="oc-53">
         <name>.debug_info</name>
         <load_address>0x0</load_address>
         <run_address>0x0</run_address>
         <size>0x200d</size>
         <input_file_ref idref="fl-2"/>
      </object_component>
      <object_component id="oc-5b">
         <name>.debug_info</name>
         <load_address>0x200d</load_address>
         <run_address>0x200d</run_address>
         <size>0x512</size>
         <input_file_ref idref="fl-3"/>
      </object_component>
      <object_component id="oc-61">
         <name>.debug_info</name>
         <load_address>0x251f</load_address>
         <run_address>0x251f</run_address>
         <size>0x133a3</size>
         <input_file_ref idref="fl-e"/>
      </object_component>
      <object_component id="oc-95">
         <name>.debug_info</name>
         <load_address>0x158c2</load_address>
         <run_address>0x158c2</run_address>
         <size>0xb6f</size>
         <input_file_ref idref="fl-f"/>
      </object_component>
      <object_component id="oc-9a">
         <name>.debug_info</name>
         <load_address>0x16431</load_address>
         <run_address>0x16431</run_address>
         <size>0x22d5</size>
         <input_file_ref idref="fl-10"/>
      </object_component>
      <object_component id="oc-a0">
         <name>.debug_info</name>
         <load_address>0x18706</load_address>
         <run_address>0x18706</run_address>
         <size>0x20b8</size>
         <input_file_ref idref="fl-11"/>
      </object_component>
      <object_component id="oc-a6">
         <name>.debug_info</name>
         <load_address>0x1a7be</load_address>
         <run_address>0x1a7be</run_address>
         <size>0x104</size>
         <input_file_ref idref="fl-12"/>
      </object_component>
      <object_component id="oc-aa">
         <name>.debug_info</name>
         <load_address>0x1a8c2</load_address>
         <run_address>0x1a8c2</run_address>
         <size>0x880a</size>
         <input_file_ref idref="fl-13"/>
      </object_component>
      <object_component id="oc-b4">
         <name>.debug_info</name>
         <load_address>0x230cc</load_address>
         <run_address>0x230cc</run_address>
         <size>0x104</size>
         <input_file_ref idref="fl-14"/>
      </object_component>
      <object_component id="oc-b8">
         <name>.debug_info</name>
         <load_address>0x231d0</load_address>
         <run_address>0x231d0</run_address>
         <size>0x23e0</size>
         <input_file_ref idref="fl-15"/>
      </object_component>
      <object_component id="oc-c0">
         <name>.debug_info</name>
         <load_address>0x255b0</load_address>
         <run_address>0x255b0</run_address>
         <size>0x128</size>
         <input_file_ref idref="fl-1b"/>
      </object_component>
      <object_component id="oc-c4">
         <name>.debug_info</name>
         <load_address>0x256d8</load_address>
         <run_address>0x256d8</run_address>
         <size>0x4d1</size>
         <input_file_ref idref="fl-1c"/>
      </object_component>
      <object_component id="oc-cc">
         <name>.debug_info</name>
         <load_address>0x25ba9</load_address>
         <run_address>0x25ba9</run_address>
         <size>0x10a</size>
         <input_file_ref idref="fl-1d"/>
      </object_component>
      <object_component id="oc-d0">
         <name>.debug_info</name>
         <load_address>0x25cb3</load_address>
         <run_address>0x25cb3</run_address>
         <size>0x4fb</size>
         <input_file_ref idref="fl-1e"/>
      </object_component>
      <object_component id="oc-d5">
         <name>.debug_info</name>
         <load_address>0x261ae</load_address>
         <run_address>0x261ae</run_address>
         <size>0x4c8</size>
         <input_file_ref idref="fl-1f"/>
      </object_component>
      <object_component id="oc-143">
         <name>.debug_info</name>
         <load_address>0x26676</load_address>
         <run_address>0x26676</run_address>
         <size>0xb0</size>
      </object_component>
      <object_component id="oc-57">
         <name>.debug_frame</name>
         <load_address>0x0</load_address>
         <run_address>0x0</run_address>
         <size>0xbd</size>
         <input_file_ref idref="fl-2"/>
      </object_component>
      <object_component id="oc-5d">
         <name>.debug_frame</name>
         <load_address>0xbd</load_address>
         <run_address>0xbd</run_address>
         <size>0xa1</size>
         <input_file_ref idref="fl-3"/>
      </object_component>
      <object_component id="oc-96">
         <name>.debug_frame</name>
         <load_address>0x15e</load_address>
         <run_address>0x15e</run_address>
         <size>0xb6</size>
         <input_file_ref idref="fl-f"/>
      </object_component>
      <object_component id="oc-9c">
         <name>.debug_frame</name>
         <load_address>0x214</load_address>
         <run_address>0x214</run_address>
         <size>0xa7</size>
         <input_file_ref idref="fl-10"/>
      </object_component>
      <object_component id="oc-a1">
         <name>.debug_frame</name>
         <load_address>0x2bb</load_address>
         <run_address>0x2bb</run_address>
         <size>0x118</size>
         <input_file_ref idref="fl-11"/>
      </object_component>
      <object_component id="oc-af">
         <name>.debug_frame</name>
         <load_address>0x3d3</load_address>
         <run_address>0x3d3</run_address>
         <size>0x759</size>
         <input_file_ref idref="fl-13"/>
      </object_component>
      <object_component id="oc-ba">
         <name>.debug_frame</name>
         <load_address>0xb2c</load_address>
         <run_address>0xb2c</run_address>
         <size>0xbfa</size>
         <input_file_ref idref="fl-15"/>
      </object_component>
      <object_component id="oc-c7">
         <name>.debug_frame</name>
         <load_address>0x1726</load_address>
         <run_address>0x1726</run_address>
         <size>0xbf</size>
         <input_file_ref idref="fl-1c"/>
      </object_component>
      <object_component id="oc-d1">
         <name>.debug_frame</name>
         <load_address>0x17e5</load_address>
         <run_address>0x17e5</run_address>
         <size>0xcb</size>
         <input_file_ref idref="fl-1e"/>
      </object_component>
      <object_component id="oc-d6">
         <name>.debug_frame</name>
         <load_address>0x18b0</load_address>
         <run_address>0x18b0</run_address>
         <size>0xa1</size>
         <input_file_ref idref="fl-1f"/>
      </object_component>
      <object_component id="oc-58">
         <name>.debug_line</name>
         <load_address>0x0</load_address>
         <run_address>0x0</run_address>
         <size>0xcd</size>
         <input_file_ref idref="fl-2"/>
      </object_component>
      <object_component id="oc-5e">
         <name>.debug_line</name>
         <load_address>0xcd</load_address>
         <run_address>0xcd</run_address>
         <size>0x56</size>
         <input_file_ref idref="fl-3"/>
      </object_component>
      <object_component id="oc-97">
         <name>.debug_line</name>
         <load_address>0x123</load_address>
         <run_address>0x123</run_address>
         <size>0x8c</size>
         <input_file_ref idref="fl-f"/>
      </object_component>
      <object_component id="oc-9d">
         <name>.debug_line</name>
         <load_address>0x1af</load_address>
         <run_address>0x1af</run_address>
         <size>0x6e</size>
         <input_file_ref idref="fl-10"/>
      </object_component>
      <object_component id="oc-a2">
         <name>.debug_line</name>
         <load_address>0x21d</load_address>
         <run_address>0x21d</run_address>
         <size>0x14b</size>
         <input_file_ref idref="fl-11"/>
      </object_component>
      <object_component id="oc-a7">
         <name>.debug_line</name>
         <load_address>0x368</load_address>
         <run_address>0x368</run_address>
         <size>0x4e</size>
         <input_file_ref idref="fl-12"/>
      </object_component>
      <object_component id="oc-b0">
         <name>.debug_line</name>
         <load_address>0x3b6</load_address>
         <run_address>0x3b6</run_address>
         <size>0xa74</size>
         <input_file_ref idref="fl-13"/>
      </object_component>
      <object_component id="oc-b5">
         <name>.debug_line</name>
         <load_address>0xe2a</load_address>
         <run_address>0xe2a</run_address>
         <size>0x4f</size>
         <input_file_ref idref="fl-14"/>
      </object_component>
      <object_component id="oc-bb">
         <name>.debug_line</name>
         <load_address>0xe79</load_address>
         <run_address>0xe79</run_address>
         <size>0x757</size>
         <input_file_ref idref="fl-15"/>
      </object_component>
      <object_component id="oc-c1">
         <name>.debug_line</name>
         <load_address>0x15d0</load_address>
         <run_address>0x15d0</run_address>
         <size>0x74</size>
         <input_file_ref idref="fl-1b"/>
      </object_component>
      <object_component id="oc-c8">
         <name>.debug_line</name>
         <load_address>0x1644</load_address>
         <run_address>0x1644</run_address>
         <size>0x65</size>
         <input_file_ref idref="fl-1c"/>
      </object_component>
      <object_component id="oc-cd">
         <name>.debug_line</name>
         <load_address>0x16a9</load_address>
         <run_address>0x16a9</run_address>
         <size>0xad</size>
         <input_file_ref idref="fl-1d"/>
      </object_component>
      <object_component id="oc-d2">
         <name>.debug_line</name>
         <load_address>0x1756</load_address>
         <run_address>0x1756</run_address>
         <size>0x5e</size>
         <input_file_ref idref="fl-1e"/>
      </object_component>
      <object_component id="oc-d7">
         <name>.debug_line</name>
         <load_address>0x17b4</load_address>
         <run_address>0x17b4</run_address>
         <size>0x59</size>
         <input_file_ref idref="fl-1f"/>
      </object_component>
      <object_component id="oc-59">
         <name>.debug_abbrev</name>
         <load_address>0x0</load_address>
         <run_address>0x0</run_address>
         <size>0x118</size>
         <input_file_ref idref="fl-2"/>
      </object_component>
      <object_component id="oc-5f">
         <name>.debug_abbrev</name>
         <load_address>0x118</load_address>
         <run_address>0x118</run_address>
         <size>0xa0</size>
         <input_file_ref idref="fl-3"/>
      </object_component>
      <object_component id="oc-94">
         <name>.debug_abbrev</name>
         <load_address>0x1b8</load_address>
         <run_address>0x1b8</run_address>
         <size>0xb7</size>
         <input_file_ref idref="fl-e"/>
      </object_component>
      <object_component id="oc-98">
         <name>.debug_abbrev</name>
         <load_address>0x26f</load_address>
         <run_address>0x26f</run_address>
         <size>0xc8</size>
         <input_file_ref idref="fl-f"/>
      </object_component>
      <object_component id="oc-9e">
         <name>.debug_abbrev</name>
         <load_address>0x337</load_address>
         <run_address>0x337</run_address>
         <size>0x116</size>
         <input_file_ref idref="fl-10"/>
      </object_component>
      <object_component id="oc-a3">
         <name>.debug_abbrev</name>
         <load_address>0x44d</load_address>
         <run_address>0x44d</run_address>
         <size>0x17b</size>
         <input_file_ref idref="fl-11"/>
      </object_component>
      <object_component id="oc-a8">
         <name>.debug_abbrev</name>
         <load_address>0x5c8</load_address>
         <run_address>0x5c8</run_address>
         <size>0x2f</size>
         <input_file_ref idref="fl-12"/>
      </object_component>
      <object_component id="oc-b1">
         <name>.debug_abbrev</name>
         <load_address>0x5f7</load_address>
         <run_address>0x5f7</run_address>
         <size>0x207</size>
         <input_file_ref idref="fl-13"/>
      </object_component>
      <object_component id="oc-b6">
         <name>.debug_abbrev</name>
         <load_address>0x7fe</load_address>
         <run_address>0x7fe</run_address>
         <size>0x2f</size>
         <input_file_ref idref="fl-14"/>
      </object_component>
      <object_component id="oc-bc">
         <name>.debug_abbrev</name>
         <load_address>0x82d</load_address>
         <run_address>0x82d</run_address>
         <size>0xe0</size>
         <input_file_ref idref="fl-15"/>
      </object_component>
      <object_component id="oc-c2">
         <name>.debug_abbrev</name>
         <load_address>0x90d</load_address>
         <run_address>0x90d</run_address>
         <size>0x46</size>
         <input_file_ref idref="fl-1b"/>
      </object_component>
      <object_component id="oc-c9">
         <name>.debug_abbrev</name>
         <load_address>0x953</load_address>
         <run_address>0x953</run_address>
         <size>0x117</size>
         <input_file_ref idref="fl-1c"/>
      </object_component>
      <object_component id="oc-ce">
         <name>.debug_abbrev</name>
         <load_address>0xa6a</load_address>
         <run_address>0xa6a</run_address>
         <size>0x38</size>
         <input_file_ref idref="fl-1d"/>
      </object_component>
      <object_component id="oc-d3">
         <name>.debug_abbrev</name>
         <load_address>0xaa2</load_address>
         <run_address>0xaa2</run_address>
         <size>0xb2</size>
         <input_file_ref idref="fl-1e"/>
      </object_component>
      <object_component id="oc-d8">
         <name>.debug_abbrev</name>
         <load_address>0xb54</load_address>
         <run_address>0xb54</run_address>
         <size>0xfe</size>
         <input_file_ref idref="fl-1f"/>
      </object_component>
      <object_component id="oc-144">
         <name>.debug_abbrev</name>
         <load_address>0xc52</load_address>
         <run_address>0xc52</run_address>
         <size>0xf</size>
      </object_component>
      <object_component id="oc-5a">
         <name>.debug_aranges</name>
         <load_address>0x0</load_address>
         <run_address>0x0</run_address>
         <size>0x28</size>
         <input_file_ref idref="fl-2"/>
      </object_component>
      <object_component id="oc-60">
         <name>.debug_aranges</name>
         <load_address>0x28</load_address>
         <run_address>0x28</run_address>
         <size>0x20</size>
         <input_file_ref idref="fl-3"/>
      </object_component>
      <object_component id="oc-99">
         <name>.debug_aranges</name>
         <load_address>0x48</load_address>
         <run_address>0x48</run_address>
         <size>0x28</size>
         <input_file_ref idref="fl-f"/>
      </object_component>
      <object_component id="oc-9f">
         <name>.debug_aranges</name>
         <load_address>0x70</load_address>
         <run_address>0x70</run_address>
         <size>0x20</size>
         <input_file_ref idref="fl-10"/>
      </object_component>
      <object_component id="oc-a4">
         <name>.debug_aranges</name>
         <load_address>0x90</load_address>
         <run_address>0x90</run_address>
         <size>0x48</size>
         <input_file_ref idref="fl-11"/>
      </object_component>
      <object_component id="oc-a9">
         <name>.debug_aranges</name>
         <load_address>0xd8</load_address>
         <run_address>0xd8</run_address>
         <size>0x20</size>
         <input_file_ref idref="fl-12"/>
      </object_component>
      <object_component id="oc-b2">
         <name>.debug_aranges</name>
         <load_address>0xf8</load_address>
         <run_address>0xf8</run_address>
         <size>0x240</size>
         <input_file_ref idref="fl-13"/>
      </object_component>
      <object_component id="oc-b7">
         <name>.debug_aranges</name>
         <load_address>0x338</load_address>
         <run_address>0x338</run_address>
         <size>0x20</size>
         <input_file_ref idref="fl-14"/>
      </object_component>
      <object_component id="oc-bd">
         <name>.debug_aranges</name>
         <load_address>0x358</load_address>
         <run_address>0x358</run_address>
         <size>0x290</size>
         <input_file_ref idref="fl-15"/>
      </object_component>
      <object_component id="oc-c3">
         <name>.debug_aranges</name>
         <load_address>0x5e8</load_address>
         <run_address>0x5e8</run_address>
         <size>0x20</size>
         <input_file_ref idref="fl-1b"/>
      </object_component>
      <object_component id="oc-ca">
         <name>.debug_aranges</name>
         <load_address>0x608</load_address>
         <run_address>0x608</run_address>
         <size>0x28</size>
         <input_file_ref idref="fl-1c"/>
      </object_component>
      <object_component id="oc-cf">
         <name>.debug_aranges</name>
         <load_address>0x630</load_address>
         <run_address>0x630</run_address>
         <size>0x20</size>
         <input_file_ref idref="fl-1d"/>
      </object_component>
      <object_component id="oc-d4">
         <name>.debug_aranges</name>
         <load_address>0x650</load_address>
         <run_address>0x650</run_address>
         <size>0x30</size>
         <input_file_ref idref="fl-1e"/>
      </object_component>
      <object_component id="oc-d9">
         <name>.debug_aranges</name>
         <load_address>0x680</load_address>
         <run_address>0x680</run_address>
         <size>0x20</size>
         <input_file_ref idref="fl-1f"/>
      </object_component>
   </object_component_list>
   <logical_group_list>
      <logical_group id="lg-2" display="no" color="cyan">
         <name>codestart</name>
         <run_address>0x0</run_address>
         <size>0x0</size>
         <contents>
         </contents>
      </logical_group>
      <logical_group id="lg-3" display="no" color="cyan">
         <name>ramfuncs</name>
         <load_address>0x8064</load_address>
         <run_address>0x8064</run_address>
         <size>0x4</size>
         <contents>
            <object_component_ref idref="oc-a5"/>
         </contents>
      </logical_group>
      <logical_group id="lg-142" display="no" color="cyan">
         <name>.text</name>
         <load_address>0x9000</load_address>
         <run_address>0x9000</run_address>
         <size>0xd5d</size>
         <contents>
            <object_component_ref idref="oc-e2"/>
            <object_component_ref idref="oc-b9"/>
            <object_component_ref idref="oc-df"/>
            <object_component_ref idref="oc-e3"/>
            <object_component_ref idref="oc-cb"/>
            <object_component_ref idref="oc-52"/>
            <object_component_ref idref="oc-e0"/>
            <object_component_ref idref="oc-e1"/>
            <object_component_ref idref="oc-ae"/>
            <object_component_ref idref="oc-da"/>
            <object_component_ref idref="oc-db"/>
            <object_component_ref idref="oc-dc"/>
            <object_component_ref idref="oc-e4"/>
         </contents>
      </logical_group>
      <split_section id="lg-4" display="no" color="cyan">
         <name>.text</name>
         <contents>
            <logical_group_ref idref="lg-142"/>
         </contents>
      </split_section>
      <logical_group id="lg-5" display="no" color="cyan">
         <name>.cinit</name>
         <load_address>0x8000</load_address>
         <run_address>0x8000</run_address>
         <size>0x64</size>
         <contents>
            <object_component_ref idref="oc-ab"/>
            <object_component_ref idref="oc-54"/>
            <object_component_ref idref="oc-c5"/>
            <object_component_ref idref="oc-de"/>
            <object_component_ref idref="oc-e5"/>
         </contents>
      </logical_group>
      <logical_group id="lg-6" display="no" color="cyan">
         <name>.pinit</name>
         <run_address>0x0</run_address>
         <size>0x0</size>
         <contents>
         </contents>
      </logical_group>
      <logical_group id="lg-7" display="no" color="cyan">
         <name>.switch</name>
         <run_address>0x0</run_address>
         <size>0x0</size>
         <contents>
         </contents>
      </logical_group>
      <logical_group id="lg-8" display="no" color="cyan">
         <name>.stack</name>
         <run_address>0xe000</run_address>
         <size>0x600</size>
         <contents>
            <object_component_ref idref="oc-be"/>
            <object_component_ref idref="oc-141"/>
         </contents>
      </logical_group>
      <logical_group id="lg-9" display="no" color="cyan">
         <name>.ebss</name>
         <run_address>0xe78a</run_address>
         <size>0x44</size>
         <contents>
            <object_component_ref idref="oc-55"/>
            <object_component_ref idref="oc-5c"/>
            <object_component_ref idref="oc-ac"/>
            <object_component_ref idref="oc-c6"/>
            <object_component_ref idref="oc-e6"/>
            <object_component_ref idref="oc-dd"/>
         </contents>
      </logical_group>
      <logical_group id="lg-a" display="no" color="cyan">
         <name>.econst</name>
         <load_address>0xe600</load_address>
         <run_address>0xe600</run_address>
         <size>0x18a</size>
         <contents>
            <object_component_ref idref="oc-9b"/>
            <object_component_ref idref="oc-56"/>
         </contents>
      </logical_group>
      <logical_group id="lg-b" display="no" color="cyan">
         <name>.esysmem</name>
         <run_address>0x0</run_address>
         <size>0x0</size>
         <contents>
         </contents>
      </logical_group>
      <logical_group id="lg-c" display="no" color="cyan">
         <name>.sysmem</name>
         <run_address>0x0</run_address>
         <size>0x0</size>
         <contents>
         </contents>
      </logical_group>
      <logical_group id="lg-d" display="no" color="cyan">
         <name>.cio</name>
         <run_address>0x0</run_address>
         <size>0x0</size>
         <contents>
         </contents>
      </logical_group>
      <logical_group id="lg-e" display="no" color="cyan">
         <name>IQmath</name>
         <run_address>0x0</run_address>
         <size>0x0</size>
         <contents>
         </contents>
      </logical_group>
      <logical_group id="lg-f" display="no" color="cyan">
         <name>IQmathTables</name>
         <run_address>0x0</run_address>
         <size>0x0</size>
         <contents>
         </contents>
      </logical_group>
      <logical_group id="lg-10" display="no" color="cyan">
         <name>FPUmathTables</name>
         <run_address>0x0</run_address>
         <size>0x0</size>
         <contents>
         </contents>
      </logical_group>
      <logical_group id="lg-11" display="no" color="cyan">
         <name>DMARAML4</name>
         <run_address>0x0</run_address>
         <size>0x0</size>
         <contents>
         </contents>
      </logical_group>
      <logical_group id="lg-12" display="no" color="cyan">
         <name>DMARAML5</name>
         <run_address>0x0</run_address>
         <size>0x0</size>
         <contents>
         </contents>
      </logical_group>
      <logical_group id="lg-13" display="no" color="cyan">
         <name>DMARAML6</name>
         <run_address>0xe7ce</run_address>
         <size>0x30</size>
         <contents>
            <object_component_ref idref="oc-ad"/>
         </contents>
      </logical_group>
      <logical_group id="lg-14" display="no" color="cyan">
         <name>DMARAML7</name>
         <run_address>0x0</run_address>
         <size>0x0</size>
         <contents>
         </contents>
      </logical_group>
      <logical_group id="lg-15" display="no" color="cyan">
         <name>ZONE7DATA</name>
         <run_address>0x0</run_address>
         <size>0x0</size>
         <contents>
         </contents>
      </logical_group>
      <logical_group id="lg-16" display="no" color="cyan">
         <name>ZONE7DATA2</name>
         <run_address>0x0</run_address>
         <size>0x0</size>
         <contents>
         </contents>
      </logical_group>
      <logical_group id="lg-17" display="no" color="cyan">
         <name>.reset</name>
         <load_address>0x3fffc0</load_address>
         <run_address>0x3fffc0</run_address>
         <size>0x2</size>
         <contents>
            <object_component_ref idref="oc-bf"/>
         </contents>
      </logical_group>
      <logical_group id="lg-18" display="no" color="cyan">
         <name>csm_rsvd</name>
         <run_address>0x33ff80</run_address>
         <size>0x0</size>
         <contents>
         </contents>
      </logical_group>
      <logical_group id="lg-19" display="no" color="cyan">
         <name>csmpasswds</name>
         <run_address>0x33fff8</run_address>
         <size>0x0</size>
         <contents>
         </contents>
      </logical_group>
      <logical_group id="lg-1a" display="no" color="cyan">
         <name>.adc_cal</name>
         <load_address>0x380080</load_address>
         <run_address>0x380080</run_address>
         <size>0x7</size>
         <contents>
            <object_component_ref idref="oc-b3"/>
         </contents>
      </logical_group>
      <logical_group id="lg-1b" display="no" color="cyan">
         <name>PieVectTableFile</name>
         <run_address>0xd00</run_address>
         <size>0x100</size>
         <contents>
            <object_component_ref idref="oc-93"/>
         </contents>
      </logical_group>
      <logical_group id="lg-1c" display="no" color="cyan">
         <name>DevEmuRegsFile</name>
         <run_address>0x880</run_address>
         <size>0xd0</size>
         <contents>
            <object_component_ref idref="oc-8f"/>
         </contents>
      </logical_group>
      <logical_group id="lg-1d" display="no" color="cyan">
         <name>FlashRegsFile</name>
         <run_address>0xa80</run_address>
         <size>0x8</size>
         <contents>
            <object_component_ref idref="oc-65"/>
         </contents>
      </logical_group>
      <logical_group id="lg-1e" display="no" color="cyan">
         <name>CsmRegsFile</name>
         <run_address>0xae0</run_address>
         <size>0x10</size>
         <contents>
            <object_component_ref idref="oc-6d"/>
         </contents>
      </logical_group>
      <logical_group id="lg-1f" display="no" color="cyan">
         <name>AdcMirrorFile</name>
         <run_address>0xb00</run_address>
         <size>0x10</size>
         <contents>
            <object_component_ref idref="oc-6e"/>
         </contents>
      </logical_group>
      <logical_group id="lg-20" display="no" color="cyan">
         <name>XintfRegsFile</name>
         <run_address>0xb20</run_address>
         <size>0x1e</size>
         <contents>
            <object_component_ref idref="oc-72"/>
         </contents>
      </logical_group>
      <logical_group id="lg-21" display="no" color="cyan">
         <name>CpuTimer0RegsFile</name>
         <run_address>0xc00</run_address>
         <size>0x8</size>
         <contents>
            <object_component_ref idref="oc-66"/>
         </contents>
      </logical_group>
      <logical_group id="lg-22" display="no" color="cyan">
         <name>CpuTimer1RegsFile</name>
         <run_address>0xc08</run_address>
         <size>0x8</size>
         <contents>
            <object_component_ref idref="oc-67"/>
         </contents>
      </logical_group>
      <logical_group id="lg-23" display="no" color="cyan">
         <name>CpuTimer2RegsFile</name>
         <run_address>0xc10</run_address>
         <size>0x8</size>
         <contents>
            <object_component_ref idref="oc-63"/>
         </contents>
      </logical_group>
      <logical_group id="lg-24" display="no" color="cyan">
         <name>PieCtrlRegsFile</name>
         <run_address>0xce0</run_address>
         <size>0x1a</size>
         <contents>
            <object_component_ref idref="oc-70"/>
         </contents>
      </logical_group>
      <logical_group id="lg-25" display="no" color="cyan">
         <name>DmaRegsFile</name>
         <run_address>0x1000</run_address>
         <size>0xe0</size>
         <contents>
            <object_component_ref idref="oc-90"/>
         </contents>
      </logical_group>
      <logical_group id="lg-26" display="no" color="cyan">
         <name>McbspaRegsFile</name>
         <run_address>0x5000</run_address>
         <size>0x25</size>
         <contents>
            <object_component_ref idref="oc-83"/>
         </contents>
      </logical_group>
      <logical_group id="lg-27" display="no" color="cyan">
         <name>McbspbRegsFile</name>
         <run_address>0x5040</run_address>
         <size>0x25</size>
         <contents>
            <object_component_ref idref="oc-82"/>
         </contents>
      </logical_group>
      <logical_group id="lg-28" display="no" color="cyan">
         <name>ECanaRegsFile</name>
         <run_address>0x6000</run_address>
         <size>0x34</size>
         <contents>
            <object_component_ref idref="oc-85"/>
         </contents>
      </logical_group>
      <logical_group id="lg-29" display="no" color="cyan">
         <name>ECanaLAMRegsFile</name>
         <run_address>0x6040</run_address>
         <size>0x40</size>
         <contents>
            <object_component_ref idref="oc-89"/>
         </contents>
      </logical_group>
      <logical_group id="lg-2a" display="no" color="cyan">
         <name>ECanaMboxesFile</name>
         <run_address>0x6100</run_address>
         <size>0x100</size>
         <contents>
            <object_component_ref idref="oc-92"/>
         </contents>
      </logical_group>
      <logical_group id="lg-2b" display="no" color="cyan">
         <name>ECanaMOTSRegsFile</name>
         <run_address>0x6080</run_address>
         <size>0x40</size>
         <contents>
            <object_component_ref idref="oc-8a"/>
         </contents>
      </logical_group>
      <logical_group id="lg-2c" display="no" color="cyan">
         <name>ECanaMOTORegsFile</name>
         <run_address>0x60c0</run_address>
         <size>0x40</size>
         <contents>
            <object_component_ref idref="oc-87"/>
         </contents>
      </logical_group>
      <logical_group id="lg-2d" display="no" color="cyan">
         <name>ECanbRegsFile</name>
         <run_address>0x6200</run_address>
         <size>0x34</size>
         <contents>
            <object_component_ref idref="oc-86"/>
         </contents>
      </logical_group>
      <logical_group id="lg-2e" display="no" color="cyan">
         <name>ECanbLAMRegsFile</name>
         <run_address>0x6240</run_address>
         <size>0x40</size>
         <contents>
            <object_component_ref idref="oc-8e"/>
         </contents>
      </logical_group>
      <logical_group id="lg-2f" display="no" color="cyan">
         <name>ECanbMboxesFile</name>
         <run_address>0x6300</run_address>
         <size>0x100</size>
         <contents>
            <object_component_ref idref="oc-91"/>
         </contents>
      </logical_group>
      <logical_group id="lg-30" display="no" color="cyan">
         <name>ECanbMOTSRegsFile</name>
         <run_address>0x6280</run_address>
         <size>0x40</size>
         <contents>
            <object_component_ref idref="oc-88"/>
         </contents>
      </logical_group>
      <logical_group id="lg-31" display="no" color="cyan">
         <name>ECanbMOTORegsFile</name>
         <run_address>0x62c0</run_address>
         <size>0x40</size>
         <contents>
            <object_component_ref idref="oc-8b"/>
         </contents>
      </logical_group>
      <logical_group id="lg-32" display="no" color="cyan">
         <name>EPwm1RegsFile</name>
         <run_address>0x6800</run_address>
         <size>0x22</size>
         <contents>
            <object_component_ref idref="oc-80"/>
         </contents>
      </logical_group>
      <logical_group id="lg-33" display="no" color="cyan">
         <name>EPwm2RegsFile</name>
         <run_address>0x6840</run_address>
         <size>0x22</size>
         <contents>
            <object_component_ref idref="oc-7b"/>
         </contents>
      </logical_group>
      <logical_group id="lg-34" display="no" color="cyan">
         <name>EPwm3RegsFile</name>
         <run_address>0x6880</run_address>
         <size>0x22</size>
         <contents>
            <object_component_ref idref="oc-7c"/>
         </contents>
      </logical_group>
      <logical_group id="lg-35" display="no" color="cyan">
         <name>EPwm4RegsFile</name>
         <run_address>0x68c0</run_address>
         <size>0x22</size>
         <contents>
            <object_component_ref idref="oc-81"/>
         </contents>
      </logical_group>
      <logical_group id="lg-36" display="no" color="cyan">
         <name>EPwm5RegsFile</name>
         <run_address>0x6900</run_address>
         <size>0x22</size>
         <contents>
            <object_component_ref idref="oc-7e"/>
         </contents>
      </logical_group>
      <logical_group id="lg-37" display="no" color="cyan">
         <name>EPwm6RegsFile</name>
         <run_address>0x6940</run_address>
         <size>0x22</size>
         <contents>
            <object_component_ref idref="oc-7f"/>
         </contents>
      </logical_group>
      <logical_group id="lg-38" display="no" color="cyan">
         <name>ECap1RegsFile</name>
         <run_address>0x6a00</run_address>
         <size>0x20</size>
         <contents>
            <object_component_ref idref="oc-75"/>
         </contents>
      </logical_group>
      <logical_group id="lg-39" display="no" color="cyan">
         <name>ECap2RegsFile</name>
         <run_address>0x6a20</run_address>
         <size>0x20</size>
         <contents>
            <object_component_ref idref="oc-76"/>
         </contents>
      </logical_group>
      <logical_group id="lg-3a" display="no" color="cyan">
         <name>ECap3RegsFile</name>
         <run_address>0x6a40</run_address>
         <size>0x20</size>
         <contents>
            <object_component_ref idref="oc-73"/>
         </contents>
      </logical_group>
      <logical_group id="lg-3b" display="no" color="cyan">
         <name>ECap4RegsFile</name>
         <run_address>0x6a60</run_address>
         <size>0x20</size>
         <contents>
            <object_component_ref idref="oc-74"/>
         </contents>
      </logical_group>
      <logical_group id="lg-3c" display="no" color="cyan">
         <name>ECap5RegsFile</name>
         <run_address>0x6a80</run_address>
         <size>0x20</size>
         <contents>
            <object_component_ref idref="oc-79"/>
         </contents>
      </logical_group>
      <logical_group id="lg-3d" display="no" color="cyan">
         <name>ECap6RegsFile</name>
         <run_address>0x6aa0</run_address>
         <size>0x20</size>
         <contents>
            <object_component_ref idref="oc-7a"/>
         </contents>
      </logical_group>
      <logical_group id="lg-3e" display="no" color="cyan">
         <name>EQep1RegsFile</name>
         <run_address>0x6b00</run_address>
         <size>0x40</size>
         <contents>
            <object_component_ref idref="oc-8c"/>
         </contents>
      </logical_group>
      <logical_group id="lg-3f" display="no" color="cyan">
         <name>EQep2RegsFile</name>
         <run_address>0x6b40</run_address>
         <size>0x40</size>
         <contents>
            <object_component_ref idref="oc-8d"/>
         </contents>
      </logical_group>
      <logical_group id="lg-40" display="no" color="cyan">
         <name>GpioCtrlRegsFile</name>
         <run_address>0x6f80</run_address>
         <size>0x2e</size>
         <contents>
            <object_component_ref idref="oc-84"/>
         </contents>
      </logical_group>
      <logical_group id="lg-41" display="no" color="cyan">
         <name>GpioDataRegsFile</name>
         <run_address>0x6fc0</run_address>
         <size>0x20</size>
         <contents>
            <object_component_ref idref="oc-77"/>
         </contents>
      </logical_group>
      <logical_group id="lg-42" display="no" color="cyan">
         <name>GpioIntRegsFile</name>
         <run_address>0x6fe0</run_address>
         <size>0xa</size>
         <contents>
            <object_component_ref idref="oc-68"/>
         </contents>
      </logical_group>
      <logical_group id="lg-43" display="no" color="cyan">
         <name>SysCtrlRegsFile</name>
         <run_address>0x7010</run_address>
         <size>0x20</size>
         <contents>
            <object_component_ref idref="oc-78"/>
         </contents>
      </logical_group>
      <logical_group id="lg-44" display="no" color="cyan">
         <name>SpiaRegsFile</name>
         <run_address>0x7040</run_address>
         <size>0x10</size>
         <contents>
            <object_component_ref idref="oc-69"/>
         </contents>
      </logical_group>
      <logical_group id="lg-45" display="no" color="cyan">
         <name>SciaRegsFile</name>
         <run_address>0x7050</run_address>
         <size>0x10</size>
         <contents>
            <object_component_ref idref="oc-6c"/>
         </contents>
      </logical_group>
      <logical_group id="lg-46" display="no" color="cyan">
         <name>XIntruptRegsFile</name>
         <run_address>0x7070</run_address>
         <size>0x10</size>
         <contents>
            <object_component_ref idref="oc-6f"/>
         </contents>
      </logical_group>
      <logical_group id="lg-47" display="no" color="cyan">
         <name>AdcRegsFile</name>
         <run_address>0x7100</run_address>
         <size>0x1e</size>
         <contents>
            <object_component_ref idref="oc-71"/>
         </contents>
      </logical_group>
      <logical_group id="lg-48" display="no" color="cyan">
         <name>ScibRegsFile</name>
         <run_address>0x7750</run_address>
         <size>0x10</size>
         <contents>
            <object_component_ref idref="oc-6a"/>
         </contents>
      </logical_group>
      <logical_group id="lg-49" display="no" color="cyan">
         <name>ScicRegsFile</name>
         <run_address>0x7770</run_address>
         <size>0x10</size>
         <contents>
            <object_component_ref idref="oc-6b"/>
         </contents>
      </logical_group>
      <logical_group id="lg-4a" display="no" color="cyan">
         <name>I2caRegsFile</name>
         <run_address>0x7900</run_address>
         <size>0x22</size>
         <contents>
            <object_component_ref idref="oc-7d"/>
         </contents>
      </logical_group>
      <logical_group id="lg-4b" display="no" color="cyan">
         <name>CsmPwlFile</name>
         <run_address>0x33fff8</run_address>
         <size>0x8</size>
         <contents>
            <object_component_ref idref="oc-64"/>
         </contents>
      </logical_group>
      <logical_group id="lg-4c" display="no" color="cyan">
         <name>PartIdRegsFile</name>
         <run_address>0x380090</run_address>
         <size>0x1</size>
         <contents>
            <object_component_ref idref="oc-62"/>
         </contents>
      </logical_group>
      <logical_group id="lg-4d" display="no" color="cyan">
         <name>CpldRegsFile</name>
         <run_address>0x0</run_address>
         <size>0x0</size>
         <contents>
         </contents>
      </logical_group>
      <logical_group id="lg-4e" display="no" color="cyan">
         <name>FpgaRegsFile</name>
         <run_address>0x0</run_address>
         <size>0x0</size>
         <contents>
         </contents>
      </logical_group>
      <logical_group id="lg-4f" display="no" color="cyan">
         <name>FpgaUsr1File</name>
         <run_address>0x0</run_address>
         <size>0x0</size>
         <contents>
         </contents>
      </logical_group>
      <logical_group id="lg-50" display="no" color="cyan">
         <name>FpgaUsr2File</name>
         <run_address>0x0</run_address>
         <size>0x0</size>
         <contents>
         </contents>
      </logical_group>
      <logical_group id="lg-136" display="never" color="cyan">
         <name>.debug_info</name>
         <load_address>0x0</load_address>
         <run_address>0x0</run_address>
         <size>0x26726</size>
         <contents>
            <object_component_ref idref="oc-53"/>
            <object_component_ref idref="oc-5b"/>
            <object_component_ref idref="oc-61"/>
            <object_component_ref idref="oc-95"/>
            <object_component_ref idref="oc-9a"/>
            <object_component_ref idref="oc-a0"/>
            <object_component_ref idref="oc-a6"/>
            <object_component_ref idref="oc-aa"/>
            <object_component_ref idref="oc-b4"/>
            <object_component_ref idref="oc-b8"/>
            <object_component_ref idref="oc-c0"/>
            <object_component_ref idref="oc-c4"/>
            <object_component_ref idref="oc-cc"/>
            <object_component_ref idref="oc-d0"/>
            <object_component_ref idref="oc-d5"/>
            <object_component_ref idref="oc-143"/>
         </contents>
      </logical_group>
      <logical_group id="lg-138" display="never" color="cyan">
         <name>.debug_frame</name>
         <load_address>0x0</load_address>
         <run_address>0x0</run_address>
         <size>0x1951</size>
         <contents>
            <object_component_ref idref="oc-57"/>
            <object_component_ref idref="oc-5d"/>
            <object_component_ref idref="oc-96"/>
            <object_component_ref idref="oc-9c"/>
            <object_component_ref idref="oc-a1"/>
            <object_component_ref idref="oc-af"/>
            <object_component_ref idref="oc-ba"/>
            <object_component_ref idref="oc-c7"/>
            <object_component_ref idref="oc-d1"/>
            <object_component_ref idref="oc-d6"/>
         </contents>
      </logical_group>
      <logical_group id="lg-13a" display="never" color="cyan">
         <name>.debug_line</name>
         <load_address>0x0</load_address>
         <run_address>0x0</run_address>
         <size>0x180d</size>
         <contents>
            <object_component_ref idref="oc-58"/>
            <object_component_ref idref="oc-5e"/>
            <object_component_ref idref="oc-97"/>
            <object_component_ref idref="oc-9d"/>
            <object_component_ref idref="oc-a2"/>
            <object_component_ref idref="oc-a7"/>
            <object_component_ref idref="oc-b0"/>
            <object_component_ref idref="oc-b5"/>
            <object_component_ref idref="oc-bb"/>
            <object_component_ref idref="oc-c1"/>
            <object_component_ref idref="oc-c8"/>
            <object_component_ref idref="oc-cd"/>
            <object_component_ref idref="oc-d2"/>
            <object_component_ref idref="oc-d7"/>
         </contents>
      </logical_group>
      <logical_group id="lg-13c" display="never" color="cyan">
         <name>.debug_abbrev</name>
         <load_address>0x0</load_address>
         <run_address>0x0</run_address>
         <size>0xc61</size>
         <contents>
            <object_component_ref idref="oc-59"/>
            <object_component_ref idref="oc-5f"/>
            <object_component_ref idref="oc-94"/>
            <object_component_ref idref="oc-98"/>
            <object_component_ref idref="oc-9e"/>
            <object_component_ref idref="oc-a3"/>
            <object_component_ref idref="oc-a8"/>
            <object_component_ref idref="oc-b1"/>
            <object_component_ref idref="oc-b6"/>
            <object_component_ref idref="oc-bc"/>
            <object_component_ref idref="oc-c2"/>
            <object_component_ref idref="oc-c9"/>
            <object_component_ref idref="oc-ce"/>
            <object_component_ref idref="oc-d3"/>
            <object_component_ref idref="oc-d8"/>
            <object_component_ref idref="oc-144"/>
         </contents>
      </logical_group>
      <logical_group id="lg-13e" display="never" color="cyan">
         <name>.debug_aranges</name>
         <load_address>0x0</load_address>
         <run_address>0x0</run_address>
         <size>0x6a0</size>
         <contents>
            <object_component_ref idref="oc-5a"/>
            <object_component_ref idref="oc-60"/>
            <object_component_ref idref="oc-99"/>
            <object_component_ref idref="oc-9f"/>
            <object_component_ref idref="oc-a4"/>
            <object_component_ref idref="oc-a9"/>
            <object_component_ref idref="oc-b2"/>
            <object_component_ref idref="oc-b7"/>
            <object_component_ref idref="oc-bd"/>
            <object_component_ref idref="oc-c3"/>
            <object_component_ref idref="oc-ca"/>
            <object_component_ref idref="oc-cf"/>
            <object_component_ref idref="oc-d4"/>
            <object_component_ref idref="oc-d9"/>
         </contents>
      </logical_group>
   </logical_group_list>
   <placement_map>
      <memory_area display="no" color="green">
         <name>BEGIN</name>
         <page_id>0x0</page_id>
         <origin>0x0</origin>
         <length>0x2</length>
         <used_space>0x0</used_space>
         <unused_space>0x2</unused_space>
         <attributes>RWIX</attributes>
         <usage_details>
         </usage_details>
      </memory_area>
      <memory_area display="yes" color="green">
         <name>RAMM0</name>
         <page_id>0x0</page_id>
         <origin>0x50</origin>
         <length>0x3b0</length>
         <used_space>0x0</used_space>
         <unused_space>0x3b0</unused_space>
         <attributes>RWIX</attributes>
         <usage_details>
         </usage_details>
      </memory_area>
      <memory_area display="yes" color="green">
         <name>RAML0</name>
         <page_id>0x0</page_id>
         <origin>0x8000</origin>
         <length>0x1000</length>
         <used_space>0x68</used_space>
         <unused_space>0xf98</unused_space>
         <attributes>RWIX</attributes>
         <usage_details>
            <allocated_space>
               <start_address>0x8000</start_address>
               <size>0x64</size>
               <logical_group_ref idref="lg-5"/>
            </allocated_space>
            <allocated_space>
               <start_address>0x8064</start_address>
               <size>0x4</size>
               <logical_group_ref idref="lg-3"/>
            </allocated_space>
            <available_space>
               <start_address>0x8068</start_address>
               <size>0xf98</size>
            </available_space>
         </usage_details>
      </memory_area>
      <memory_area display="yes" color="green">
         <name>RAML1</name>
         <page_id>0x0</page_id>
         <origin>0x9000</origin>
         <length>0x1000</length>
         <used_space>0xd5d</used_space>
         <unused_space>0x2a3</unused_space>
         <attributes>RWIX</attributes>
         <usage_details>
            <allocated_space>
               <start_address>0x9000</start_address>
               <size>0xd5d</size>
               <logical_group_ref idref="lg-142"/>
            </allocated_space>
            <available_space>
               <start_address>0x9d5d</start_address>
               <size>0x2a3</size>
            </available_space>
         </usage_details>
      </memory_area>
      <memory_area display="yes" color="green">
         <name>RAML2</name>
         <page_id>0x0</page_id>
         <origin>0xa000</origin>
         <length>0x1000</length>
         <used_space>0x0</used_space>
         <unused_space>0x1000</unused_space>
         <attributes>RWIX</attributes>
         <usage_details>
         </usage_details>
      </memory_area>
      <memory_area display="yes" color="green">
         <name>RAML3</name>
         <page_id>0x0</page_id>
         <origin>0xb000</origin>
         <length>0x1000</length>
         <used_space>0x0</used_space>
         <unused_space>0x1000</unused_space>
         <attributes>RWIX</attributes>
         <usage_details>
         </usage_details>
      </memory_area>
      <memory_area display="yes" color="green">
         <name>RAML4</name>
         <page_id>0x0</page_id>
         <origin>0xc000</origin>
         <length>0x1000</length>
         <used_space>0x0</used_space>
         <unused_space>0x1000</unused_space>
         <attributes>RWIX</attributes>
         <usage_details>
         </usage_details>
      </memory_area>
      <memory_area display="yes" color="green">
         <name>RAML5</name>
         <page_id>0x0</page_id>
         <origin>0xd000</origin>
         <length>0x1000</length>
         <used_space>0x0</used_space>
         <unused_space>0x1000</unused_space>
         <attributes>RWIX</attributes>
         <usage_details>
         </usage_details>
      </memory_area>
      <memory_area display="yes" color="green">
         <name>CSM_RSVD</name>
         <page_id>0x0</page_id>
         <origin>0x33ff80</origin>
         <length>0x76</length>
         <used_space>0x0</used_space>
         <unused_space>0x76</unused_space>
         <attributes>RWIX</attributes>
         <usage_details>
         </usage_details>
      </memory_area>
      <memory_area display="no" color="green">
         <name>CSM_PWL</name>
         <page_id>0x0</page_id>
         <origin>0x33fff8</origin>
         <length>0x8</length>
         <used_space>0x0</used_space>
         <unused_space>0x8</unused_space>
         <attributes>RWIX</attributes>
         <usage_details>
         </usage_details>
      </memory_area>
      <memory_area display="no" color="green">
         <name>ADC_CAL</name>
         <page_id>0x0</page_id>
         <origin>0x380080</origin>
         <length>0x9</length>
         <used_space>0x7</used_space>
         <unused_space>0x2</unused_space>
         <attributes>RWIX</attributes>
         <usage_details>
            <allocated_space>
               <start_address>0x380080</start_address>
               <size>0x7</size>
               <logical_group_ref idref="lg-1a"/>
            </allocated_space>
            <available_space>
               <start_address>0x380087</start_address>
               <size>0x2</size>
            </available_space>
         </usage_details>
      </memory_area>
      <memory_area display="yes" color="green">
         <name>IQTABLES</name>
         <page_id>0x0</page_id>
         <origin>0x3fe000</origin>
         <length>0xb50</length>
         <used_space>0x0</used_space>
         <unused_space>0xb50</unused_space>
         <attributes>RWIX</attributes>
         <usage_details>
         </usage_details>
      </memory_area>
      <memory_area display="yes" color="green">
         <name>IQTABLES2</name>
         <page_id>0x0</page_id>
         <origin>0x3feb50</origin>
         <length>0x8c</length>
         <used_space>0x0</used_space>
         <unused_space>0x8c</unused_space>
         <attributes>RWIX</attributes>
         <usage_details>
         </usage_details>
      </memory_area>
      <memory_area display="yes" color="green">
         <name>FPUTABLES</name>
         <page_id>0x0</page_id>
         <origin>0x3febdc</origin>
         <length>0x6a0</length>
         <used_space>0x0</used_space>
         <unused_space>0x6a0</unused_space>
         <attributes>RWIX</attributes>
         <usage_details>
         </usage_details>
      </memory_area>
      <memory_area display="yes" color="green">
         <name>BOOTROM</name>
         <page_id>0x0</page_id>
         <origin>0x3ff27c</origin>
         <length>0xd44</length>
         <used_space>0x0</used_space>
         <unused_space>0xd44</unused_space>
         <attributes>RWIX</attributes>
         <usage_details>
         </usage_details>
      </memory_area>
      <memory_area display="no" color="green">
         <name>RESET</name>
         <page_id>0x0</page_id>
         <origin>0x3fffc0</origin>
         <length>0x2</length>
         <used_space>0x0</used_space>
         <unused_space>0x2</unused_space>
         <attributes>RWIX</attributes>
         <usage_details>
         </usage_details>
      </memory_area>
      <memory_area display="no" color="green">
         <name>BOOT_RSVD</name>
         <page_id>0x1</page_id>
         <origin>0x2</origin>
         <length>0x4e</length>
         <used_space>0x0</used_space>
         <unused_space>0x4e</unused_space>
         <attributes>RWIX</attributes>
         <usage_details>
         </usage_details>
      </memory_area>
      <memory_area display="yes" color="green">
         <name>RAMM1</name>
         <page_id>0x1</page_id>
         <origin>0x400</origin>
         <length>0x400</length>
         <used_space>0x0</used_space>
         <unused_space>0x400</unused_space>
         <attributes>RWIX</attributes>
         <usage_details>
         </usage_details>
      </memory_area>
      <memory_area display="yes" color="green">
         <name>DEV_EMU</name>
         <page_id>0x1</page_id>
         <origin>0x880</origin>
         <length>0x180</length>
         <used_space>0xd0</used_space>
         <unused_space>0xb0</unused_space>
         <attributes>RWIX</attributes>
         <usage_details>
            <allocated_space>
               <start_address>0x880</start_address>
               <size>0xd0</size>
               <logical_group_ref idref="lg-1c"/>
            </allocated_space>
            <available_space>
               <start_address>0x950</start_address>
               <size>0xb0</size>
            </available_space>
         </usage_details>
      </memory_area>
      <memory_area display="no" color="green">
         <name>FLASH_REGS</name>
         <page_id>0x1</page_id>
         <origin>0xa80</origin>
         <length>0x60</length>
         <used_space>0x8</used_space>
         <unused_space>0x58</unused_space>
         <attributes>RWIX</attributes>
         <usage_details>
            <allocated_space>
               <start_address>0xa80</start_address>
               <size>0x8</size>
               <logical_group_ref idref="lg-1d"/>
            </allocated_space>
            <available_space>
               <start_address>0xa88</start_address>
               <size>0x58</size>
            </available_space>
         </usage_details>
      </memory_area>
      <memory_area display="no" color="green">
         <name>CSM</name>
         <page_id>0x1</page_id>
         <origin>0xae0</origin>
         <length>0x10</length>
         <used_space>0x10</used_space>
         <unused_space>0x0</unused_space>
         <attributes>RWIX</attributes>
         <usage_details>
            <allocated_space>
               <start_address>0xae0</start_address>
               <size>0x10</size>
               <logical_group_ref idref="lg-1e"/>
            </allocated_space>
         </usage_details>
      </memory_area>
      <memory_area display="no" color="green">
         <name>ADC_MIRROR</name>
         <page_id>0x1</page_id>
         <origin>0xb00</origin>
         <length>0x10</length>
         <used_space>0x10</used_space>
         <unused_space>0x0</unused_space>
         <attributes>RWIX</attributes>
         <usage_details>
            <allocated_space>
               <start_address>0xb00</start_address>
               <size>0x10</size>
               <logical_group_ref idref="lg-1f"/>
            </allocated_space>
         </usage_details>
      </memory_area>
      <memory_area display="no" color="green">
[...]
      <symbol id="sm-26a">
         <name>_MLC_RS485_dir</name>
         <value>0x95db</value>
         <object_component_ref idref="oc-e2"/>
      </symbol>
      <symbol id="sm-26b">
         <name>_dac_values</name>
         <value>0xe7af</value>
         <object_component_ref idref="oc-ac"/>
      </symbol>
      <symbol id="sm-26c">
         <name>_MLC_DBG_clear</name>
         <value>0x9710</value>
         <object_component_ref idref="oc-e2"/>
      </symbol>
      <symbol id="sm-26d">
         <name>_MLC_init_F28335</name>
         <value>0x900e</value>
         <object_component_ref idref="oc-e2"/>
      </symbol>
      <symbol id="sm-26e">
         <name>_MLC_LCD_write_chr</name>
         <value>0x947b</value>
         <object_component_ref idref="oc-e2"/>
      </symbol>
      <symbol id="sm-26f">
         <name>_MLC_RS485_recv</name>
         <value>0x9600</value>
         <object_component_ref idref="oc-e2"/>
      </symbol>
      <symbol id="sm-270">
         <name>_MLC_DMA_ch_disable</name>
         <value>0x92b8</value>
         <object_component_ref idref="oc-e2"/>
      </symbol>
      <symbol id="sm-271">
         <name>_MLC_SCI_char_avail</name>
         <value>0x9594</value>
         <object_component_ref idref="oc-e2"/>
      </symbol>
      <symbol id="sm-272">
         <name>_MLC_ADC_read</name>
         <value>0x93e4</value>
         <object_component_ref idref="oc-e2"/>
      </symbol>
      <symbol id="sm-273">
         <name>_pDAC_values</name>
         <value>0xe790</value>
         <object_component_ref idref="oc-ac"/>
      </symbol>
      <symbol id="sm-274">
         <name>_AD_dma_res_3</name>
         <value>0xe7de</value>
         <object_component_ref idref="oc-ad"/>
      </symbol>
      <symbol id="sm-275">
         <name>_AD_dma_res_2</name>
         <value>0xe7ce</value>
         <object_component_ref idref="oc-ad"/>
      </symbol>
      <symbol id="sm-276">
         <name>_AD_dma_res_1</name>
         <value>0xe7ee</value>
         <object_component_ref idref="oc-ad"/>
      </symbol>
      <symbol id="sm-277">
         <name>_pMLC_info_struct</name>
         <value>0xe79e</value>
         <object_component_ref idref="oc-ac"/>
      </symbol>
      <symbol id="sm-278">
         <name>_dma_transfer_end</name>
         <value>0x9cfa</value>
         <object_component_ref idref="oc-ae"/>
      </symbol>
      <symbol id="sm-279">
         <name>_dac_sel_ch</name>
         <value>0xe7a7</value>
         <object_component_ref idref="oc-ac"/>
      </symbol>
      <symbol id="sm-27a">
         <name>_MLC_init</name>
         <value>0x91e8</value>
         <object_component_ref idref="oc-e2"/>
      </symbol>
      <symbol id="sm-27b">
         <name>_MLC_periph_speed_set</name>
         <value>0x9006</value>
         <object_component_ref idref="oc-e2"/>
      </symbol>
      <symbol id="sm-27c">
         <name>_MLC_DMA_deactivate</name>
         <value>0x9237</value>
         <object_component_ref idref="oc-e2"/>
      </symbol>
      <symbol id="sm-27d">
         <name>_MLC_LCD_clrscr</name>
         <value>0x9497</value>
         <object_component_ref idref="oc-e2"/>
      </symbol>
      <symbol id="sm-27e">
         <name>_MLC_ADC3_get_res_strptr</name>
         <value>0x9452</value>
         <object_component_ref idref="oc-e2"/>
      </symbol>
      <symbol id="sm-27f">
         <name>_pwr_out_state</name>
         <value>0xe78d</value>
         <object_component_ref idref="oc-ac"/>
      </symbol>
      <symbol id="sm-280">
         <name>_MLC_ADC3_get_res_ptr</name>
         <value>0x9446</value>
         <object_component_ref idref="oc-e2"/>
      </symbol>
      <symbol id="sm-281">
         <name>_AD_res_1_struct</name>
         <value>0xe796</value>
         <object_component_ref idref="oc-ac"/>
      </symbol>
      <symbol id="sm-282">
         <name>_MLC_ADC_start_one_conv</name>
         <value>0x9369</value>
         <object_component_ref idref="oc-e2"/>
      </symbol>
      <symbol id="sm-283">
         <name>_MLC_ADC2_get_res_strptr</name>
         <value>0x944e</value>
         <object_component_ref idref="oc-e2"/>
      </symbol>
      <symbol id="sm-284">
         <name>_isr_fpga2</name>
         <value>0x9005</value>
         <object_component_ref idref="oc-e2"/>
      </symbol>
      <symbol id="sm-285">
         <name>_isr_fpga1</name>
         <value>0x9000</value>
         <object_component_ref idref="oc-e2"/>
      </symbol>
      <symbol id="sm-286">
         <name>_MLC_global_disable</name>
         <value>0x9219</value>
         <object_component_ref idref="oc-e2"/>
      </symbol>
      <symbol id="sm-287">
         <name>_MLC_ADC_setup</name>
         <value>0x939e</value>
         <object_component_ref idref="oc-e2"/>
      </symbol>
      <symbol id="sm-288">
         <name>_MLC_init_F2812</name>
         <value>0x91e6</value>
         <object_component_ref idref="oc-e2"/>
      </symbol>
      <symbol id="sm-289">
         <name>_MLC_ADC1_get_res_ptr</name>
         <value>0x943e</value>
         <object_component_ref idref="oc-e2"/>
      </symbol>
      <symbol id="sm-28a">
         <name>_MLC_ADC_wait</name>
         <value>0x93d6</value>
         <object_component_ref idref="oc-e2"/>
      </symbol>
      <symbol id="sm-296">
         <name>_ADC_cal</name>
         <value>0x380080</value>
         <object_component_ref idref="oc-b3"/>
      </symbol>
      <symbol id="sm-2f2">
         <name>_ILLEGAL_ISR</name>
         <value>0x9756</value>
         <object_component_ref idref="oc-b9"/>
      </symbol>
      <symbol id="sm-2f3">
         <name>_EPWM6_INT_ISR</name>
         <value>0x988e</value>
         <object_component_ref idref="oc-b9"/>
      </symbol>
      <symbol id="sm-2f4">
         <name>_DATALOG_ISR</name>
         <value>0x972e</value>
         <object_component_ref idref="oc-b9"/>
      </symbol>
      <symbol id="sm-2f5">
         <name>_SPITXINTA_ISR</name>
         <value>0x98f2</value>
         <object_component_ref idref="oc-b9"/>
      </symbol>
      <symbol id="sm-2f6">
         <name>_SPIRXINTA_ISR</name>
         <value>0x98e8</value>
         <object_component_ref idref="oc-b9"/>
      </symbol>
      <symbol id="sm-2f7">
         <name>_DINTCH3_ISR</name>
         <value>0x9938</value>
         <object_component_ref idref="oc-b9"/>
      </symbol>
      <symbol id="sm-2f8">
         <name>_XINT4_ISR</name>
         <value>0x99e2</value>
         <object_component_ref idref="oc-b9"/>
      </symbol>
      <symbol id="sm-2f9">
         <name>_SEQ1INT_ISR</name>
         <value>0x97da</value>
         <object_component_ref idref="oc-b9"/>
      </symbol>
      <symbol id="sm-2fa">
         <name>_ECAP3_INT_ISR</name>
         <value>0x98ac</value>
         <object_component_ref idref="oc-b9"/>
      </symbol>
      <symbol id="sm-2fb">
         <name>_INT13_ISR</name>
         <value>0x971a</value>
         <object_component_ref idref="oc-b9"/>
      </symbol>
      <symbol id="sm-2fc">
         <name>_MXINTA_ISR</name>
         <value>0x991a</value>
         <object_component_ref idref="oc-b9"/>
      </symbol>
      <symbol id="sm-2fd">
         <name>_EPWM4_INT_ISR</name>
         <value>0x987a</value>
         <object_component_ref idref="oc-b9"/>
      </symbol>
      <symbol id="sm-2fe">
         <name>_USER5_ISR</name>
         <value>0x978a</value>
         <object_component_ref idref="oc-b9"/>
      </symbol>
      <symbol id="sm-2ff">
         <name>_XINT7_ISR</name>
         <value>0x9a00</value>
         <object_component_ref idref="oc-b9"/>
      </symbol>
      <symbol id="sm-300">
         <name>_EPWM5_TZINT_ISR</name>
         <value>0x9848</value>
         <object_component_ref idref="oc-b9"/>
      </symbol>
      <symbol id="sm-301">
         <name>_EPWM4_TZINT_ISR</name>
         <value>0x983e</value>
         <object_component_ref idref="oc-b9"/>
      </symbol>
      <symbol id="sm-302">
         <name>_ECAN0INTA_ISR</name>
         <value>0x99b0</value>
         <object_component_ref idref="oc-b9"/>
      </symbol>
      <symbol id="sm-303">
         <name>_EPWM6_TZINT_ISR</name>
         <value>0x9852</value>
         <object_component_ref idref="oc-b9"/>
      </symbol>
      <symbol id="sm-304">
         <name>_EMUINT_ISR</name>
         <value>0x9742</value>
         <object_component_ref idref="oc-b9"/>
      </symbol>
      <symbol id="sm-305">
         <name>_ECAP1_INT_ISR</name>
         <value>0x9898</value>
         <object_component_ref idref="oc-b9"/>
      </symbol>
      <symbol id="sm-306">
         <name>_EPWM1_TZINT_ISR</name>
         <value>0x9820</value>
         <object_component_ref idref="oc-b9"/>
      </symbol>
      <symbol id="sm-307">
         <name>_EQEP2_INT_ISR</name>
         <value>0x98de</value>
         <object_component_ref idref="oc-b9"/>
      </symbol>
      <symbol id="sm-308">
         <name>_USER11_ISR</name>
         <value>0x97c6</value>
         <object_component_ref idref="oc-b9"/>
      </symbol>
      <symbol id="sm-309">
         <name>_EPWM3_TZINT_ISR</name>
         <value>0x9834</value>
         <object_component_ref idref="oc-b9"/>
      </symbol>
      <symbol id="sm-30a">
         <name>_USER4_ISR</name>
         <value>0x9780</value>
         <object_component_ref idref="oc-b9"/>
      </symbol>
      <symbol id="sm-30b">
         <name>_EPWM2_TZINT_ISR</name>
         <value>0x982a</value>
         <object_component_ref idref="oc-b9"/>
      </symbol>
      <symbol id="sm-30c">
         <name>_XINT6_ISR</name>
         <value>0x99f6</value>
         <object_component_ref idref="oc-b9"/>
      </symbol>
      <symbol id="sm-30d">
         <name>_EPWM2_INT_ISR</name>
         <value>0x9866</value>
         <object_component_ref idref="oc-b9"/>
      </symbol>
      <symbol id="sm-30e">
         <name>_ECAN0INTB_ISR</name>
         <value>0x99c4</value>
         <object_component_ref idref="oc-b9"/>
      </symbol>
      <symbol id="sm-30f">
         <name>_TINT0_ISR</name>
         <value>0x980c</value>
         <object_component_ref idref="oc-b9"/>
      </symbol>
      <symbol id="sm-310">
         <name>_WAKEINT_ISR</name>
         <value>0x9816</value>
         <object_component_ref idref="oc-b9"/>
      </symbol>
      <symbol id="sm-311">
         <name>_DINTCH4_ISR</name>
         <value>0x9942</value>
         <object_component_ref idref="oc-b9"/>
      </symbol>
      <symbol id="sm-312">
         <name>_USER10_ISR</name>
         <value>0x97bc</value>
         <object_component_ref idref="oc-b9"/>
      </symbol>
      <symbol id="sm-313">
         <name>_USER7_ISR</name>
         <value>0x979e</value>
         <object_component_ref idref="oc-b9"/>
      </symbol>
      <symbol id="sm-314">
         <name>_XINT1_ISR</name>
         <value>0x97ee</value>
         <object_component_ref idref="oc-b9"/>
      </symbol>
      <symbol id="sm-315">
         <name>_ECAP6_INT_ISR</name>
         <value>0x98ca</value>
         <object_component_ref idref="oc-b9"/>
      </symbol>
      <symbol id="sm-316">
         <name>_INT14_ISR</name>
         <value>0x9724</value>
         <object_component_ref idref="oc-b9"/>
      </symbol>
      <symbol id="sm-317">
         <name>_MXINTB_ISR</name>
         <value>0x9906</value>
         <object_component_ref idref="oc-b9"/>
      </symbol>
      <symbol id="sm-318">
         <name>_DINTCH5_ISR</name>
         <value>0x994c</value>
         <object_component_ref idref="oc-b9"/>
      </symbol>
      <symbol id="sm-319">
         <name>_USER6_ISR</name>
         <value>0x9794</value>
         <object_component_ref idref="oc-b9"/>
      </symbol>
      <symbol id="sm-31a">
         <name>_ECAP4_INT_ISR</name>
         <value>0x98b6</value>
         <object_component_ref idref="oc-b9"/>
      </symbol>
      <symbol id="sm-31b">
         <name>_MRINTA_ISR</name>
         <value>0x9910</value>
         <object_component_ref idref="oc-b9"/>
      </symbol>
      <symbol id="sm-31c">
         <name>_DINTCH6_ISR</name>
         <value>0x9956</value>
         <object_component_ref idref="oc-b9"/>
      </symbol>
      <symbol id="sm-31d">
         <name>_USER12_ISR</name>
         <value>0x97d0</value>
         <object_component_ref idref="oc-b9"/>
      </symbol>
      <symbol id="sm-31e">
         <name>_ADCINT_ISR</name>
         <value>0x9802</value>
         <object_component_ref idref="oc-b9"/>
      </symbol>
      <symbol id="sm-31f">
         <name>_USER1_ISR</name>
         <value>0x9762</value>
         <object_component_ref idref="oc-b9"/>
      </symbol>
      <symbol id="sm-320">
         <name>_XINT3_ISR</name>
         <value>0x99d8</value>
         <object_component_ref idref="oc-b9"/>
      </symbol>
      <symbol id="sm-321">
         <name>_EPWM5_INT_ISR</name>
         <value>0x9884</value>
         <object_component_ref idref="oc-b9"/>
      </symbol>
      <symbol id="sm-322">
         <name>_NMI_ISR</name>
         <value>0x974c</value>
         <object_component_ref idref="oc-b9"/>
      </symbol>
      <symbol id="sm-323">
         <name>_SCITXINTB_ISR</name>
         <value>0x99a6</value>
         <object_component_ref idref="oc-b9"/>
      </symbol>
      <symbol id="sm-324">
         <name>_SCIRXINTB_ISR</name>
         <value>0x999c</value>
         <object_component_ref idref="oc-b9"/>
      </symbol>
      <symbol id="sm-325">
         <name>_ECAN1INTA_ISR</name>
         <value>0x99ba</value>
         <object_component_ref idref="oc-b9"/>
      </symbol>
      <symbol id="sm-326">
         <name>_ECAP2_INT_ISR</name>
         <value>0x98a2</value>
         <object_component_ref idref="oc-b9"/>
      </symbol>
      <symbol id="sm-327">
         <name>_PIE_RESERVED</name>
         <value>0x9a1e</value>
         <object_component_ref idref="oc-b9"/>
      </symbol>
      <symbol id="sm-328">
         <name>_I2CINT1A_ISR</name>
         <value>0x9960</value>
         <object_component_ref idref="oc-b9"/>
      </symbol>
      <symbol id="sm-329">
         <name>_XINT2_ISR</name>
         <value>0x97f8</value>
         <object_component_ref idref="oc-b9"/>
      </symbol>
      <symbol id="sm-32a">
         <name>_I2CINT2A_ISR</name>
         <value>0x996a</value>
         <object_component_ref idref="oc-b9"/>
      </symbol>
      <symbol id="sm-32b">
         <name>_SCITXINTC_ISR</name>
         <value>0x997e</value>
         <object_component_ref idref="oc-b9"/>
      </symbol>
      <symbol id="sm-32c">
         <name>_SCIRXINTC_ISR</name>
         <value>0x9974</value>
         <object_component_ref idref="oc-b9"/>
      </symbol>
      <symbol id="sm-32d">
         <name>_RTOSINT_ISR</name>
         <value>0x9738</value>
         <object_component_ref idref="oc-b9"/>
      </symbol>
      <symbol id="sm-32e">
         <name>_EPWM3_INT_ISR</name>
         <value>0x9870</value>
         <object_component_ref idref="oc-b9"/>
      </symbol>
      <symbol id="sm-32f">
         <name>_ECAN1INTB_ISR</name>
         <value>0x99ce</value>
         <object_component_ref idref="oc-b9"/>
      </symbol>
      <symbol id="sm-330">
         <name>_USER9_ISR</name>
         <value>0x97b2</value>
         <object_component_ref idref="oc-b9"/>
      </symbol>
      <symbol id="sm-331">
         <name>_USER3_ISR</name>
         <value>0x9776</value>
         <object_component_ref idref="oc-b9"/>
      </symbol>
      <symbol id="sm-332">
         <name>_EQEP1_INT_ISR</name>
         <value>0x98d4</value>
         <object_component_ref idref="oc-b9"/>
      </symbol>
      <symbol id="sm-333">
         <name>_MRINTB_ISR</name>
         <value>0x98fc</value>
         <object_component_ref idref="oc-b9"/>
      </symbol>
      <symbol id="sm-334">
         <name>_DINTCH1_ISR</name>
         <value>0x9924</value>
         <object_component_ref idref="oc-b9"/>
      </symbol>
      <symbol id="sm-335">
         <name>_USER8_ISR</name>
         <value>0x97a8</value>
         <object_component_ref idref="oc-b9"/>
      </symbol>
      <symbol id="sm-336">
         <name>_EPWM1_INT_ISR</name>
         <value>0x985c</value>
         <object_component_ref idref="oc-b9"/>
      </symbol>
      <symbol id="sm-337">
         <name>_SEQ2INT_ISR</name>
         <value>0x97e4</value>
         <object_component_ref idref="oc-b9"/>
      </symbol>
      <symbol id="sm-338">
         <name>_USER2_ISR</name>
         <value>0x976c</value>
         <object_component_ref idref="oc-b9"/>
      </symbol>
      <symbol id="sm-339">
         <name>_LUF_ISR</name>
         <value>0x9a14</value>
         <object_component_ref idref="oc-b9"/>
      </symbol>
      <symbol id="sm-33a">
         <name>_LVF_ISR</name>
         <value>0x9a0a</value>
         <object_component_ref idref="oc-b9"/>
      </symbol>
      <symbol id="sm-33b">
         <name>_SCITXINTA_ISR</name>
         <value>0x9992</value>
         <object_component_ref idref="oc-b9"/>
      </symbol>
      <symbol id="sm-33c">
         <name>_SCIRXINTA_ISR</name>
         <value>0x9988</value>
         <object_component_ref idref="oc-b9"/>
      </symbol>
      <symbol id="sm-33d">
         <name>_rsvd_ISR</name>
         <value>0x9a28</value>
         <object_component_ref idref="oc-b9"/>
      </symbol>
      <symbol id="sm-33e">
         <name>_ECAP5_INT_ISR</name>
         <value>0x98c0</value>
         <object_component_ref idref="oc-b9"/>
      </symbol>
      <symbol id="sm-33f">
         <name>_DINTCH2_ISR</name>
         <value>0x992e</value>
         <object_component_ref idref="oc-b9"/>
      </symbol>
      <symbol id="sm-340">
         <name>_XINT5_ISR</name>
         <value>0x99ec</value>
         <object_component_ref idref="oc-b9"/>
      </symbol>
      <symbol id="sm-359">
         <name>_c_int00</name>
         <value>0x9c59</value>
         <object_component_ref idref="oc-52"/>
      </symbol>
      <symbol id="sm-35a">
         <name>__stack</name>
         <value>0xe000</value>
         <object_component_ref idref="oc-be"/>
      </symbol>
      <symbol id="sm-36e">
         <name>C$$EXIT</name>
         <value>0x9d24</value>
         <object_component_ref idref="oc-db"/>
      </symbol>
      <symbol id="sm-36f">
         <name>_exit</name>
         <value>0x9d26</value>
         <object_component_ref idref="oc-db"/>
      </symbol>
      <symbol id="sm-370">
         <name>___TI_cleanup_ptr</name>
         <value>0xe7c6</value>
         <object_component_ref idref="oc-c6"/>
      </symbol>
      <symbol id="sm-371">
         <name>_abort</name>
         <value>0x9d24</value>
         <object_component_ref idref="oc-db"/>
      </symbol>
      <symbol id="sm-372">
         <name>___TI_dtors_ptr</name>
         <value>0xe7c8</value>
         <object_component_ref idref="oc-c6"/>
      </symbol>
      <symbol id="sm-383">
         <name>FS$$DIV</name>
         <value>0x9bd1</value>
         <object_component_ref idref="oc-cb"/>
      </symbol>
      <symbol id="sm-398">
         <name>__unlock</name>
         <value>0xe7cc</value>
         <object_component_ref idref="oc-e6"/>
      </symbol>
      <symbol id="sm-399">
         <name>__lock</name>
         <value>0xe7ca</value>
         <object_component_ref idref="oc-dd"/>
      </symbol>
      <symbol id="sm-39a">
         <name>__register_lock</name>
         <value>0x9d58</value>
         <object_component_ref idref="oc-e4"/>
      </symbol>
      <symbol id="sm-39b">
         <name>__nop</name>
         <value>0x9d5c</value>
         <object_component_ref idref="oc-e4"/>
      </symbol>
      <symbol id="sm-39c">
         <name>__register_unlock</name>
         <value>0x9d54</value>
         <object_component_ref idref="oc-e4"/>
      </symbol>
      <symbol id="sm-3ac">
         <name>__args_main</name>
         <value>0x9d0b</value>
         <object_component_ref idref="oc-da"/>
      </symbol>
   </symbol_table>
   <title>Link successful</title>
</link_info>
