******************************************************************************
             TMS320C2000 Linker PC v18.12.2                    
******************************************************************************
>> Linked Wed Jan 15 14:49:15 2020

OUTPUT FILE NAME:   <MRP_MLC28335_MotorControlAlgorithm_1.out>
ENTRY POINT SYMBOL: "_c_int00"  address: 0000a1ed


MEMORY CONFIGURATION

         name            origin    length      used     unused   attr    fill
----------------------  --------  ---------  --------  --------  ----  --------
PAGE 0:
  BEGIN                 00000000   00000002  00000000  00000002  RWIX
  RAMM0                 00000050   000003b0  00000000  000003b0  RWIX
  RAML0                 00008000   00001000  000000e1  00000f1f  RWIX
  RAML1                 00009000   00001000  00000ffb  00000005  RWIX
  RAML2                 0000a000   00001000  00000493  00000b6d  RWIX
  RAML3                 0000b000   00001000  00000000  00001000  RWIX
  RAML4                 0000c000   00001000  00000000  00001000  RWIX
  RAML5                 0000d000   00001000  00000000  00001000  RWIX
  CSM_RSVD              0033ff80   00000076  00000000  00000076  RWIX
  CSM_PWL               0033fff8   00000008  00000000  00000008  RWIX
  ADC_CAL               00380080   00000009  00000007  00000002  RWIX
  IQTABLES              003fe000   00000b50  00000000  00000b50  RWIX
  IQTABLES2             003feb50   0000008c  00000000  0000008c  RWIX
  FPUTABLES             003febdc   000006a0  00000000  000006a0  RWIX
  BOOTROM               003ff27c   00000d44  00000000  00000d44  RWIX
  RESET                 003fffc0   00000002  00000000  00000002  RWIX

PAGE 1:
  BOOT_RSVD             00000002   0000004e  00000000  0000004e  RWIX
  RAMM1                 00000400   00000400  00000000  00000400  RWIX
  DEV_EMU               00000880   00000180  000000d0  000000b0  RWIX
  FLASH_REGS            00000a80   00000060  00000008  00000058  RWIX
  CSM                   00000ae0   00000010  00000010  00000000  RWIX
  ADC_MIRROR            00000b00   00000010  00000010  00000000  RWIX
  XINTF                 00000b20   00000020  0000001e  00000002  RWIX
  CPU_TIMER0            00000c00   00000008  00000008  00000000  RWIX
  CPU_TIMER1            00000c08   00000008  00000008  00000000  RWIX
  CPU_TIMER2            00000c10   00000008  00000008  00000000  RWIX
  PIE_CTRL              00000ce0   00000020  0000001a  00000006  RWIX
  PIE_VECT              00000d00   00000100  00000100  00000000  RWIX
  DMA                   00001000   00000200  000000e0  00000120  RWIX
  CPLDREGS              00004000   00000010  00000000  00000010  RWIX
  FPGAREGS              00004010   00000020  00000000  00000020  RWIX
  FPGAUSR1              00004030   000000d0  00000000  000000d0  RWIX
  FPGAUSR2              00004100   00000100  00000000  00000100  RWIX
  MCBSPA                00005000   00000040  00000025  0000001b  RWIX
  MCBSPB                00005040   00000040  00000025  0000001b  RWIX
  ECANA                 00006000   00000040  00000034  0000000c  RWIX
  ECANA_LAM             00006040   00000040  00000040  00000000  RWIX
  ECANA_MOTS            00006080   00000040  00000040  00000000  RWIX
  ECANA_MOTO            000060c0   00000040  00000040  00000000  RWIX
  ECANA_MBOX            00006100   00000100  00000100  00000000  RWIX
  ECANB                 00006200   00000040  00000034  0000000c  RWIX
  ECANB_LAM             00006240   00000040  00000040  00000000  RWIX
  ECANB_MOTS            00006280   00000040  00000040  00000000  RWIX
  ECANB_MOTO            000062c0   00000040  00000040  00000000  RWIX
  ECANB_MBOX            00006300   00000100  00000100  00000000  RWIX
  EPWM1                 00006800   00000022  00000022  00000000  RWIX
  EPWM2                 00006840   00000022  00000022  00000000  RWIX
  EPWM3                 00006880   00000022  00000022  00000000  RWIX
  EPWM4                 000068c0   00000022  00000022  00000000  RWIX
  EPWM5                 00006900   00000022  00000022  00000000  RWIX
  EPWM6                 00006940   00000022  00000022  00000000  RWIX
  ECAP1                 00006a00   00000020  00000020  00000000  RWIX
  ECAP2                 00006a20   00000020  00000020  00000000  RWIX
  ECAP3                 00006a40   00000020  00000020  00000000  RWIX
  ECAP4                 00006a60   00000020  00000020  00000000  RWIX
  ECAP5                 00006a80   00000020  00000020  00000000  RWIX
  ECAP6                 00006aa0   00000020  00000020  00000000  RWIX
  EQEP1                 00006b00   00000040  00000040  00000000  RWIX
  EQEP2                 00006b40   00000040  00000040  00000000  RWIX
  GPIOCTRL              00006f80   00000040  0000002e  00000012  RWIX
  GPIODAT               00006fc0   00000020  00000020  00000000  RWIX
  GPIOINT               00006fe0   00000020  0000000a  00000016  RWIX
  SYSTEM                00007010   00000020  00000020  00000000  RWIX
  SPIA                  00007040   00000010  00000010  00000000  RWIX
  SCIA                  00007050   00000010  00000010  00000000  RWIX
  XINTRUPT              00007070   00000010  00000010  00000000  RWIX
  ADC                   00007100   00000020  0000001e  00000002  RWIX
  SCIB                  00007750   00000010  00000010  00000000  RWIX
  SCIC                  00007770   00000010  00000010  00000000  RWIX
  I2CA                  00007900   00000040  00000022  0000001e  RWIX
  RAML6                 0000e000   00001000  00000804  000007fc  RWIX
  RAML7                 0000f000   00001000  00000000  00001000  RWIX
  ZONE7C                00200000   0001ffff  00000000  0001ffff  RWIX
  ZONE7D                00220000   0001ffff  00000000  0001ffff  RWIX
  CSM_PWL               0033fff8   00000008  00000008  00000000  RWIX
  PARTID                00380090   00000001  00000001  00000000  RWIX


SECTION ALLOCATION MAP

 output                                  attributes/
section   page    origin      length       input sections
--------  ----  ----------  ----------   ----------------
.cinit     0    00008000    000000dd     
                  00008000    00000066     MotorControlAlgorithm_0.obj (.cinit)
                  00008066    00000054     MLC_interface_lib.lib : MLC_drv.obj (.cinit)
                  000080ba    0000000e     rts2800_fpu32.lib : exit.c.obj (.cinit)
                  000080c8    00000005                       : _lock.c.obj (.cinit:__lock)
                  000080cd    00000005                       : _lock.c.obj (.cinit:__unlock)
                  000080d2    00000005     adc_config.obj (.cinit)
                  000080d7    00000004     MLC_interface_lib.lib : MLC_drv.obj (.cinit:_dac_values)
                  000080db    00000002     --HOLE-- [fill = 0]

ramfuncs   0    000080dd    00000004     
                  000080dd    00000004     MLC_interface_lib.lib : DSP2833x_usDelay.obj (ramfuncs)

.pinit     0    00008000    00000000     UNINITIALIZED

DevEmuRegsFile 
*          1    00000880    000000d0     UNINITIALIZED
                  00000880    000000d0     MLC_interface_lib.lib : DSP2833x_GlobalVariableDefs.obj (DevEmuRegsFile)

FlashRegsFile 
*          1    00000a80    00000008     UNINITIALIZED
                  00000a80    00000008     MLC_interface_lib.lib : DSP2833x_GlobalVariableDefs.obj (FlashRegsFile)

CsmRegsFile 
*          1    00000ae0    00000010     UNINITIALIZED
                  00000ae0    00000010     MLC_interface_lib.lib : DSP2833x_GlobalVariableDefs.obj (CsmRegsFile)

AdcMirrorFile 
*          1    00000b00    00000010     UNINITIALIZED
                  00000b00    00000010     MLC_interface_lib.lib : DSP2833x_GlobalVariableDefs.obj (AdcMirrorFile)

XintfRegsFile 
*          1    00000b20    0000001e     UNINITIALIZED
                  00000b20    0000001e     MLC_interface_lib.lib : DSP2833x_GlobalVariableDefs.obj (XintfRegsFile)

CpuTimer0RegsFile 
*          1    00000c00    00000008     UNINITIALIZED
                  00000c00    00000008     MLC_interface_lib.lib : DSP2833x_GlobalVariableDefs.obj (CpuTimer0RegsFile)

CpuTimer1RegsFile 
*          1    00000c08    00000008     UNINITIALIZED
                  00000c08    00000008     MLC_interface_lib.lib : DSP2833x_GlobalVariableDefs.obj (CpuTimer1RegsFile)

CpuTimer2RegsFile 
*          1    00000c10    00000008     UNINITIALIZED
                  00000c10    00000008     MLC_interface_lib.lib : DSP2833x_GlobalVariableDefs.obj (CpuTimer2RegsFile)

PieCtrlRegsFile 
*          1    00000ce0    0000001a     UNINITIALIZED
                  00000ce0    0000001a     MLC_interface_lib.lib : DSP2833x_GlobalVariableDefs.obj (PieCtrlRegsFile)

ECanaMOTSRegsFile 
*          1    00006080    00000040     UNINITIALIZED
                  00006080    00000040     MLC_interface_lib.lib : DSP2833x_GlobalVariableDefs.obj (ECanaMOTSRegsFile)

ECanaMOTORegsFile 
*          1    000060c0    00000040     UNINITIALIZED
                  000060c0    00000040     MLC_interface_lib.lib : DSP2833x_GlobalVariableDefs.obj (ECanaMOTORegsFile)

ECanbMOTSRegsFile 
*          1    00006280    00000040     UNINITIALIZED
                  00006280    00000040     MLC_interface_lib.lib : DSP2833x_GlobalVariableDefs.obj (ECanbMOTSRegsFile)

ECanbMOTORegsFile 
*          1    000062c0    00000040     UNINITIALIZED
                  000062c0    00000040     MLC_interface_lib.lib : DSP2833x_GlobalVariableDefs.obj (ECanbMOTORegsFile)

.stack     1    0000e000    00000600     UNINITIALIZED
                  0000e000    00000600     --HOLE--

.econst    1    0000e600    00000138     
                  0000e600    00000100     MLC_interface_lib.lib : DSP2833x_PieVect.obj (.econst:_PieVectTableInit)
                  0000e700    00000036                           : MLC_drv.obj (.econst:.string)
                  0000e736    00000002                           : MLC_drv.obj (.econst)

.ebss      1    0000e738    0000009c     UNINITIALIZED
                  0000e738    00000008     MLC_interface_lib.lib : MLC_drv.obj (.ebss:_dac_sel_ch)
                  0000e740    00000036     MotorControlAlgorithm_0.obj (.ebss)
                  0000e776    00000008     MLC_interface_lib.lib : MLC_drv.obj (.ebss:_dac_values)
                  0000e77e    00000002     rts2800_fpu32.lib : _lock.c.obj (.ebss:__lock)
                  0000e780    00000026     MLC_interface_lib.lib : MLC_drv.obj (.ebss)
                  0000e7a6    00000018                           : DSP2833x_CpuTimers.obj (.ebss)
                  0000e7be    00000002     rts2800_fpu32.lib : _lock.c.obj (.ebss:__unlock)
                  0000e7c0    00000008     adc_config.obj (.ebss)
                  0000e7c8    00000006     rts2800_fpu32.lib : exit.c.obj (.ebss)
                  0000e7ce    00000004     modulator.obj (.ebss)
                  0000e7d2    00000002     main.obj (.ebss)

DMARAML6   1    0000e800    00000030     UNINITIALIZED
                  0000e800    00000030     MLC_interface_lib.lib : MLC_drv.obj (DMARAML6)

.reset     0    003fffc0    00000002     DSECT
                  003fffc0    00000002     rts2800_fpu32.lib : boot28.asm.obj (.reset)

csm_rsvd   0    0033ff80    00000000     DSECT

csmpasswds 
*          0    0033fff8    00000000     DSECT

.adc_cal   0    00380080    00000007     NOLOAD SECTION
                  00380080    00000007     MLC_interface_lib.lib : DSP2833x_ADC_cal.obj (.adc_cal)

PieVectTableFile 
*          1    00000d00    00000100     UNINITIALIZED
                  00000d00    00000100     MLC_interface_lib.lib : DSP2833x_GlobalVariableDefs.obj (PieVectTableFile)

DmaRegsFile 
*          1    00001000    000000e0     UNINITIALIZED
                  00001000    000000e0     MLC_interface_lib.lib : DSP2833x_GlobalVariableDefs.obj (DmaRegsFile)

McbspaRegsFile 
*          1    00005000    00000025     UNINITIALIZED
                  00005000    00000025     MLC_interface_lib.lib : DSP2833x_GlobalVariableDefs.obj (McbspaRegsFile)

McbspbRegsFile 
*          1    00005040    00000025     UNINITIALIZED
                  00005040    00000025     MLC_interface_lib.lib : DSP2833x_GlobalVariableDefs.obj (McbspbRegsFile)

ECanaRegsFile 
*          1    00006000    00000034     UNINITIALIZED
                  00006000    00000034     MLC_interface_lib.lib : DSP2833x_GlobalVariableDefs.obj (ECanaRegsFile)

ECanaLAMRegsFile 
*          1    00006040    00000040     UNINITIALIZED
                  00006040    00000040     MLC_interface_lib.lib : DSP2833x_GlobalVariableDefs.obj (ECanaLAMRegsFile)

ECanaMboxesFile 
*          1    00006100    00000100     UNINITIALIZED
                  00006100    00000100     MLC_interface_lib.lib : DSP2833x_GlobalVariableDefs.obj (ECanaMboxesFile)

ECanbRegsFile 
*          1    00006200    00000034     UNINITIALIZED
                  00006200    00000034     MLC_interface_lib.lib : DSP2833x_GlobalVariableDefs.obj (ECanbRegsFile)

ECanbLAMRegsFile 
*          1    00006240    00000040     UNINITIALIZED
                  00006240    00000040     MLC_interface_lib.lib : DSP2833x_GlobalVariableDefs.obj (ECanbLAMRegsFile)

ECanbMboxesFile 
*          1    00006300    00000100     UNINITIALIZED
                  00006300    00000100     MLC_interface_lib.lib : DSP2833x_GlobalVariableDefs.obj (ECanbMboxesFile)

EPwm1RegsFile 
*          1    00006800    00000022     UNINITIALIZED
                  00006800    00000022     MLC_interface_lib.lib : DSP2833x_GlobalVariableDefs.obj (EPwm1RegsFile)

EPwm2RegsFile 
*          1    00006840    00000022     UNINITIALIZED
                  00006840    00000022     MLC_interface_lib.lib : DSP2833x_GlobalVariableDefs.obj (EPwm2RegsFile)

EPwm3RegsFile 
*          1    00006880    00000022     UNINITIALIZED
                  00006880    00000022     MLC_interface_lib.lib : DSP2833x_GlobalVariableDefs.obj (EPwm3RegsFile)

EPwm4RegsFile 
*          1    000068c0    00000022     UNINITIALIZED
                  000068c0    00000022     MLC_interface_lib.lib : DSP2833x_GlobalVariableDefs.obj (EPwm4RegsFile)

EPwm5RegsFile 
*          1    00006900    00000022     UNINITIALIZED
                  00006900    00000022     MLC_interface_lib.lib : DSP2833x_GlobalVariableDefs.obj (EPwm5RegsFile)

EPwm6RegsFile 
*          1    00006940    00000022     UNINITIALIZED
                  00006940    00000022     MLC_interface_lib.lib : DSP2833x_GlobalVariableDefs.obj (EPwm6RegsFile)

ECap1RegsFile 
*          1    00006a00    00000020     UNINITIALIZED
                  00006a00    00000020     MLC_interface_lib.lib : DSP2833x_GlobalVariableDefs.obj (ECap1RegsFile)

ECap2RegsFile 
*          1    00006a20    00000020     UNINITIALIZED
                  00006a20    00000020     MLC_interface_lib.lib : DSP2833x_GlobalVariableDefs.obj (ECap2RegsFile)

ECap3RegsFile 
*          1    00006a40    00000020     UNINITIALIZED
                  00006a40    00000020     MLC_interface_lib.lib : DSP2833x_GlobalVariableDefs.obj (ECap3RegsFile)

ECap4RegsFile 
*          1    00006a60    00000020     UNINITIALIZED
                  00006a60    00000020     MLC_interface_lib.lib : DSP2833x_GlobalVariableDefs.obj (ECap4RegsFile)

ECap5RegsFile 
*          1    00006a80    00000020     UNINITIALIZED
                  00006a80    00000020     MLC_interface_lib.lib : DSP2833x_GlobalVariableDefs.obj (ECap5RegsFile)

ECap6RegsFile 
*          1    00006aa0    00000020     UNINITIALIZED
                  00006aa0    00000020     MLC_interface_lib.lib : DSP2833x_GlobalVariableDefs.obj (ECap6RegsFile)

EQep1RegsFile 
*          1    00006b00    00000040     UNINITIALIZED
                  00006b00    00000040     MLC_interface_lib.lib : DSP2833x_GlobalVariableDefs.obj (EQep1RegsFile)

EQep2RegsFile 
*          1    00006b40    00000040     UNINITIALIZED
                  00006b40    00000040     MLC_interface_lib.lib : DSP2833x_GlobalVariableDefs.obj (EQep2RegsFile)

GpioCtrlRegsFile 
*          1    00006f80    0000002e     UNINITIALIZED
                  00006f80    0000002e     MLC_interface_lib.lib : DSP2833x_GlobalVariableDefs.obj (GpioCtrlRegsFile)

GpioDataRegsFile 
*          1    00006fc0    00000020     UNINITIALIZED
                  00006fc0    00000020     MLC_interface_lib.lib : DSP2833x_GlobalVariableDefs.obj (GpioDataRegsFile)

GpioIntRegsFile 
*          1    00006fe0    0000000a     UNINITIALIZED
                  00006fe0    0000000a     MLC_interface_lib.lib : DSP2833x_GlobalVariableDefs.obj (GpioIntRegsFile)

SysCtrlRegsFile 
*          1    00007010    00000020     UNINITIALIZED
                  00007010    00000020     MLC_interface_lib.lib : DSP2833x_GlobalVariableDefs.obj (SysCtrlRegsFile)

SpiaRegsFile 
*          1    00007040    00000010     UNINITIALIZED
                  00007040    00000010     MLC_interface_lib.lib : DSP2833x_GlobalVariableDefs.obj (SpiaRegsFile)

SciaRegsFile 
*          1    00007050    00000010     UNINITIALIZED
                  00007050    00000010     MLC_interface_lib.lib : DSP2833x_GlobalVariableDefs.obj (SciaRegsFile)

XIntruptRegsFile 
*          1    00007070    00000010     UNINITIALIZED
                  00007070    00000010     MLC_interface_lib.lib : DSP2833x_GlobalVariableDefs.obj (XIntruptRegsFile)

AdcRegsFile 
*          1    00007100    0000001e     UNINITIALIZED
                  00007100    0000001e     MLC_interface_lib.lib : DSP2833x_GlobalVariableDefs.obj (AdcRegsFile)

ScibRegsFile 
*          1    00007750    00000010     UNINITIALIZED
                  00007750    00000010     MLC_interface_lib.lib : DSP2833x_GlobalVariableDefs.obj (ScibRegsFile)

ScicRegsFile 
*          1    00007770    00000010     UNINITIALIZED
                  00007770    00000010     MLC_interface_lib.lib : DSP2833x_GlobalVariableDefs.obj (ScicRegsFile)

I2caRegsFile 
*          1    00007900    00000022     UNINITIALIZED
                  00007900    00000022     MLC_interface_lib.lib : DSP2833x_GlobalVariableDefs.obj (I2caRegsFile)

CsmPwlFile 
*          1    0033fff8    00000008     UNINITIALIZED
                  0033fff8    00000008     MLC_interface_lib.lib : DSP2833x_GlobalVariableDefs.obj (CsmPwlFile)

PartIdRegsFile 
*          1    00380090    00000001     UNINITIALIZED
                  00380090    00000001     MLC_interface_lib.lib : DSP2833x_GlobalVariableDefs.obj (PartIdRegsFile)

.text.1    0    00009000    00000ffb     
                  00009000    00000936     MLC_interface_lib.lib : MLC_drv.obj (.text)
                  00009936    00000318                           : DSP2833x_DefaultIsr.obj (.text:retain)
                  00009c4e    0000027d     MotorControlAlgorithm_0.obj (.text)
                  00009ecb    000000f8     MLC_interface_lib.lib : DSP2833x_SysCtrl.obj (.text)
                  00009fc3    0000002c     qsqrt.obj (.text)
                  00009fef    00000009     rts2800_fpu32.lib : _lock.c.obj (.text)
                  00009ff8    00000002                       : pre_init.c.obj (.text)
                  00009ffa    00000001                       : startup.c.obj (.text)

.text.2    0    0000a000    00000493     
                  0000a000    0000009f     modulator.obj (.text)
                  0000a09f    0000008a     main.obj (.text)
                  0000a129    00000063     modulator.obj (.text:retain)
                  0000a18c    00000061     MotorControlAlgorithm_0.obj (.text:retain)
                  0000a1ed    00000056     rts2800_fpu32.lib : boot28.asm.obj (.text)
                  0000a243    0000004c     adc_config.obj (.text)
                  0000a28f    00000046     adc_config.obj (.text:retain)
                  0000a2d5    0000002c     03_isr.obj (.text:retain)
                  0000a301    0000002a     rts2800_fpu32.lib : l_div28.asm.obj (.text)
                  0000a32b    00000029                       : exit.c.obj (.text)
                  0000a354    00000028     MLC_interface_lib.lib : DSP2833x_PieCtrl.obj (.text)
                  0000a37c    00000024     rts2800_fpu32.lib : cpy_tbl.c.obj (.text)
                  0000a3a0    00000022     MLC_interface_lib.lib : MLC_drv.obj (.text:retain)
                  0000a3c2    00000021     qcos.obj (.text)
                  0000a3e3    00000021     rts2800_fpu32_fast_supplement.lib : sqrt_f32.obj (.text)
                  0000a404    00000020     MLC_interface_lib.lib : DSP2833x_PieVect.obj (.text)
                  0000a424    00000020     qsin.obj (.text)
                  0000a444    0000001d     rts2800_fpu32.lib : memcpy.c.obj (.text)
                  0000a461    00000019                       : args_main.c.obj (.text)
                  0000a47a    00000019     rts2800_fpu32_fast_supplement.lib : div_f32.obj (.text)

MODULE SUMMARY

       Module                            code   initialized data   uninitialized data
       ------                            ----   ----------------   ------------------
    .\src\
       MotorControlAlgorithm_0.obj       734    102                54                
       modulator.obj                     258    0                  4                 
       adc_config.obj                    146    5                  8                 
       main.obj                          138    0                  2                 
       03_isr.obj                        44     0                  0                 
       qsqrt.obj                         44     0                  0                 
       qcos.obj                          33     0                  0                 
       qsin.obj                          32     0                  0                 
    +--+---------------------------------+------+------------------+--------------------+
       Total:                            1429   107                68                
                                                                                     
    ../lib/rts2800_fpu32_fast_supplement.lib
       sqrt_f32.obj                      33     0                  0                 
       div_f32.obj                       25     0                  0                 
    +--+---------------------------------+------+------------------+--------------------+
       Total:                            58     0                  0                 
                                                                                     
    C:/Users/nicco/TexasInstWorkspace/MLC_interface_lib/Debug/MLC_interface_lib.lib
       DSP2833x_GlobalVariableDefs.obj   0      0                  2679              
       MLC_drv.obj                       2392   144                102               
       DSP2833x_DefaultIsr.obj           792    0                  0                 
       DSP2833x_PieVect.obj              32     256                0                 
       DSP2833x_SysCtrl.obj              248    0                  0                 
       DSP2833x_PieCtrl.obj              40     0                  0                 
       DSP2833x_CpuTimers.obj            0      0                  24                
       DSP2833x_ADC_cal.obj              7      0                  0                 
       DSP2833x_usDelay.obj              4      0                  0                 
    +--+---------------------------------+------+------------------+--------------------+
       Total:                            3515   400                2805              
                                                                                     
    C:\ti\ccs910\ccs\tools\compiler\ti-cgt-c2000_18.12.2.LTS\lib\rts2800_fpu32.lib
       boot28.asm.obj                    86     0                  0                 
       exit.c.obj                        41     14                 6                 
       l_div28.asm.obj                   42     0                  0                 
       cpy_tbl.c.obj                     36     0                  0                 
       memcpy.c.obj                      29     0                  0                 
       args_main.c.obj                   25     0                  0                 
       _lock.c.obj                       9      10                 4                 
       pre_init.c.obj                    2      0                  0                 
       startup.c.obj                     1      0                  0                 
    +--+---------------------------------+------+------------------+--------------------+
       Total:                            271    24                 10                
                                                                                     
       Stack:                            0      0                  1536              
    +--+---------------------------------+------+------------------+--------------------+
       Grand Total:                      5273   531                4419              


GLOBAL DATA SYMBOLS: SORTED BY DATA PAGE

address     data page           name
--------    ----------------    ----
00000880      22 (00000880)     _DevEmuRegs

00000a80      2a (00000a80)     _FlashRegs

00000ae0      2b (00000ac0)     _CsmRegs

00000b00      2c (00000b00)     _AdcMirror
00000b20      2c (00000b00)     _XintfRegs

00000c00      30 (00000c00)     _CpuTimer0Regs
00000c08      30 (00000c00)     _CpuTimer1Regs
00000c10      30 (00000c00)     _CpuTimer2Regs

00000ce0      33 (00000cc0)     _PieCtrlRegs

00000d00      34 (00000d00)     _PieVectTable

00001000      40 (00001000)     _DmaRegs

00005000     140 (00005000)     _McbspaRegs

00005040     141 (00005040)     _McbspbRegs

00006000     180 (00006000)     _ECanaRegs

00006040     181 (00006040)     _ECanaLAMRegs

00006080     182 (00006080)     _ECanaMOTSRegs

000060c0     183 (000060c0)     _ECanaMOTORegs

00006100     184 (00006100)     _ECanaMboxes

00006200     188 (00006200)     _ECanbRegs

00006240     189 (00006240)     _ECanbLAMRegs

00006280     18a (00006280)     _ECanbMOTSRegs

000062c0     18b (000062c0)     _ECanbMOTORegs

00006300     18c (00006300)     _ECanbMboxes

00006800     1a0 (00006800)     _EPwm1Regs

00006840     1a1 (00006840)     _EPwm2Regs

00006880     1a2 (00006880)     _EPwm3Regs

000068c0     1a3 (000068c0)     _EPwm4Regs

00006900     1a4 (00006900)     _EPwm5Regs

00006940     1a5 (00006940)     _EPwm6Regs

00006a00     1a8 (00006a00)     _ECap1Regs
00006a20     1a8 (00006a00)     _ECap2Regs

00006a40     1a9 (00006a40)     _ECap3Regs
00006a60     1a9 (00006a40)     _ECap4Regs

00006a80     1aa (00006a80)     _ECap5Regs
00006aa0     1aa (00006a80)     _ECap6Regs

00006b00     1ac (00006b00)     _EQep1Regs

00006b40     1ad (00006b40)     _EQep2Regs

00006f80     1be (00006f80)     _GpioCtrlRegs

00006fc0     1bf (00006fc0)     _GpioDataRegs
00006fe0     1bf (00006fc0)     _GpioIntRegs

00007010     1c0 (00007000)     _SysCtrlRegs

00007040     1c1 (00007040)     _SpiaRegs
00007050     1c1 (00007040)     _SciaRegs
00007070     1c1 (00007040)     _XIntruptRegs

00007100     1c4 (00007100)     _AdcRegs

00007750     1dd (00007740)     _ScibRegs
00007770     1dd (00007740)     _ScicRegs

00007900     1e4 (00007900)     _I2caRegs

0000e000     380 (0000e000)     __stack

0000e600     398 (0000e600)     _PieVectTableInit

0000e738     39c (0000e700)     _dac_sel_ch

0000e740     39d (0000e740)     _Ua
0000e741     39d (0000e740)     _comp_value_a
0000e742     39d (0000e740)     _comp_value_b
0000e743     39d (0000e740)     _comp_value_c
0000e744     39d (0000e740)     _MotorDir
0000e745     39d (0000e740)     _Ua_fp
0000e746     39d (0000e740)     _Ub_fp
0000e747     39d (0000e740)     _Uc_fp
0000e748     39d (0000e740)     _fs_target_q015
0000e749     39d (0000e740)     _f_q015
0000e74a     39d (0000e740)     _fr_error_q015
0000e74b     39d (0000e740)     _udc_q015
0000e74d     39d (0000e740)     _FrtoU_Method
0000e74e     39d (0000e740)     _PID_Flag
0000e750     39d (0000e740)     _a
0000e752     39d (0000e740)     _b
0000e754     39d (0000e740)     _c
0000e756     39d (0000e740)     _MeasuredFmotor
0000e75a     39d (0000e740)     _f_err_perc
0000e75c     39d (0000e740)     _Udc
0000e75e     39d (0000e740)     _BETA
0000e760     39d (0000e740)     _PIDdt
0000e762     39d (0000e740)     _DeltaU
0000e764     39d (0000e740)     _Uint
0000e766     39d (0000e740)     _Umodulator
0000e76a     39d (0000e740)     _KP
0000e76c     39d (0000e740)     _KI
0000e76e     39d (0000e740)     _KD
0000e770     39d (0000e740)     _tau
0000e774     39d (0000e740)     _PID_error
0000e776     39d (0000e740)     _dac_values
0000e77e     39d (0000e740)     __lock

0000e780     39e (0000e780)     _pwr_out_state
0000e781     39e (0000e780)     _dbg_state
0000e782     39e (0000e780)     _temp
0000e783     39e (0000e780)     _ad_conf
0000e784     39e (0000e780)     _ad_soc_conf
0000e786     39e (0000e780)     _AD_res_1
0000e788     39e (0000e780)     _AD_res_2
0000e78a     39e (0000e780)     _AD_res_3
0000e78c     39e (0000e780)     _AD_res_1_struct
0000e78e     39e (0000e780)     _AD_res_2_struct
0000e790     39e (0000e780)     _AD_res_3_struct
0000e792     39e (0000e780)     _pDAC_values
0000e794     39e (0000e780)     _pMLC_info_struct
0000e796     39e (0000e780)     _pMLC_cpld_read
0000e798     39e (0000e780)     _pMLC_cpld_write
0000e79a     39e (0000e780)     _pFpgaRegs
0000e79c     39e (0000e780)     _MLC_info_struct
0000e7a6     39e (0000e780)     _CpuTimer0
0000e7ae     39e (0000e780)     _CpuTimer1
0000e7b6     39e (0000e780)     _CpuTimer2
0000e7be     39e (0000e780)     __unlock

0000e7c0     39f (0000e7c0)     _adc_conversion
0000e7c2     39f (0000e7c0)     _MeasuredUdc
0000e7c4     39f (0000e7c0)     _fs
0000e7c6     39f (0000e7c0)     _ADC_conv
0000e7c8     39f (0000e7c0)     ___TI_enable_exit_profile_output
0000e7ca     39f (0000e7c0)     ___TI_cleanup_ptr
0000e7cc     39f (0000e7c0)     ___TI_dtors_ptr
0000e7ce     39f (0000e7c0)     _global_compare_A
0000e7cf     39f (0000e7c0)     _global_compare_B
0000e7d0     39f (0000e7c0)     _period
0000e7d2     39f (0000e7c0)     _EncUnitTimerPeriod

0000e800     3a0 (0000e800)     _AD_dma_res_1
0000e810     3a0 (0000e800)     _AD_dma_res_2
0000e820     3a0 (0000e800)     _AD_dma_res_3

0033fff8    cfff (0033ffc0)     _CsmPwl

00380090    e002 (00380080)     _PartIdRegs


GLOBAL SYMBOLS: SORTED ALPHABETICALLY BY Name 

page  address   name                            
----  -------   ----                            
abs   ffffffff  .text                           
0     0000a32b  C$$EXIT                         
0     0000a47a  FS$$DIV                         
0     0000a301  L$$DIV                          
0     0000a310  L$$MOD                          
0     0000a31e  UL$$DIV                         
0     0000a325  UL$$MOD                         
0     00009a1e  _ADCINT_ISR                     
0     00380080  _ADC_cal                        
1     0000e7c6  _ADC_conv                       
1     0000e800  _AD_dma_res_1                   
1     0000e810  _AD_dma_res_2                   
1     0000e820  _AD_dma_res_3                   
1     0000e786  _AD_res_1                       
1     0000e78c  _AD_res_1_struct                
1     0000e788  _AD_res_2                       
1     0000e78e  _AD_res_2_struct                
1     0000e78a  _AD_res_3                       
1     0000e790  _AD_res_3_struct                
1     00000b00  _AdcMirror                      
1     00007100  _AdcRegs                        
1     0000e75e  _BETA                           
1     0000e7a6  _CpuTimer0                      
1     00000c00  _CpuTimer0Regs                  
1     0000e7ae  _CpuTimer1                      
1     00000c08  _CpuTimer1Regs                  
1     0000e7b6  _CpuTimer2                      
1     00000c10  _CpuTimer2Regs                  
1     0033fff8  _CsmPwl                         
1     00000ae0  _CsmRegs                        
0     00009f92  _CsmUnlock                      
0     0000994a  _DATALOG_ISR                    
0     00009b40  _DINTCH1_ISR                    
0     00009b4a  _DINTCH2_ISR                    
0     00009b54  _DINTCH3_ISR                    
0     00009b5e  _DINTCH4_ISR                    
0     00009b68  _DINTCH5_ISR                    
0     00009b72  _DINTCH6_ISR                    
0     000080dd  _DSP28x_usDelay                 
1     0000e762  _DeltaU                         
1     00000880  _DevEmuRegs                     
0     00009ede  _DisableDog                     
1     00001000  _DmaRegs                        
0     00009bcc  _ECAN0INTA_ISR                  
0     00009be0  _ECAN0INTB_ISR                  
0     00009bd6  _ECAN1INTA_ISR                  
0     00009bea  _ECAN1INTB_ISR                  
0     00009ab4  _ECAP1_INT_ISR                  
0     00009abe  _ECAP2_INT_ISR                  
0     00009ac8  _ECAP3_INT_ISR                  
0     00009ad2  _ECAP4_INT_ISR                  
0     00009adc  _ECAP5_INT_ISR                  
0     00009ae6  _ECAP6_INT_ISR                  
1     00006040  _ECanaLAMRegs                   
1     000060c0  _ECanaMOTORegs                  
1     00006080  _ECanaMOTSRegs                  
1     00006100  _ECanaMboxes                    
1     00006000  _ECanaRegs                      
1     00006240  _ECanbLAMRegs                   
1     000062c0  _ECanbMOTORegs                  
1     00006280  _ECanbMOTSRegs                  
1     00006300  _ECanbMboxes                    
1     00006200  _ECanbRegs                      
1     00006a00  _ECap1Regs                      
1     00006a20  _ECap2Regs                      
1     00006a40  _ECap3Regs                      
1     00006a60  _ECap4Regs                      
1     00006a80  _ECap5Regs                      
1     00006aa0  _ECap6Regs                      
0     0000995e  _EMUINT_ISR                     
0     00009a78  _EPWM1_INT_ISR                  
0     00009a3c  _EPWM1_TZINT_ISR                
0     00009a82  _EPWM2_INT_ISR                  
0     00009a46  _EPWM2_TZINT_ISR                
0     00009a8c  _EPWM3_INT_ISR                  
0     00009a50  _EPWM3_TZINT_ISR                
0     00009a96  _EPWM4_INT_ISR                  
0     00009a5a  _EPWM4_TZINT_ISR                
0     00009aa0  _EPWM5_INT_ISR                  
0     00009a64  _EPWM5_TZINT_ISR                
0     00009aaa  _EPWM6_INT_ISR                  
0     00009a6e  _EPWM6_TZINT_ISR                
1     00006800  _EPwm1Regs                      
1     00006840  _EPwm2Regs                      
1     00006880  _EPwm3Regs                      
1     000068c0  _EPwm4Regs                      
1     00006900  _EPwm5Regs                      
1     00006940  _EPwm6Regs                      
0     00009af0  _EQEP1_INT_ISR                  
0     00009afa  _EQEP2_INT_ISR                  
1     00006b00  _EQep1Regs                      
1     00006b40  _EQep2Regs                      
0     0000a373  _EnableInterrupts               
1     0000e7d2  _EncUnitTimerPeriod             
0     0000a18c  _EncoderInterruptRoutine        
0     00009c63  _EncoderUnitTimerBaseSetup      
1     00000a80  _FlashRegs                      
0     00009c9a  _Fr_to_DeltaU                   
1     0000e74d  _FrtoU_Method                   
0     00009cbf  _Fs_to_Uind                     
1     00006f80  _GpioCtrlRegs                   
1     00006fc0  _GpioDataRegs                   
1     00006fe0  _GpioIntRegs                    
0     00009b7c  _I2CINT1A_ISR                   
0     00009b86  _I2CINT2A_ISR                   
1     00007900  _I2caRegs                       
0     00009972  _ILLEGAL_ISR                    
0     00009936  _INT13_ISR                      
0     00009940  _INT14_ISR                      
0     00009f37  _InitPeripheralClocks           
0     0000a354  _InitPieCtrl                    
0     0000a404  _InitPieVectTable               
0     00009ee6  _InitPll                        
0     00009ecb  _InitSysCtrl                    
1     0000e76e  _KD                             
1     0000e76c  _KI                             
1     0000e76a  _KP                             
0     00009c30  _LUF_ISR                        
0     00009c26  _LVF_ISR                        
0     000094a2  _MLC_ADC1_get_res_ptr           
0     000094ae  _MLC_ADC1_get_res_strptr        
0     000094ba  _MLC_ADC1_read                  
0     000094a6  _MLC_ADC2_get_res_ptr           
0     000094b2  _MLC_ADC2_get_res_strptr        
0     000094c1  _MLC_ADC2_read                  
0     000094aa  _MLC_ADC3_get_res_ptr           
0     000094b6  _MLC_ADC3_get_res_strptr        
0     000094c8  _MLC_ADC3_read                  
0     000094cf  _MLC_ADC_calc_volt              
0     00009367  _MLC_ADC_disable_isr            
0     0000933e  _MLC_ADC_enable_isr             
0     00009448  _MLC_ADC_read                   
0     00009371  _MLC_ADC_reset                  
0     00009402  _MLC_ADC_setup                  
0     000094df  _MLC_ADC_setup_SOC              
0     000093ab  _MLC_ADC_start_conv             
0     000093cd  _MLC_ADC_start_one_conv         
0     0000943a  _MLC_ADC_wait                   
0     00009549  _MLC_DAC_control                
0     000094f1  _MLC_DAC_init                   
0     00009550  _MLC_DAC_reset                  
0     00009568  _MLC_DAC_write                  
0     00009746  _MLC_DBG_clear                  
0     0000973d  _MLC_DBG_set                    
0     00009291  _MLC_DMA_activate               
0     0000928c  _MLC_DMA_active                 
0     00009320  _MLC_DMA_ch_disable             
0     00009302  _MLC_DMA_ch_enable              
0     0000929f  _MLC_DMA_deactivate             
0     000092e5  _MLC_DMA_disable_isr            
0     000092ad  _MLC_DMA_enable_isr             
0     0000971c  _MLC_FPGA_disable_isr_1         
0     0000970e  _MLC_FPGA_disable_isr_2         
0     000096e5  _MLC_FPGA_enable_isr_1          
0     000096ba  _MLC_FPGA_enable_isr_2          
0     000094ec  _MLC_INTADC_set_offset          
0     00009780  _MLC_LCD_clrscr                 
0     00009790  _MLC_LCD_printf                 
0     00009750  _MLC_LCD_write_chr              
0     0000975a  _MLC_LCD_write_str              
0     0000976c  _MLC_LCD_write_strn             
0     00009733  _MLC_PWR_off                    
0     0000972a  _MLC_PWR_on                     
0     00009631  _MLC_RS485_avail                
0     00009612  _MLC_RS485_dir                  
0     00009680  _MLC_RS485_init                 
0     00009637  _MLC_RS485_recv                 
0     0000963e  _MLC_RS485_recv_timeout         
0     0000965a  _MLC_RS485_send_char            
0     0000966e  _MLC_RS485_send_str             
0     000095cd  _MLC_SCI_char_avail             
0     00009589  _MLC_SCI_init                   
0     000095d9  _MLC_SCI_recv_char              
0     000095e1  _MLC_SCI_send_char              
0     000095ee  _MLC_SCI_send_char_nonblock     
0     000095fe  _MLC_SCI_send_char_wait         
0     00009606  _MLC_SCI_send_str               
0     000095d3  _MLC_SCI_wait_send              
0     0000900e  _MLC_SramClear                  
0     00009282  _MLC_global_disable             
0     00009278  _MLC_global_enable              
1     0000e79c  _MLC_info_struct                
0     00009227  _MLC_init                       
0     00009225  _MLC_init_F2812                 
0     00009042  _MLC_init_F28335                
0     00009224  _MLC_init_F28377S               
0     00009226  _MLC_init_LS3137                
0     0000900a  _MLC_mem_speed_set              
0     00009006  _MLC_periph_speed_set           
0     00009b2c  _MRINTA_ISR                     
0     00009b18  _MRINTB_ISR                     
0     00009b36  _MXINTA_ISR                     
0     00009b22  _MXINTB_ISR                     
1     00005000  _McbspaRegs                     
1     00005040  _McbspbRegs                     
1     0000e756  _MeasuredFmotor                 
1     0000e7c2  _MeasuredUdc                    
0     00009e4e  _MotorControlAlg_PID            
0     00009cdb  _MotorControlAlgorithm_0_q015   
1     0000e744  _MotorDir                       
0     00009968  _NMI_ISR                        
0     00009dee  _PIDController                  
1     0000e74e  _PID_Flag                       
1     0000e774  _PID_error                      
1     0000e760  _PIDdt                          
0     00009c3a  _PIE_RESERVED                   
1     00380090  _PartIdRegs                     
1     00000ce0  _PieCtrlRegs                    
1     00000d00  _PieVectTable                   
1     0000e600  _PieVectTableInit               
0     00009954  _RTOSINT_ISR                    
0     00009ba4  _SCIRXINTA_ISR                  
0     00009bb8  _SCIRXINTB_ISR                  
0     00009b90  _SCIRXINTC_ISR                  
0     00009bae  _SCITXINTA_ISR                  
0     00009bc2  _SCITXINTB_ISR                  
0     00009b9a  _SCITXINTC_ISR                  
0     000099f6  _SEQ1INT_ISR                    
0     00009a00  _SEQ2INT_ISR                    
0     00009b04  _SPIRXINTA_ISR                  
0     00009b0e  _SPITXINTA_ISR                  
1     00007050  _SciaRegs                       
1     00007750  _ScibRegs                       
1     00007770  _ScicRegs                       
0     00009ed4  _ServiceDog                     
1     00007040  _SpiaRegs                       
1     00007010  _SysCtrlRegs                    
0     00009a28  _TINT0_ISR                      
0     000099d8  _USER10_ISR                     
0     000099e2  _USER11_ISR                     
0     000099ec  _USER12_ISR                     
0     0000997e  _USER1_ISR                      
0     00009988  _USER2_ISR                      
0     00009992  _USER3_ISR                      
0     0000999c  _USER4_ISR                      
0     000099a6  _USER5_ISR                      
0     000099b0  _USER6_ISR                      
0     000099ba  _USER7_ISR                      
0     000099c4  _USER8_ISR                      
0     000099ce  _USER9_ISR                      
1     0000e740  _Ua                             
1     0000e745  _Ua_fp                          
1     0000e746  _Ub_fp                          
1     0000e747  _Uc_fp                          
1     0000e75c  _Udc                            
0     0000a273  _UdcCalculation                 
1     0000e764  _Uint                           
1     0000e766  _Umodulator                     
0     00009a32  _WAKEINT_ISR                    
0     00009a0a  _XINT1_ISR                      
0     00009a14  _XINT2_ISR                      
0     00009bf4  _XINT3_ISR                      
0     00009bfe  _XINT4_ISR                      
0     00009c08  _XINT5_ISR                      
0     00009c12  _XINT6_ISR                      
0     00009c1c  _XINT7_ISR                      
1     00007070  _XIntruptRegs                   
1     00000b20  _XintfRegs                      
1     0000e600  __STACK_END                     
abs   00000600  __STACK_SIZE                    
1     0000e7ca  ___TI_cleanup_ptr               
1     0000e7cc  ___TI_dtors_ptr                 
1     0000e7c8  ___TI_enable_exit_profile_output
abs   ffffffff  ___TI_pprof_out_hndl            
abs   ffffffff  ___TI_prof_data_size            
abs   ffffffff  ___TI_prof_data_start           
abs   ffffffff  ___binit__                      
abs   ffffffff  ___c_args__                     
0     00008000  ___cinit__                      
abs   ffffffff  ___etext__                      
abs   ffffffff  ___pinit__                      
abs   ffffffff  ___text__                       
0     0000a461  __args_main                     
1     0000e77e  __lock                          
0     00009ff7  __nop                           
0     00009ff3  __register_lock                 
0     00009fef  __register_unlock               
1     0000e000  __stack                         
0     00009ffa  __system_post_cinit             
0     00009ff8  __system_pre_init               
1     0000e7be  __unlock                        
1     0000e750  _a                              
0     0000a32b  _abort                          
1     0000e783  _ad_conf                        
1     0000e784  _ad_soc_conf                    
0     0000a243  _adc_config                     
1     0000e7c0  _adc_conversion                 
0     0000a28f  _adc_conversion_routine         
0     0000a264  _adc_trigger_SOC                
1     0000e752  _b                              
1     0000e754  _c                              
0     0000a1ed  _c_int00                        
1     0000e741  _comp_value_a                   
1     0000e742  _comp_value_b                   
1     0000e743  _comp_value_c                   
0     0000a37c  _copy_in                        
1     0000e738  _dac_sel_ch                     
1     0000e776  _dac_values                     
1     0000e781  _dbg_state                      
0     0000a2a0  _dma_ch3_interrupt              
0     0000a3b1  _dma_transfer_end               
0     0000a32d  _exit                           
1     0000e75a  _f_err_perc                     
1     0000e749  _f_q015                         
1     0000e74a  _fr_error_q015                  
1     0000e7c4  _fs                             
1     0000e748  _fs_target_q015                 
1     0000e7ce  _global_compare_A               
1     0000e7cf  _global_compare_B               
0     0000a000  _init_modulator                 
0     0000a3a0  _isr_conv_end                   
0     0000a129  _isr_epwm1                      
0     0000a14a  _isr_epwm2                      
0     0000a16b  _isr_epwm3                      
0     0000a2d5  _isr_fce                        
0     00009000  _isr_fpga1                      
0     00009005  _isr_fpga2                      
0     0000a09f  _main                           
0     0000a444  _memcpy                         
0     0000a2eb  _myisr_tim2_routine             
1     0000e792  _pDAC_values                    
1     0000e79a  _pFpgaRegs                      
1     0000e796  _pMLC_cpld_read                 
1     0000e798  _pMLC_cpld_write                
1     0000e794  _pMLC_info_struct               
1     0000e7d0  _period                         
1     0000e780  _pwr_out_state                  
0     0000a3c2  _qcos                           
0     0000a424  _qsin                           
0     00009fc3  _qsqrt                          
0     00009c44  _rsvd_ISR                       
0     0000a3e3  _sqrt                           
1     0000e770  _tau                            
1     0000e782  _temp                           
1     0000e74b  _udc_q015                       
abs   ffffffff  binit                           
0     00008000  cinit                           
abs   ffffffff  etext                           
abs   ffffffff  pinit                           


GLOBAL SYMBOLS: SORTED BY Symbol Address 

page  address   name                            
----  -------   ----                            
0     00008000  ___cinit__                      
0     00008000  cinit                           
0     000080dd  _DSP28x_usDelay                 
0     00009000  _isr_fpga1                      
0     00009005  _isr_fpga2                      
0     00009006  _MLC_periph_speed_set           
0     0000900a  _MLC_mem_speed_set              
0     0000900e  _MLC_SramClear                  
0     00009042  _MLC_init_F28335                
0     00009224  _MLC_init_F28377S               
0     00009225  _MLC_init_F2812                 
0     00009226  _MLC_init_LS3137                
0     00009227  _MLC_init                       
0     00009278  _MLC_global_enable              
0     00009282  _MLC_global_disable             
0     0000928c  _MLC_DMA_active                 
0     00009291  _MLC_DMA_activate               
0     0000929f  _MLC_DMA_deactivate             
0     000092ad  _MLC_DMA_enable_isr             
0     000092e5  _MLC_DMA_disable_isr            
0     00009302  _MLC_DMA_ch_enable              
0     00009320  _MLC_DMA_ch_disable             
0     0000933e  _MLC_ADC_enable_isr             
0     00009367  _MLC_ADC_disable_isr            
0     00009371  _MLC_ADC_reset                  
0     000093ab  _MLC_ADC_start_conv             
0     000093cd  _MLC_ADC_start_one_conv         
0     00009402  _MLC_ADC_setup                  
0     0000943a  _MLC_ADC_wait                   
0     00009448  _MLC_ADC_read                   
0     000094a2  _MLC_ADC1_get_res_ptr           
0     000094a6  _MLC_ADC2_get_res_ptr           
0     000094aa  _MLC_ADC3_get_res_ptr           
0     000094ae  _MLC_ADC1_get_res_strptr        
0     000094b2  _MLC_ADC2_get_res_strptr        
0     000094b6  _MLC_ADC3_get_res_strptr        
0     000094ba  _MLC_ADC1_read                  
0     000094c1  _MLC_ADC2_read                  
0     000094c8  _MLC_ADC3_read                  
0     000094cf  _MLC_ADC_calc_volt              
0     000094df  _MLC_ADC_setup_SOC              
0     000094ec  _MLC_INTADC_set_offset          
0     000094f1  _MLC_DAC_init                   
0     00009549  _MLC_DAC_control                
0     00009550  _MLC_DAC_reset                  
0     00009568  _MLC_DAC_write                  
0     00009589  _MLC_SCI_init                   
0     000095cd  _MLC_SCI_char_avail             
0     000095d3  _MLC_SCI_wait_send              
0     000095d9  _MLC_SCI_recv_char              
0     000095e1  _MLC_SCI_send_char              
0     000095ee  _MLC_SCI_send_char_nonblock     
0     000095fe  _MLC_SCI_send_char_wait         
0     00009606  _MLC_SCI_send_str               
0     00009612  _MLC_RS485_dir                  
0     00009631  _MLC_RS485_avail                
0     00009637  _MLC_RS485_recv                 
0     0000963e  _MLC_RS485_recv_timeout         
0     0000965a  _MLC_RS485_send_char            
0     0000966e  _MLC_RS485_send_str             
0     00009680  _MLC_RS485_init                 
0     000096ba  _MLC_FPGA_enable_isr_2          
0     000096e5  _MLC_FPGA_enable_isr_1          
0     0000970e  _MLC_FPGA_disable_isr_2         
0     0000971c  _MLC_FPGA_disable_isr_1         
0     0000972a  _MLC_PWR_on                     
0     00009733  _MLC_PWR_off                    
0     0000973d  _MLC_DBG_set                    
0     00009746  _MLC_DBG_clear                  
0     00009750  _MLC_LCD_write_chr              
0     0000975a  _MLC_LCD_write_str              
0     0000976c  _MLC_LCD_write_strn             
0     00009780  _MLC_LCD_clrscr                 
0     00009790  _MLC_LCD_printf                 
0     00009936  _INT13_ISR                      
0     00009940  _INT14_ISR                      
0     0000994a  _DATALOG_ISR                    
0     00009954  _RTOSINT_ISR                    
0     0000995e  _EMUINT_ISR                     
0     00009968  _NMI_ISR                        
0     00009972  _ILLEGAL_ISR                    
0     0000997e  _USER1_ISR                      
0     00009988  _USER2_ISR                      
0     00009992  _USER3_ISR                      
0     0000999c  _USER4_ISR                      
0     000099a6  _USER5_ISR                      
0     000099b0  _USER6_ISR                      
0     000099ba  _USER7_ISR                      
0     000099c4  _USER8_ISR                      
0     000099ce  _USER9_ISR                      
0     000099d8  _USER10_ISR                     
0     000099e2  _USER11_ISR                     
0     000099ec  _USER12_ISR                     
0     000099f6  _SEQ1INT_ISR                    
0     00009a00  _SEQ2INT_ISR                    
0     00009a0a  _XINT1_ISR                      
0     00009a14  _XINT2_ISR                      
0     00009a1e  _ADCINT_ISR                     
0     00009a28  _TINT0_ISR                      
0     00009a32  _WAKEINT_ISR                    
0     00009a3c  _EPWM1_TZINT_ISR                
0     00009a46  _EPWM2_TZINT_ISR                
0     00009a50  _EPWM3_TZINT_ISR                
0     00009a5a  _EPWM4_TZINT_ISR                
0     00009a64  _EPWM5_TZINT_ISR                
0     00009a6e  _EPWM6_TZINT_ISR                
0     00009a78  _EPWM1_INT_ISR                  
0     00009a82  _EPWM2_INT_ISR                  
0     00009a8c  _EPWM3_INT_ISR                  
0     00009a96  _EPWM4_INT_ISR                  
0     00009aa0  _EPWM5_INT_ISR                  
0     00009aaa  _EPWM6_INT_ISR                  
0     00009ab4  _ECAP1_INT_ISR                  
0     00009abe  _ECAP2_INT_ISR                  
0     00009ac8  _ECAP3_INT_ISR                  
0     00009ad2  _ECAP4_INT_ISR                  
0     00009adc  _ECAP5_INT_ISR                  
0     00009ae6  _ECAP6_INT_ISR                  
0     00009af0  _EQEP1_INT_ISR                  
0     00009afa  _EQEP2_INT_ISR                  
0     00009b04  _SPIRXINTA_ISR                  
0     00009b0e  _SPITXINTA_ISR                  
0     00009b18  _MRINTB_ISR                     
0     00009b22  _MXINTB_ISR                     
0     00009b2c  _MRINTA_ISR                     
0     00009b36  _MXINTA_ISR                     
0     00009b40  _DINTCH1_ISR                    
0     00009b4a  _DINTCH2_ISR                    
0     00009b54  _DINTCH3_ISR                    
0     00009b5e  _DINTCH4_ISR                    
0     00009b68  _DINTCH5_ISR                    
0     00009b72  _DINTCH6_ISR                    
0     00009b7c  _I2CINT1A_ISR                   
0     00009b86  _I2CINT2A_ISR                   
0     00009b90  _SCIRXINTC_ISR                  
0     00009b9a  _SCITXINTC_ISR                  
0     00009ba4  _SCIRXINTA_ISR                  
0     00009bae  _SCITXINTA_ISR                  
0     00009bb8  _SCIRXINTB_ISR                  
0     00009bc2  _SCITXINTB_ISR                  
0     00009bcc  _ECAN0INTA_ISR                  
0     00009bd6  _ECAN1INTA_ISR                  
0     00009be0  _ECAN0INTB_ISR                  
0     00009bea  _ECAN1INTB_ISR                  
0     00009bf4  _XINT3_ISR                      
0     00009bfe  _XINT4_ISR                      
0     00009c08  _XINT5_ISR                      
0     00009c12  _XINT6_ISR                      
0     00009c1c  _XINT7_ISR                      
0     00009c26  _LVF_ISR                        
0     00009c30  _LUF_ISR                        
0     00009c3a  _PIE_RESERVED                   
0     00009c44  _rsvd_ISR                       
0     00009c63  _EncoderUnitTimerBaseSetup      
0     00009c9a  _Fr_to_DeltaU                   
0     00009cbf  _Fs_to_Uind                     
0     00009cdb  _MotorControlAlgorithm_0_q015   
0     00009dee  _PIDController                  
0     00009e4e  _MotorControlAlg_PID            
0     00009ecb  _InitSysCtrl                    
0     00009ed4  _ServiceDog                     
0     00009ede  _DisableDog                     
0     00009ee6  _InitPll                        
0     00009f37  _InitPeripheralClocks           
0     00009f92  _CsmUnlock                      
0     00009fc3  _qsqrt                          
0     00009fef  __register_unlock               
0     00009ff3  __register_lock                 
0     00009ff7  __nop                           
0     00009ff8  __system_pre_init               
0     00009ffa  __system_post_cinit             
0     0000a000  _init_modulator                 
0     0000a09f  _main                           
0     0000a129  _isr_epwm1                      
0     0000a14a  _isr_epwm2                      
0     0000a16b  _isr_epwm3                      
0     0000a18c  _EncoderInterruptRoutine        
0     0000a1ed  _c_int00                        
0     0000a243  _adc_config                     
0     0000a264  _adc_trigger_SOC                
0     0000a273  _UdcCalculation                 
0     0000a28f  _adc_conversion_routine         
0     0000a2a0  _dma_ch3_interrupt              
0     0000a2d5  _isr_fce                        
0     0000a2eb  _myisr_tim2_routine             
0     0000a301  L$$DIV                          
0     0000a310  L$$MOD                          
0     0000a31e  UL$$DIV                         
0     0000a325  UL$$MOD                         
0     0000a32b  C$$EXIT                         
0     0000a32b  _abort                          
0     0000a32d  _exit                           
0     0000a354  _InitPieCtrl                    
0     0000a373  _EnableInterrupts               
0     0000a37c  _copy_in                        
0     0000a3a0  _isr_conv_end                   
0     0000a3b1  _dma_transfer_end               
0     0000a3c2  _qcos                           
0     0000a3e3  _sqrt                           
0     0000a404  _InitPieVectTable               
0     0000a424  _qsin                           
0     0000a444  _memcpy                         
0     0000a461  __args_main                     
0     0000a47a  FS$$DIV                         
0     00380080  _ADC_cal                        
1     00000880  _DevEmuRegs                     
1     00000a80  _FlashRegs                      
1     00000ae0  _CsmRegs                        
1     00000b00  _AdcMirror                      
1     00000b20  _XintfRegs                      
1     00000c00  _CpuTimer0Regs                  
1     00000c08  _CpuTimer1Regs                  
1     00000c10  _CpuTimer2Regs                  
1     00000ce0  _PieCtrlRegs                    
1     00000d00  _PieVectTable                   
1     00001000  _DmaRegs                        
1     00005000  _McbspaRegs                     
1     00005040  _McbspbRegs                     
1     00006000  _ECanaRegs                      
1     00006040  _ECanaLAMRegs                   
1     00006080  _ECanaMOTSRegs                  
1     000060c0  _ECanaMOTORegs                  
1     00006100  _ECanaMboxes                    
1     00006200  _ECanbRegs                      
1     00006240  _ECanbLAMRegs                   
1     00006280  _ECanbMOTSRegs                  
1     000062c0  _ECanbMOTORegs                  
1     00006300  _ECanbMboxes                    
1     00006800  _EPwm1Regs                      
1     00006840  _EPwm2Regs                      
1     00006880  _EPwm3Regs                      
1     000068c0  _EPwm4Regs                      
1     00006900  _EPwm5Regs                      
1     00006940  _EPwm6Regs                      
1     00006a00  _ECap1Regs                      
1     00006a20  _ECap2Regs                      
1     00006a40  _ECap3Regs                      
1     00006a60  _ECap4Regs                      
1     00006a80  _ECap5Regs                      
1     00006aa0  _ECap6Regs                      
1     00006b00  _EQep1Regs                      
1     00006b40  _EQep2Regs                      
1     00006f80  _GpioCtrlRegs                   
1     00006fc0  _GpioDataRegs                   
1     00006fe0  _GpioIntRegs                    
1     00007010  _SysCtrlRegs                    
1     00007040  _SpiaRegs                       
1     00007050  _SciaRegs                       
1     00007070  _XIntruptRegs                   
1     00007100  _AdcRegs                        
1     00007750  _ScibRegs                       
1     00007770  _ScicRegs                       
1     00007900  _I2caRegs                       
1     0000e000  __stack                         
1     0000e600  _PieVectTableInit               
1     0000e600  __STACK_END                     
1     0000e738  _dac_sel_ch                     
1     0000e740  _Ua                             
1     0000e741  _comp_value_a                   
1     0000e742  _comp_value_b                   
1     0000e743  _comp_value_c                   
1     0000e744  _MotorDir                       
1     0000e745  _Ua_fp                          
1     0000e746  _Ub_fp                          
1     0000e747  _Uc_fp                          
1     0000e748  _fs_target_q015                 
1     0000e749  _f_q015                         
1     0000e74a  _fr_error_q015                  
1     0000e74b  _udc_q015                       
1     0000e74d  _FrtoU_Method                   
1     0000e74e  _PID_Flag                       
1     0000e750  _a                              
1     0000e752  _b                              
1     0000e754  _c                              
1     0000e756  _MeasuredFmotor                 
1     0000e75a  _f_err_perc                     
1     0000e75c  _Udc                            
1     0000e75e  _BETA                           
1     0000e760  _PIDdt                          
1     0000e762  _DeltaU                         
1     0000e764  _Uint                           
1     0000e766  _Umodulator                     
1     0000e76a  _KP                             
1     0000e76c  _KI                             
1     0000e76e  _KD                             
1     0000e770  _tau                            
1     0000e774  _PID_error                      
1     0000e776  _dac_values                     
1     0000e77e  __lock                          
1     0000e780  _pwr_out_state                  
1     0000e781  _dbg_state                      
1     0000e782  _temp                           
1     0000e783  _ad_conf                        
1     0000e784  _ad_soc_conf                    
1     0000e786  _AD_res_1                       
1     0000e788  _AD_res_2                       
1     0000e78a  _AD_res_3                       
1     0000e78c  _AD_res_1_struct                
1     0000e78e  _AD_res_2_struct                
1     0000e790  _AD_res_3_struct                
1     0000e792  _pDAC_values                    
1     0000e794  _pMLC_info_struct               
1     0000e796  _pMLC_cpld_read                 
1     0000e798  _pMLC_cpld_write                
1     0000e79a  _pFpgaRegs                      
1     0000e79c  _MLC_info_struct                
1     0000e7a6  _CpuTimer0                      
1     0000e7ae  _CpuTimer1                      
1     0000e7b6  _CpuTimer2                      
1     0000e7be  __unlock                        
1     0000e7c0  _adc_conversion                 
1     0000e7c2  _MeasuredUdc                    
1     0000e7c4  _fs                             
1     0000e7c6  _ADC_conv                       
1     0000e7c8  ___TI_enable_exit_profile_output
1     0000e7ca  ___TI_cleanup_ptr               
1     0000e7cc  ___TI_dtors_ptr                 
1     0000e7ce  _global_compare_A               
1     0000e7cf  _global_compare_B               
1     0000e7d0  _period                         
1     0000e7d2  _EncUnitTimerPeriod             
1     0000e800  _AD_dma_res_1                   
1     0000e810  _AD_dma_res_2                   
1     0000e820  _AD_dma_res_3                   
1     0033fff8  _CsmPwl                         
1     00380090  _PartIdRegs                     
abs   00000600  __STACK_SIZE                    
abs   ffffffff  .text                           
abs   ffffffff  ___TI_pprof_out_hndl            
abs   ffffffff  ___TI_prof_data_size            
abs   ffffffff  ___TI_prof_data_start           
abs   ffffffff  ___binit__                      
abs   ffffffff  ___c_args__                     
abs   ffffffff  ___etext__                      
abs   ffffffff  ___pinit__                      
abs   ffffffff  ___text__                       
abs   ffffffff  binit                           
abs   ffffffff  etext                           
abs   ffffffff  pinit                           

[339 symbols]
