******************************************************************************
             TMS320C2000 Linker PC v6.4.9                      
******************************************************************************
>> Linked Wed Sep 21 16:57:46 2016

OUTPUT FILE NAME:   <MRP_MLC28335_v01.out>
ENTRY POINT SYMBOL: "_c_int00"  address: 00009c59


MEMORY CONFIGURATION

         name            origin    length      used     unused   attr    fill
----------------------  --------  ---------  --------  --------  ----  --------
PAGE 0:
  BEGIN                 00000000   00000002  00000000  00000002  RWIX
  RAMM0                 00000050   000003b0  00000000  000003b0  RWIX
  RAML0                 00008000   00001000  00000068  00000f98  RWIX
  RAML1                 00009000   00001000  00000d5d  000002a3  RWIX
  RAML2                 0000a000   00001000  00000000  00001000  RWIX
  RAML3                 0000b000   00001000  00000000  00001000  RWIX
  RAML4                 0000c000   00001000  00000000  00001000  RWIX
  RAML5                 0000d000   00001000  00000000  00001000  RWIX
  CSM_RSVD              0033ff80   00000076  00000000  00000076  RWIX
  CSM_PWL               0033fff8   00000008  00000000  00000008  RWIX
  ADC_CAL               00380080   00000009  00000007  00000002  RWIX
  IQTABLES              003fe000   00000b50  00000000  00000b50  RWIX
  IQTABLES2             003feb50   0000008c  00000000  0000008c  RWIX
  FPUTABLES             003febdc   000006a0  00000000  000006a0  RWIX
  BOOTROM               003ff27c   00000d44  00000000  00000d44  RWIX
  RESET                 003fffc0   00000002  00000000  00000002  RWIX

PAGE 1:
  BOOT_RSVD             00000002   0000004e  00000000  0000004e  RWIX
  RAMM1                 00000400   00000400  00000000  00000400  RWIX
  DEV_EMU               00000880   00000180  000000d0  000000b0  RWIX
  FLASH_REGS            00000a80   00000060  00000008  00000058  RWIX
  CSM                   00000ae0   00000010  00000010  00000000  RWIX
  ADC_MIRROR            00000b00   00000010  00000010  00000000  RWIX
  XINTF                 00000b20   00000020  0000001e  00000002  RWIX
  CPU_TIMER0            00000c00   00000008  00000008  00000000  RWIX
  CPU_TIMER1            00000c08   00000008  00000008  00000000  RWIX
  CPU_TIMER2            00000c10   00000008  00000008  00000000  RWIX
  PIE_CTRL              00000ce0   00000020  0000001a  00000006  RWIX
  PIE_VECT              00000d00   00000100  00000100  00000000  RWIX
  DMA                   00001000   00000200  000000e0  00000120  RWIX
  CPLDREGS              00004000   00000010  00000000  00000010  RWIX
  FPGAREGS              00004010   00000020  00000000  00000020  RWIX
  FPGAUSR1              00004030   000000d0  00000000  000000d0  RWIX
  FPGAUSR2              00004100   00000100  00000000  00000100  RWIX
  MCBSPA                00005000   00000040  00000025  0000001b  RWIX
  MCBSPB                00005040   00000040  00000025  0000001b  RWIX
  ECANA                 00006000   00000040  00000034  0000000c  RWIX
  ECANA_LAM             00006040   00000040  00000040  00000000  RWIX
  ECANA_MOTS            00006080   00000040  00000040  00000000  RWIX
  ECANA_MOTO            000060c0   00000040  00000040  00000000  RWIX
  ECANA_MBOX            00006100   00000100  00000100  00000000  RWIX
  ECANB                 00006200   00000040  00000034  0000000c  RWIX
  ECANB_LAM             00006240   00000040  00000040  00000000  RWIX
  ECANB_MOTS            00006280   00000040  00000040  00000000  RWIX
  ECANB_MOTO            000062c0   00000040  00000040  00000000  RWIX
  ECANB_MBOX            00006300   00000100  00000100  00000000  RWIX
  EPWM1                 00006800   00000022  00000022  00000000  RWIX
  EPWM2                 00006840   00000022  00000022  00000000  RWIX
  EPWM3                 00006880   00000022  00000022  00000000  RWIX
  EPWM4                 000068c0   00000022  00000022  00000000  RWIX
  EPWM5                 00006900   00000022  00000022  00000000  RWIX
  EPWM6                 00006940   00000022  00000022  00000000  RWIX
  ECAP1                 00006a00   00000020  00000020  00000000  RWIX
  ECAP2                 00006a20   00000020  00000020  00000000  RWIX
  ECAP3                 00006a40   00000020  00000020  00000000  RWIX
  ECAP4                 00006a60   00000020  00000020  00000000  RWIX
  ECAP5                 00006a80   00000020  00000020  00000000  RWIX
  ECAP6                 00006aa0   00000020  00000020  00000000  RWIX
  EQEP1                 00006b00   00000040  00000040  00000000  RWIX
  EQEP2                 00006b40   00000040  00000040  00000000  RWIX
  GPIOCTRL              00006f80   00000040  0000002e  00000012  RWIX
  GPIODAT               00006fc0   00000020  00000020  00000000  RWIX
  GPIOINT               00006fe0   00000020  0000000a  00000016  RWIX
  SYSTEM                00007010   00000020  00000020  00000000  RWIX
  SPIA                  00007040   00000010  00000010  00000000  RWIX
  SCIA                  00007050   00000010  00000010  00000000  RWIX
  XINTRUPT              00007070   00000010  00000010  00000000  RWIX
  ADC                   00007100   00000020  0000001e  00000002  RWIX
  SCIB                  00007750   00000010  00000010  00000000  RWIX
  SCIC                  00007770   00000010  00000010  00000000  RWIX
  I2CA                  00007900   00000040  00000022  0000001e  RWIX
  RAML6                 0000e000   00001000  000007fe  00000802  RWIX
  RAML7                 0000f000   00001000  00000000  00001000  RWIX
  ZONE7C                00200000   0001ffff  00000000  0001ffff  RWIX
  ZONE7D                00220000   0001ffff  00000000  0001ffff  RWIX
  CSM_PWL               0033fff8   00000008  00000008  00000000  RWIX
  PARTID                00380090   00000001  00000001  00000000  RWIX


SECTION ALLOCATION MAP

 output                                  attributes/
section   page    origin      length       input sections
--------  ----  ----------  ----------   ----------------
.cinit     0    00008000    00000064     
                  00008000    0000003c     MLC_interface_lib.lib : MLC_drv.obj (.cinit)
                  0000803c    00000012     01_LED_Display_Button.obj (.cinit)
                  0000804e    0000000a     rts2800_fpu32.lib : exit.obj (.cinit)
                  00008058    00000005                       : _lock.obj (.cinit:__lock)
                  0000805d    00000005                       : _lock.obj (.cinit:__unlock)
                  00008062    00000002     --HOLE-- [fill = 0]

ramfuncs   0    00008064    00000004     
                  00008064    00000004     MLC_interface_lib.lib : DSP2833x_usDelay.obj (ramfuncs)

.pinit     0    00008000    00000000     UNINITIALIZED

.text      0    00009000    00000d5d     
                  00009000    0000071a     MLC_interface_lib.lib : MLC_drv.obj (.text)
                  0000971a    00000318                           : DSP2833x_DefaultIsr.obj (.text:retain)
                  00009a32    000000f8                           : DSP2833x_SysCtrl.obj (.text)
                  00009b2a    000000a7     01_LED_Display_Button.obj (.text)
                  00009bd1    00000088     rts2800_fpu32.lib : fs_div.obj (.text)
                  00009c59    00000046                       : boot.obj (.text)
                  00009c9f    00000028     MLC_interface_lib.lib : DSP2833x_PieCtrl.obj (.text)
                  00009cc7    00000022                           : DSP2833x_PieVect.obj (.text)
                  00009ce9    00000022                           : MLC_drv.obj (.text:retain)
                  00009d0b    00000019     rts2800_fpu32.lib : args_main.obj (.text)
                  00009d24    00000019                       : exit.obj (.text)
                  00009d3d    00000017     main.obj (.text)
                  00009d54    00000009     rts2800_fpu32.lib : _lock.obj (.text)

.adc_cal   0    00380080    00000007     NOLOAD SECTION
                  00380080    00000007     MLC_interface_lib.lib : DSP2833x_ADC_cal.obj (.adc_cal)

DevEmuRegsFile 
*          1    00000880    000000d0     UNINITIALIZED
                  00000880    000000d0     MLC_interface_lib.lib : DSP2833x_GlobalVariableDefs.obj (DevEmuRegsFile)

FlashRegsFile 
*          1    00000a80    00000008     UNINITIALIZED
                  00000a80    00000008     MLC_interface_lib.lib : DSP2833x_GlobalVariableDefs.obj (FlashRegsFile)

CsmRegsFile 
*          1    00000ae0    00000010     UNINITIALIZED
                  00000ae0    00000010     MLC_interface_lib.lib : DSP2833x_GlobalVariableDefs.obj (CsmRegsFile)

AdcMirrorFile 
*          1    00000b00    00000010     UNINITIALIZED
                  00000b00    00000010     MLC_interface_lib.lib : DSP2833x_GlobalVariableDefs.obj (AdcMirrorFile)

XintfRegsFile 
*          1    00000b20    0000001e     UNINITIALIZED
                  00000b20    0000001e     MLC_interface_lib.lib : DSP2833x_GlobalVariableDefs.obj (XintfRegsFile)

CpuTimer0RegsFile 
*          1    00000c00    00000008     UNINITIALIZED
                  00000c00    00000008     MLC_interface_lib.lib : DSP2833x_GlobalVariableDefs.obj (CpuTimer0RegsFile)

CpuTimer1RegsFile 
*          1    00000c08    00000008     UNINITIALIZED
                  00000c08    00000008     MLC_interface_lib.lib : DSP2833x_GlobalVariableDefs.obj (CpuTimer1RegsFile)

CpuTimer2RegsFile 
*          1    00000c10    00000008     UNINITIALIZED
                  00000c10    00000008     MLC_interface_lib.lib : DSP2833x_GlobalVariableDefs.obj (CpuTimer2RegsFile)

PieCtrlRegsFile 
*          1    00000ce0    0000001a     UNINITIALIZED
                  00000ce0    0000001a     MLC_interface_lib.lib : DSP2833x_GlobalVariableDefs.obj (PieCtrlRegsFile)

PieVectTableFile 
*          1    00000d00    00000100     UNINITIALIZED
                  00000d00    00000100     MLC_interface_lib.lib : DSP2833x_GlobalVariableDefs.obj (PieVectTableFile)

DmaRegsFile 
*          1    00001000    000000e0     UNINITIALIZED
                  00001000    000000e0     MLC_interface_lib.lib : DSP2833x_GlobalVariableDefs.obj (DmaRegsFile)

McbspaRegsFile 
*          1    00005000    00000025     UNINITIALIZED
                  00005000    00000025     MLC_interface_lib.lib : DSP2833x_GlobalVariableDefs.obj (McbspaRegsFile)

McbspbRegsFile 
*          1    00005040    00000025     UNINITIALIZED
                  00005040    00000025     MLC_interface_lib.lib : DSP2833x_GlobalVariableDefs.obj (McbspbRegsFile)

ECanaRegsFile 
*          1    00006000    00000034     UNINITIALIZED
                  00006000    00000034     MLC_interface_lib.lib : DSP2833x_GlobalVariableDefs.obj (ECanaRegsFile)

ECanaLAMRegsFile 
*          1    00006040    00000040     UNINITIALIZED
                  00006040    00000040     MLC_interface_lib.lib : DSP2833x_GlobalVariableDefs.obj (ECanaLAMRegsFile)

ECanaMOTSRegsFile 
*          1    00006080    00000040     UNINITIALIZED
                  00006080    00000040     MLC_interface_lib.lib : DSP2833x_GlobalVariableDefs.obj (ECanaMOTSRegsFile)

ECanaMOTORegsFile 
*          1    000060c0    00000040     UNINITIALIZED
                  000060c0    00000040     MLC_interface_lib.lib : DSP2833x_GlobalVariableDefs.obj (ECanaMOTORegsFile)

ECanaMboxesFile 
*          1    00006100    00000100     UNINITIALIZED
                  00006100    00000100     MLC_interface_lib.lib : DSP2833x_GlobalVariableDefs.obj (ECanaMboxesFile)

ECanbRegsFile 
*          1    00006200    00000034     UNINITIALIZED
                  00006200    00000034     MLC_interface_lib.lib : DSP2833x_GlobalVariableDefs.obj (ECanbRegsFile)

ECanbLAMRegsFile 
*          1    00006240    00000040     UNINITIALIZED
                  00006240    00000040     MLC_interface_lib.lib : DSP2833x_GlobalVariableDefs.obj (ECanbLAMRegsFile)

ECanbMOTSRegsFile 
*          1    00006280    00000040     UNINITIALIZED
                  00006280    00000040     MLC_interface_lib.lib : DSP2833x_GlobalVariableDefs.obj (ECanbMOTSRegsFile)

ECanbMOTORegsFile 
*          1    000062c0    00000040     UNINITIALIZED
                  000062c0    00000040     MLC_interface_lib.lib : DSP2833x_GlobalVariableDefs.obj (ECanbMOTORegsFile)

ECanbMboxesFile 
*          1    00006300    00000100     UNINITIALIZED
                  00006300    00000100     MLC_interface_lib.lib : DSP2833x_GlobalVariableDefs.obj (ECanbMboxesFile)

EPwm1RegsFile 
*          1    00006800    00000022     UNINITIALIZED
                  00006800    00000022     MLC_interface_lib.lib : DSP2833x_GlobalVariableDefs.obj (EPwm1RegsFile)

EPwm2RegsFile 
*          1    00006840    00000022     UNINITIALIZED
                  00006840    00000022     MLC_interface_lib.lib : DSP2833x_GlobalVariableDefs.obj (EPwm2RegsFile)

EPwm3RegsFile 
*          1    00006880    00000022     UNINITIALIZED
                  00006880    00000022     MLC_interface_lib.lib : DSP2833x_GlobalVariableDefs.obj (EPwm3RegsFile)

EPwm4RegsFile 
*          1    000068c0    00000022     UNINITIALIZED
                  000068c0    00000022     MLC_interface_lib.lib : DSP2833x_GlobalVariableDefs.obj (EPwm4RegsFile)

EPwm5RegsFile 
*          1    00006900    00000022     UNINITIALIZED
                  00006900    00000022     MLC_interface_lib.lib : DSP2833x_GlobalVariableDefs.obj (EPwm5RegsFile)

EPwm6RegsFile 
*          1    00006940    00000022     UNINITIALIZED
                  00006940    00000022     MLC_interface_lib.lib : DSP2833x_GlobalVariableDefs.obj (EPwm6RegsFile)

ECap1RegsFile 
*          1    00006a00    00000020     UNINITIALIZED
                  00006a00    00000020     MLC_interface_lib.lib : DSP2833x_GlobalVariableDefs.obj (ECap1RegsFile)

ECap2RegsFile 
*          1    00006a20    00000020     UNINITIALIZED
                  00006a20    00000020     MLC_interface_lib.lib : DSP2833x_GlobalVariableDefs.obj (ECap2RegsFile)

ECap3RegsFile 
*          1    00006a40    00000020     UNINITIALIZED
                  00006a40    00000020     MLC_interface_lib.lib : DSP2833x_GlobalVariableDefs.obj (ECap3RegsFile)

ECap4RegsFile 
*          1    00006a60    00000020     UNINITIALIZED
                  00006a60    00000020     MLC_interface_lib.lib : DSP2833x_GlobalVariableDefs.obj (ECap4RegsFile)

ECap5RegsFile 
*          1    00006a80    00000020     UNINITIALIZED
                  00006a80    00000020     MLC_interface_lib.lib : DSP2833x_GlobalVariableDefs.obj (ECap5RegsFile)

ECap6RegsFile 
*          1    00006aa0    00000020     UNINITIALIZED
                  00006aa0    00000020     MLC_interface_lib.lib : DSP2833x_GlobalVariableDefs.obj (ECap6RegsFile)

EQep1RegsFile 
*          1    00006b00    00000040     UNINITIALIZED
                  00006b00    00000040     MLC_interface_lib.lib : DSP2833x_GlobalVariableDefs.obj (EQep1RegsFile)

EQep2RegsFile 
*          1    00006b40    00000040     UNINITIALIZED
                  00006b40    00000040     MLC_interface_lib.lib : DSP2833x_GlobalVariableDefs.obj (EQep2RegsFile)

GpioCtrlRegsFile 
*          1    00006f80    0000002e     UNINITIALIZED
                  00006f80    0000002e     MLC_interface_lib.lib : DSP2833x_GlobalVariableDefs.obj (GpioCtrlRegsFile)

GpioDataRegsFile 
*          1    00006fc0    00000020     UNINITIALIZED
                  00006fc0    00000020     MLC_interface_lib.lib : DSP2833x_GlobalVariableDefs.obj (GpioDataRegsFile)

GpioIntRegsFile 
*          1    00006fe0    0000000a     UNINITIALIZED
                  00006fe0    0000000a     MLC_interface_lib.lib : DSP2833x_GlobalVariableDefs.obj (GpioIntRegsFile)

SysCtrlRegsFile 
*          1    00007010    00000020     UNINITIALIZED
                  00007010    00000020     MLC_interface_lib.lib : DSP2833x_GlobalVariableDefs.obj (SysCtrlRegsFile)

SpiaRegsFile 
*          1    00007040    00000010     UNINITIALIZED
                  00007040    00000010     MLC_interface_lib.lib : DSP2833x_GlobalVariableDefs.obj (SpiaRegsFile)

SciaRegsFile 
*          1    00007050    00000010     UNINITIALIZED
                  00007050    00000010     MLC_interface_lib.lib : DSP2833x_GlobalVariableDefs.obj (SciaRegsFile)

XIntruptRegsFile 
*          1    00007070    00000010     UNINITIALIZED
                  00007070    00000010     MLC_interface_lib.lib : DSP2833x_GlobalVariableDefs.obj (XIntruptRegsFile)

AdcRegsFile 
*          1    00007100    0000001e     UNINITIALIZED
                  00007100    0000001e     MLC_interface_lib.lib : DSP2833x_GlobalVariableDefs.obj (AdcRegsFile)

ScibRegsFile 
*          1    00007750    00000010     UNINITIALIZED
                  00007750    00000010     MLC_interface_lib.lib : DSP2833x_GlobalVariableDefs.obj (ScibRegsFile)

ScicRegsFile 
*          1    00007770    00000010     UNINITIALIZED
                  00007770    00000010     MLC_interface_lib.lib : DSP2833x_GlobalVariableDefs.obj (ScicRegsFile)

I2caRegsFile 
*          1    00007900    00000022     UNINITIALIZED
                  00007900    00000022     MLC_interface_lib.lib : DSP2833x_GlobalVariableDefs.obj (I2caRegsFile)

.stack     1    0000e000    00000600     UNINITIALIZED
                  0000e000    00000600     --HOLE--

.econst    1    0000e600    0000018a     
                  0000e600    00000100     MLC_interface_lib.lib : DSP2833x_PieVect.obj (.econst)
                  0000e700    0000008a     01_LED_Display_Button.obj (.econst:.string)

.ebss      1    0000e78a    00000044     UNINITIALIZED
                  0000e78a    0000002d     MLC_interface_lib.lib : MLC_drv.obj (.ebss)
                  0000e7b7    00000001     --HOLE--
                  0000e7b8    00000008     main.obj (.ebss)
                  0000e7c0    00000006     01_LED_Display_Button.obj (.ebss)
                  0000e7c6    00000004     rts2800_fpu32.lib : exit.obj (.ebss)
                  0000e7ca    00000002                       : _lock.obj (.ebss:__lock)
                  0000e7cc    00000002                       : _lock.obj (.ebss:__unlock)

DMARAML6   1    0000e7ce    00000030     UNINITIALIZED
                  0000e7ce    00000030     MLC_interface_lib.lib : MLC_drv.obj (DMARAML6)

.reset     0    003fffc0    00000002     DSECT
                  003fffc0    00000002     rts2800_fpu32.lib : boot.obj (.reset)

csm_rsvd   0    0033ff80    00000000     DSECT

csmpasswds 
*          0    0033fff8    00000000     DSECT

CsmPwlFile 
*          1    0033fff8    00000008     UNINITIALIZED
                  0033fff8    00000008     MLC_interface_lib.lib : DSP2833x_GlobalVariableDefs.obj (CsmPwlFile)

PartIdRegsFile 
*          1    00380090    00000001     UNINITIALIZED
                  00380090    00000001     MLC_interface_lib.lib : DSP2833x_GlobalVariableDefs.obj (PartIdRegsFile)


GLOBAL DATA SYMBOLS: SORTED BY DATA PAGE

address     data page           name
--------    ----------------    ----
00000880      22 (00000880)     _DevEmuRegs

00000a80      2a (00000a80)     _FlashRegs

00000ae0      2b (00000ac0)     _CsmRegs

00000b00      2c (00000b00)     _AdcMirror
00000b20      2c (00000b00)     _XintfRegs

00000c00      30 (00000c00)     _CpuTimer0Regs
00000c08      30 (00000c00)     _CpuTimer1Regs
00000c10      30 (00000c00)     _CpuTimer2Regs

00000ce0      33 (00000cc0)     _PieCtrlRegs

00000d00      34 (00000d00)     _PieVectTable

00001000      40 (00001000)     _DmaRegs

00005000     140 (00005000)     _McbspaRegs

00005040     141 (00005040)     _McbspbRegs

00006000     180 (00006000)     _ECanaRegs

00006040     181 (00006040)     _ECanaLAMRegs

00006080     182 (00006080)     _ECanaMOTSRegs

000060c0     183 (000060c0)     _ECanaMOTORegs

00006100     184 (00006100)     _ECanaMboxes

00006200     188 (00006200)     _ECanbRegs

00006240     189 (00006240)     _ECanbLAMRegs

00006280     18a (00006280)     _ECanbMOTSRegs

000062c0     18b (000062c0)     _ECanbMOTORegs

00006300     18c (00006300)     _ECanbMboxes

00006800     1a0 (00006800)     _EPwm1Regs

00006840     1a1 (00006840)     _EPwm2Regs

00006880     1a2 (00006880)     _EPwm3Regs

000068c0     1a3 (000068c0)     _EPwm4Regs

00006900     1a4 (00006900)     _EPwm5Regs

00006940     1a5 (00006940)     _EPwm6Regs

00006a00     1a8 (00006a00)     _ECap1Regs
00006a20     1a8 (00006a00)     _ECap2Regs

00006a40     1a9 (00006a40)     _ECap3Regs
00006a60     1a9 (00006a40)     _ECap4Regs

00006a80     1aa (00006a80)     _ECap5Regs
00006aa0     1aa (00006a80)     _ECap6Regs

00006b00     1ac (00006b00)     _EQep1Regs

00006b40     1ad (00006b40)     _EQep2Regs

00006f80     1be (00006f80)     _GpioCtrlRegs

00006fc0     1bf (00006fc0)     _GpioDataRegs
00006fe0     1bf (00006fc0)     _GpioIntRegs

00007010     1c0 (00007000)     _SysCtrlRegs

00007040     1c1 (00007040)     _SpiaRegs
00007050     1c1 (00007040)     _SciaRegs
00007070     1c1 (00007040)     _XIntruptRegs

00007100     1c4 (00007100)     _AdcRegs

00007750     1dd (00007740)     _ScibRegs
00007770     1dd (00007740)     _ScicRegs

00007900     1e4 (00007900)     _I2caRegs

0000e000     380 (0000e000)     __stack

0000e600     398 (0000e600)     _PieVectTableInit

0000e78a     39e (0000e780)     _ad_conf
0000e78b     39e (0000e780)     _ad_soc_conf
0000e78c     39e (0000e780)     _temp
0000e78d     39e (0000e780)     _pwr_out_state
0000e78e     39e (0000e780)     _dbg_state
0000e790     39e (0000e780)     _pDAC_values
0000e792     39e (0000e780)     _AD_res_1
0000e794     39e (0000e780)     _AD_res_2
0000e796     39e (0000e780)     _AD_res_1_struct
0000e798     39e (0000e780)     _AD_res_3_struct
0000e79a     39e (0000e780)     _AD_res_2_struct
0000e79c     39e (0000e780)     _AD_res_3
0000e79e     39e (0000e780)     _pMLC_info_struct
0000e7a0     39e (0000e780)     _MLC_info_struct
0000e7a7     39e (0000e780)     _dac_sel_ch
0000e7af     39e (0000e780)     _dac_values
0000e7b8     39e (0000e780)     _tmp
0000e7b9     39e (0000e780)     _i
0000e7ba     39e (0000e780)     _y
0000e7bc     39e (0000e780)     _x
0000e7be     39e (0000e780)     _z

0000e7c6     39f (0000e7c0)     ___TI_cleanup_ptr
0000e7c8     39f (0000e7c0)     ___TI_dtors_ptr
0000e7ca     39f (0000e7c0)     __lock
0000e7cc     39f (0000e7c0)     __unlock
0000e7ce     39f (0000e7c0)     _AD_dma_res_2
0000e7de     39f (0000e7c0)     _AD_dma_res_3
0000e7ee     39f (0000e7c0)     _AD_dma_res_1

0033fff8    cfff (0033ffc0)     _CsmPwl

00380090    e002 (00380080)     _PartIdRegs


GLOBAL SYMBOLS: SORTED ALPHABETICALLY BY Name 

page  address   name                       
----  -------   ----                       
abs   ffffffff  .text                      
0     00009d24  C$$EXIT                    
0     00009bd1  FS$$DIV                    
0     00009802  _ADCINT_ISR                
0     00380080  _ADC_cal                   
1     0000e7ee  _AD_dma_res_1              
1     0000e7ce  _AD_dma_res_2              
1     0000e7de  _AD_dma_res_3              
1     0000e792  _AD_res_1                  
1     0000e796  _AD_res_1_struct           
1     0000e794  _AD_res_2                  
1     0000e79a  _AD_res_2_struct           
1     0000e79c  _AD_res_3                  
1     0000e798  _AD_res_3_struct           
1     00000b00  _AdcMirror                 
1     00007100  _AdcRegs                   
1     00000c00  _CpuTimer0Regs             
1     00000c08  _CpuTimer1Regs             
1     00000c10  _CpuTimer2Regs             
1     0033fff8  _CsmPwl                    
1     00000ae0  _CsmRegs                   
0     00009af9  _CsmUnlock                 
0     0000972e  _DATALOG_ISR               
0     00009924  _DINTCH1_ISR               
0     0000992e  _DINTCH2_ISR               
0     00009938  _DINTCH3_ISR               
0     00009942  _DINTCH4_ISR               
0     0000994c  _DINTCH5_ISR               
0     00009956  _DINTCH6_ISR               
0     00008064  _DSP28x_usDelay            
1     00000880  _DevEmuRegs                
0     00009a45  _DisableDog                
1     00001000  _DmaRegs                   
0     000099b0  _ECAN0INTA_ISR             
0     000099c4  _ECAN0INTB_ISR             
0     000099ba  _ECAN1INTA_ISR             
0     000099ce  _ECAN1INTB_ISR             
0     00009898  _ECAP1_INT_ISR             
0     000098a2  _ECAP2_INT_ISR             
0     000098ac  _ECAP3_INT_ISR             
0     000098b6  _ECAP4_INT_ISR             
0     000098c0  _ECAP5_INT_ISR             
0     000098ca  _ECAP6_INT_ISR             
1     00006040  _ECanaLAMRegs              
1     000060c0  _ECanaMOTORegs             
1     00006080  _ECanaMOTSRegs             
1     00006100  _ECanaMboxes               
1     00006000  _ECanaRegs                 
1     00006240  _ECanbLAMRegs              
1     000062c0  _ECanbMOTORegs             
1     00006280  _ECanbMOTSRegs             
1     00006300  _ECanbMboxes               
1     00006200  _ECanbRegs                 
1     00006a00  _ECap1Regs                 
1     00006a20  _ECap2Regs                 
1     00006a40  _ECap3Regs                 
1     00006a60  _ECap4Regs                 
1     00006a80  _ECap5Regs                 
1     00006aa0  _ECap6Regs                 
0     00009742  _EMUINT_ISR                
0     0000985c  _EPWM1_INT_ISR             
0     00009820  _EPWM1_TZINT_ISR           
0     00009866  _EPWM2_INT_ISR             
0     0000982a  _EPWM2_TZINT_ISR           
0     00009870  _EPWM3_INT_ISR             
0     00009834  _EPWM3_TZINT_ISR           
0     0000987a  _EPWM4_INT_ISR             
0     0000983e  _EPWM4_TZINT_ISR           
0     00009884  _EPWM5_INT_ISR             
0     00009848  _EPWM5_TZINT_ISR           
0     0000988e  _EPWM6_INT_ISR             
0     00009852  _EPWM6_TZINT_ISR           
1     00006800  _EPwm1Regs                 
1     00006840  _EPwm2Regs                 
1     00006880  _EPwm3Regs                 
1     000068c0  _EPwm4Regs                 
1     00006900  _EPwm5Regs                 
1     00006940  _EPwm6Regs                 
0     000098d4  _EQEP1_INT_ISR             
0     000098de  _EQEP2_INT_ISR             
1     00006b00  _EQep1Regs                 
1     00006b40  _EQep2Regs                 
0     00009cbe  _EnableInterrupts          
1     00000a80  _FlashRegs                 
1     00006f80  _GpioCtrlRegs              
1     00006fc0  _GpioDataRegs              
1     00006fe0  _GpioIntRegs               
0     00009960  _I2CINT1A_ISR              
0     0000996a  _I2CINT2A_ISR              
1     00007900  _I2caRegs                  
0     00009756  _ILLEGAL_ISR               
0     0000971a  _INT13_ISR                 
0     00009724  _INT14_ISR                 
0     00009a9e  _InitPeripheralClocks      
0     00009c9f  _InitPieCtrl               
0     00009cc7  _InitPieVectTable          
0     00009a4d  _InitPll                   
0     00009a32  _InitSysCtrl               
0     00009a14  _LUF_ISR                   
0     00009a0a  _LVF_ISR                   
0     0000943e  _MLC_ADC1_get_res_ptr      
0     0000944a  _MLC_ADC1_get_res_strptr   
0     00009456  _MLC_ADC1_read             
0     00009442  _MLC_ADC2_get_res_ptr      
0     0000944e  _MLC_ADC2_get_res_strptr   
0     0000945d  _MLC_ADC2_read             
0     00009446  _MLC_ADC3_get_res_ptr      
0     00009452  _MLC_ADC3_get_res_strptr   
0     00009464  _MLC_ADC3_read             
0     0000946b  _MLC_ADC_calc_volt         
0     000092ff  _MLC_ADC_disable_isr       
0     000092d6  _MLC_ADC_enable_isr        
0     000093e4  _MLC_ADC_read              
0     00009309  _MLC_ADC_reset             
0     0000939e  _MLC_ADC_setup             
0     000094a9  _MLC_ADC_setup_SOC         
0     00009347  _MLC_ADC_start_conv        
0     00009369  _MLC_ADC_start_one_conv    
0     000093d6  _MLC_ADC_wait              
0     0000950c  _MLC_DAC_control           
0     000094b6  _MLC_DAC_init              
0     00009513  _MLC_DAC_reset             
0     0000952b  _MLC_DAC_write             
0     00009710  _MLC_DBG_clear             
0     00009707  _MLC_DBG_set               
0     00009229  _MLC_DMA_activate          
0     00009224  _MLC_DMA_active            
0     000092b8  _MLC_DMA_ch_disable        
0     0000929a  _MLC_DMA_ch_enable         
0     00009237  _MLC_DMA_deactivate        
0     0000927d  _MLC_DMA_disable_isr       
0     00009245  _MLC_DMA_enable_isr        
0     000096e6  _MLC_FPGA_disable_isr_1    
0     000096d8  _MLC_FPGA_disable_isr_2    
0     000096af  _MLC_FPGA_enable_isr_1     
0     00009684  _MLC_FPGA_enable_isr_2     
0     00009497  _MLC_LCD_clrscr            
0     0000947b  _MLC_LCD_write_chr         
0     00009485  _MLC_LCD_write_str         
0     000096fd  _MLC_PWR_off               
0     000096f4  _MLC_PWR_on                
0     000095fa  _MLC_RS485_avail           
0     000095db  _MLC_RS485_dir             
0     0000964a  _MLC_RS485_init            
0     00009600  _MLC_RS485_recv            
0     00009607  _MLC_RS485_recv_timeout    
0     00009624  _MLC_RS485_send_char       
0     00009638  _MLC_RS485_send_str        
0     00009594  _MLC_SCI_char_avail        
0     0000954f  _MLC_SCI_init              
0     000095a0  _MLC_SCI_recv_char         
0     000095a8  _MLC_SCI_send_char         
0     000095b6  _MLC_SCI_send_char_nonblock
0     000095c7  _MLC_SCI_send_char_wait    
0     000095cf  _MLC_SCI_send_str          
0     0000959a  _MLC_SCI_wait_send         
0     00009219  _MLC_global_disable        
0     0000920e  _MLC_global_enable         
1     0000e7a0  _MLC_info_struct           
0     000091e8  _MLC_init                  
0     000091e6  _MLC_init_F2812            
0     0000900e  _MLC_init_F28335           
0     000091e5  _MLC_init_F28377S          
0     000091e7  _MLC_init_LS3137           
0     0000900a  _MLC_mem_speed_set         
0     00009006  _MLC_periph_speed_set      
0     00009910  _MRINTA_ISR                
0     000098fc  _MRINTB_ISR                
0     0000991a  _MXINTA_ISR                
0     00009906  _MXINTB_ISR                
1     00005000  _McbspaRegs                
1     00005040  _McbspbRegs                
0     0000974c  _NMI_ISR                   
0     00009a1e  _PIE_RESERVED              
1     00380090  _PartIdRegs                
1     00000ce0  _PieCtrlRegs               
1     00000d00  _PieVectTable              
1     0000e600  _PieVectTableInit          
0     00009738  _RTOSINT_ISR               
0     00009988  _SCIRXINTA_ISR             
0     0000999c  _SCIRXINTB_ISR             
0     00009974  _SCIRXINTC_ISR             
0     00009992  _SCITXINTA_ISR             
0     000099a6  _SCITXINTB_ISR             
0     0000997e  _SCITXINTC_ISR             
0     000097da  _SEQ1INT_ISR               
0     000097e4  _SEQ2INT_ISR               
0     000098e8  _SPIRXINTA_ISR             
0     000098f2  _SPITXINTA_ISR             
1     00007050  _SciaRegs                  
1     00007750  _ScibRegs                  
1     00007770  _ScicRegs                  
0     00009a3b  _ServiceDog                
1     00007040  _SpiaRegs                  
1     00007010  _SysCtrlRegs               
0     0000980c  _TINT0_ISR                 
0     000097bc  _USER10_ISR                
0     000097c6  _USER11_ISR                
0     000097d0  _USER12_ISR                
0     00009762  _USER1_ISR                 
0     0000976c  _USER2_ISR                 
0     00009776  _USER3_ISR                 
0     00009780  _USER4_ISR                 
0     0000978a  _USER5_ISR                 
0     00009794  _USER6_ISR                 
0     0000979e  _USER7_ISR                 
0     000097a8  _USER8_ISR                 
0     000097b2  _USER9_ISR                 
0     00009816  _WAKEINT_ISR               
0     000097ee  _XINT1_ISR                 
0     000097f8  _XINT2_ISR                 
0     000099d8  _XINT3_ISR                 
0     000099e2  _XINT4_ISR                 
0     000099ec  _XINT5_ISR                 
0     000099f6  _XINT6_ISR                 
0     00009a00  _XINT7_ISR                 
1     00007070  _XIntruptRegs              
1     00000b20  _XintfRegs                 
1     0000e600  __STACK_END                
abs   00000600  __STACK_SIZE               
1     0000e7c6  ___TI_cleanup_ptr          
1     0000e7c8  ___TI_dtors_ptr            
abs   ffffffff  ___binit__                 
abs   ffffffff  ___c_args__                
0     00008000  ___cinit__                 
abs   ffffffff  ___etext__                 
abs   ffffffff  ___pinit__                 
abs   ffffffff  ___text__                  
0     00009d0b  __args_main                
1     0000e7ca  __lock                     
0     00009d5c  __nop                      
0     00009d58  __register_lock            
0     00009d54  __register_unlock          
1     0000e000  __stack                    
1     0000e7cc  __unlock                   
0     00009d24  _abort                     
1     0000e78a  _ad_conf                   
1     0000e78b  _ad_soc_conf               
0     00009c59  _c_int00                   
1     0000e7a7  _dac_sel_ch                
1     0000e7af  _dac_values                
1     0000e78e  _dbg_state                 
0     00009cfa  _dma_transfer_end          
0     00009d26  _exit                      
1     0000e7b9  _i                         
0     00009b2a  _init_01                   
0     00009ce9  _isr_conv_end              
0     00009000  _isr_fpga1                 
0     00009005  _isr_fpga2                 
0     00009d3d  _main                      
1     0000e790  _pDAC_values               
1     0000e79e  _pMLC_info_struct          
1     0000e78d  _pwr_out_state             
0     00009a28  _rsvd_ISR                  
0     00009b4d  _run_01                    
1     0000e78c  _temp                      
1     0000e7b8  _tmp                       
1     0000e7bc  _x                         
1     0000e7ba  _y                         
1     0000e7be  _z                         
abs   ffffffff  binit                      
0     00008000  cinit                      
abs   ffffffff  etext                      
abs   ffffffff  pinit                      


GLOBAL SYMBOLS: SORTED BY Symbol Address 

page  address   name                       
----  -------   ----                       
0     00008000  ___cinit__                 
0     00008000  cinit                      
0     00008064  _DSP28x_usDelay            
0     00009000  _isr_fpga1                 
0     00009005  _isr_fpga2                 
0     00009006  _MLC_periph_speed_set      
0     0000900a  _MLC_mem_speed_set         
0     0000900e  _MLC_init_F28335           
0     000091e5  _MLC_init_F28377S          
0     000091e6  _MLC_init_F2812            
0     000091e7  _MLC_init_LS3137           
0     000091e8  _MLC_init                  
0     0000920e  _MLC_global_enable         
0     00009219  _MLC_global_disable        
0     00009224  _MLC_DMA_active            
0     00009229  _MLC_DMA_activate          
0     00009237  _MLC_DMA_deactivate        
0     00009245  _MLC_DMA_enable_isr        
0     0000927d  _MLC_DMA_disable_isr       
0     0000929a  _MLC_DMA_ch_enable         
0     000092b8  _MLC_DMA_ch_disable        
0     000092d6  _MLC_ADC_enable_isr        
0     000092ff  _MLC_ADC_disable_isr       
0     00009309  _MLC_ADC_reset             
0     00009347  _MLC_ADC_start_conv        
0     00009369  _MLC_ADC_start_one_conv    
0     0000939e  _MLC_ADC_setup             
0     000093d6  _MLC_ADC_wait              
0     000093e4  _MLC_ADC_read              
0     0000943e  _MLC_ADC1_get_res_ptr      
0     00009442  _MLC_ADC2_get_res_ptr      
0     00009446  _MLC_ADC3_get_res_ptr      
0     0000944a  _MLC_ADC1_get_res_strptr   
0     0000944e  _MLC_ADC2_get_res_strptr   
0     00009452  _MLC_ADC3_get_res_strptr   
0     00009456  _MLC_ADC1_read             
0     0000945d  _MLC_ADC2_read             
0     00009464  _MLC_ADC3_read             
0     0000946b  _MLC_ADC_calc_volt         
0     0000947b  _MLC_LCD_write_chr         
0     00009485  _MLC_LCD_write_str         
0     00009497  _MLC_LCD_clrscr            
0     000094a9  _MLC_ADC_setup_SOC         
0     000094b6  _MLC_DAC_init              
0     0000950c  _MLC_DAC_control           
0     00009513  _MLC_DAC_reset             
0     0000952b  _MLC_DAC_write             
0     0000954f  _MLC_SCI_init              
0     00009594  _MLC_SCI_char_avail        
0     0000959a  _MLC_SCI_wait_send         
0     000095a0  _MLC_SCI_recv_char         
0     000095a8  _MLC_SCI_send_char         
0     000095b6  _MLC_SCI_send_char_nonblock
0     000095c7  _MLC_SCI_send_char_wait    
0     000095cf  _MLC_SCI_send_str          
0     000095db  _MLC_RS485_dir             
0     000095fa  _MLC_RS485_avail           
0     00009600  _MLC_RS485_recv            
0     00009607  _MLC_RS485_recv_timeout    
0     00009624  _MLC_RS485_send_char       
0     00009638  _MLC_RS485_send_str        
0     0000964a  _MLC_RS485_init            
0     00009684  _MLC_FPGA_enable_isr_2     
0     000096af  _MLC_FPGA_enable_isr_1     
0     000096d8  _MLC_FPGA_disable_isr_2    
0     000096e6  _MLC_FPGA_disable_isr_1    
0     000096f4  _MLC_PWR_on                
0     000096fd  _MLC_PWR_off               
0     00009707  _MLC_DBG_set               
0     00009710  _MLC_DBG_clear             
0     0000971a  _INT13_ISR                 
0     00009724  _INT14_ISR                 
0     0000972e  _DATALOG_ISR               
0     00009738  _RTOSINT_ISR               
0     00009742  _EMUINT_ISR                
0     0000974c  _NMI_ISR                   
0     00009756  _ILLEGAL_ISR               
0     00009762  _USER1_ISR                 
0     0000976c  _USER2_ISR                 
0     00009776  _USER3_ISR                 
0     00009780  _USER4_ISR                 
0     0000978a  _USER5_ISR                 
0     00009794  _USER6_ISR                 
0     0000979e  _USER7_ISR                 
0     000097a8  _USER8_ISR                 
0     000097b2  _USER9_ISR                 
0     000097bc  _USER10_ISR                
0     000097c6  _USER11_ISR                
0     000097d0  _USER12_ISR                
0     000097da  _SEQ1INT_ISR               
0     000097e4  _SEQ2INT_ISR               
0     000097ee  _XINT1_ISR                 
0     000097f8  _XINT2_ISR                 
0     00009802  _ADCINT_ISR                
0     0000980c  _TINT0_ISR                 
0     00009816  _WAKEINT_ISR               
0     00009820  _EPWM1_TZINT_ISR           
0     0000982a  _EPWM2_TZINT_ISR           
0     00009834  _EPWM3_TZINT_ISR           
0     0000983e  _EPWM4_TZINT_ISR           
0     00009848  _EPWM5_TZINT_ISR           
0     00009852  _EPWM6_TZINT_ISR           
0     0000985c  _EPWM1_INT_ISR             
0     00009866  _EPWM2_INT_ISR             
0     00009870  _EPWM3_INT_ISR             
0     0000987a  _EPWM4_INT_ISR             
0     00009884  _EPWM5_INT_ISR             
0     0000988e  _EPWM6_INT_ISR             
0     00009898  _ECAP1_INT_ISR             
0     000098a2  _ECAP2_INT_ISR             
0     000098ac  _ECAP3_INT_ISR             
0     000098b6  _ECAP4_INT_ISR             
0     000098c0  _ECAP5_INT_ISR             
0     000098ca  _ECAP6_INT_ISR             
0     000098d4  _EQEP1_INT_ISR             
0     000098de  _EQEP2_INT_ISR             
0     000098e8  _SPIRXINTA_ISR             
0     000098f2  _SPITXINTA_ISR             
0     000098fc  _MRINTB_ISR                
0     00009906  _MXINTB_ISR                
0     00009910  _MRINTA_ISR                
0     0000991a  _MXINTA_ISR                
0     00009924  _DINTCH1_ISR               
0     0000992e  _DINTCH2_ISR               
0     00009938  _DINTCH3_ISR               
0     00009942  _DINTCH4_ISR               
0     0000994c  _DINTCH5_ISR               
0     00009956  _DINTCH6_ISR               
0     00009960  _I2CINT1A_ISR              
0     0000996a  _I2CINT2A_ISR              
0     00009974  _SCIRXINTC_ISR             
0     0000997e  _SCITXINTC_ISR             
0     00009988  _SCIRXINTA_ISR             
0     00009992  _SCITXINTA_ISR             
0     0000999c  _SCIRXINTB_ISR             
0     000099a6  _SCITXINTB_ISR             
0     000099b0  _ECAN0INTA_ISR             
0     000099ba  _ECAN1INTA_ISR             
0     000099c4  _ECAN0INTB_ISR             
0     000099ce  _ECAN1INTB_ISR             
0     000099d8  _XINT3_ISR                 
0     000099e2  _XINT4_ISR                 
0     000099ec  _XINT5_ISR                 
0     000099f6  _XINT6_ISR                 
0     00009a00  _XINT7_ISR                 
0     00009a0a  _LVF_ISR                   
0     00009a14  _LUF_ISR                   
0     00009a1e  _PIE_RESERVED              
0     00009a28  _rsvd_ISR                  
0     00009a32  _InitSysCtrl               
0     00009a3b  _ServiceDog                
0     00009a45  _DisableDog                
0     00009a4d  _InitPll                   
0     00009a9e  _InitPeripheralClocks      
0     00009af9  _CsmUnlock                 
0     00009b2a  _init_01                   
0     00009b4d  _run_01                    
0     00009bd1  FS$$DIV                    
0     00009c59  _c_int00                   
0     00009c9f  _InitPieCtrl               
0     00009cbe  _EnableInterrupts          
0     00009cc7  _InitPieVectTable          
0     00009ce9  _isr_conv_end              
0     00009cfa  _dma_transfer_end          
0     00009d0b  __args_main                
0     00009d24  C$$EXIT                    
0     00009d24  _abort                     
0     00009d26  _exit                      
0     00009d3d  _main                      
0     00009d54  __register_unlock          
0     00009d58  __register_lock            
0     00009d5c  __nop                      
0     00380080  _ADC_cal                   
1     00000880  _DevEmuRegs                
1     00000a80  _FlashRegs                 
1     00000ae0  _CsmRegs                   
1     00000b00  _AdcMirror                 
1     00000b20  _XintfRegs                 
1     00000c00  _CpuTimer0Regs             
1     00000c08  _CpuTimer1Regs             
1     00000c10  _CpuTimer2Regs             
1     00000ce0  _PieCtrlRegs               
1     00000d00  _PieVectTable              
1     00001000  _DmaRegs                   
1     00005000  _McbspaRegs                
1     00005040  _McbspbRegs                
1     00006000  _ECanaRegs                 
1     00006040  _ECanaLAMRegs              
1     00006080  _ECanaMOTSRegs             
1     000060c0  _ECanaMOTORegs             
1     00006100  _ECanaMboxes               
1     00006200  _ECanbRegs                 
1     00006240  _ECanbLAMRegs              
1     00006280  _ECanbMOTSRegs             
1     000062c0  _ECanbMOTORegs             
1     00006300  _ECanbMboxes               
1     00006800  _EPwm1Regs                 
1     00006840  _EPwm2Regs                 
1     00006880  _EPwm3Regs                 
1     000068c0  _EPwm4Regs                 
1     00006900  _EPwm5Regs                 
1     00006940  _EPwm6Regs                 
1     00006a00  _ECap1Regs                 
1     00006a20  _ECap2Regs                 
1     00006a40  _ECap3Regs                 
1     00006a60  _ECap4Regs                 
1     00006a80  _ECap5Regs                 
1     00006aa0  _ECap6Regs                 
1     00006b00  _EQep1Regs                 
1     00006b40  _EQep2Regs                 
1     00006f80  _GpioCtrlRegs              
1     00006fc0  _GpioDataRegs              
1     00006fe0  _GpioIntRegs               
1     00007010  _SysCtrlRegs               
1     00007040  _SpiaRegs                  
1     00007050  _SciaRegs                  
1     00007070  _XIntruptRegs              
1     00007100  _AdcRegs                   
1     00007750  _ScibRegs                  
1     00007770  _ScicRegs                  
1     00007900  _I2caRegs                  
1     0000e000  __stack                    
1     0000e600  _PieVectTableInit          
1     0000e600  __STACK_END                
1     0000e78a  _ad_conf                   
1     0000e78b  _ad_soc_conf               
1     0000e78c  _temp                      
1     0000e78d  _pwr_out_state             
1     0000e78e  _dbg_state                 
1     0000e790  _pDAC_values               
1     0000e792  _AD_res_1                  
1     0000e794  _AD_res_2                  
1     0000e796  _AD_res_1_struct           
1     0000e798  _AD_res_3_struct           
1     0000e79a  _AD_res_2_struct           
1     0000e79c  _AD_res_3                  
1     0000e79e  _pMLC_info_struct          
1     0000e7a0  _MLC_info_struct           
1     0000e7a7  _dac_sel_ch                
1     0000e7af  _dac_values                
1     0000e7b8  _tmp                       
1     0000e7b9  _i                         
1     0000e7ba  _y                         
1     0000e7bc  _x                         
1     0000e7be  _z                         
1     0000e7c6  ___TI_cleanup_ptr          
1     0000e7c8  ___TI_dtors_ptr            
1     0000e7ca  __lock                     
1     0000e7cc  __unlock                   
1     0000e7ce  _AD_dma_res_2              
1     0000e7de  _AD_dma_res_3              
1     0000e7ee  _AD_dma_res_1              
1     0033fff8  _CsmPwl                    
1     00380090  _PartIdRegs                
abs   00000600  __STACK_SIZE               
abs   ffffffff  .text                      
abs   ffffffff  ___binit__                 
abs   ffffffff  ___c_args__                
abs   ffffffff  ___etext__                 
abs   ffffffff  ___pinit__                 
abs   ffffffff  ___text__                  
abs   ffffffff  binit                      
abs   ffffffff  etext                      
abs   ffffffff  pinit                      

[264 symbols]
